TBLVER=MS;Table version; No message ; *
TBLDATE=MS;Table date; No message ; *
FILESIZE=Md;File size; No message ; *
RBSERIAL=Us;Robot serial number; No message ; *
RLNG=Ud;Robot program type(1:MELFA-BASIC4/2:MELFA-BASIC5); No message ; *
RLNGSPEC=Mx;Selectable robot program type (bit0:MMC/bit1:MB4/bit2:MB5); No message ; *
DOORSWCQ=Md;Door switch check(0:not avail 1:avail); No message ; *
ALIGNTYP=Ud;Align type select(0:Normal,1:Cylindrical); No message ; *
MEAXS=Ml;Number of joint axis; No message ; *
MEJSTR=Mx;JOINT axis exist pattern (cal/disp); No message ; *
MEPSTR=Mx;POSE axis exist pattern (cal); No message ; *
MEPDST=Mx;POSE axis exist pattern (disp); No message ; *
MECSTR=Mx;CYLINDER axis exist pattern; No message ; *
MEJUNT=Mx;Joint axis unit (1:mm/0:deg); No message ; *
MEPUNT=Mx;POSE axis unit (1:mm/0:deg); No message ; *
MECUNT=Mx;CYLINDER axis unit (1:mm/0:deg); No message ; *
MEMFL1=Sl;Initial value for posture flag 1; No message ; *
MEMFL2=Sl;Initial value for posture flag 2; No message ; *
MESFLG=My;bit mask for posture flags; No message ; *
MEJDP=MS;Display character for JOINT data; No message ; *
MEPDP=MS;Display character for POSE data; No message ; *
MECDP=MS;Display character for CYLINDER data; No message ; *
MELDP=MS;Display character for POSE-JOINT data; No message ; *
DISPCTYP=Ud;Multi rotation representation system ON/OFF = 1/0; No message ; *
MEXBS=Ug;Standard base coordinate; No message ; *
MEXTL=Ug;Standard tool coordinate; No message ; *
MEXTLNO=Ui;TOOL No.; No message ; *
MEXTL1=Ug;Tool coordinate data 1; No message ; *
MEXTL2=Ug;Tool coordinate data 2; No message ; *
MEXTL3=Ug;Tool coordinate data 3; No message ; *
MEXTL4=Ug;Tool coordinate data 4; No message ; *
MEXTL5=Ug;Tool coordinate data 5; No message ; *
MEXTL6=Ug;Tool coordinate data 6; No message ; *
MEXTL7=Ug;Tool coordinate data 7; No message ; *
MEXTL8=Ug;Tool coordinate data 8; No message ; *
MEXTL9=Ug;Tool coordinate data 9; No message ; *
MEXTL10=Ug;Tool coordinate data 10; No message ; *
MEXTL11=Ug;Tool coordinate data 11; No message ; *
MEXTL12=Ug;Tool coordinate data 12; No message ; *
MEXTL13=Ug;Tool coordinate data 13; No message ; *
MEXTL14=Ug;Tool coordinate data 14; No message ; *
MEXTL15=Ug;Tool coordinate data 15; No message ; *
MEXTL16=Ug;Tool coordinate data 16; No message ; *
MEXSBS=Ug;Base coordinate data for system; No message ; *
MEXSTL=Ug;Tool coordinate data for system; No message ; *
MEARM=Mf;Length of arm; No message ; *
MEARMS=Mf;Length of shoulder shift; No message ; *
TLC=Us;Direction for TL/MT/MTS commands; No message ; *
MEMARF=Ud;ABS limit check ON/OFF = 1/0; No message ; *
MEMAR=Uf;ABS motion limit -/+(deg,mm); No message ; *
MEJAR=Uf;Joint motion limit -/+(deg,mm); No message ; *
MEPAR=Uf;XYZ motion limit(mm) -X,+X,-Y,+Y,-Z,+Z; No message ; *
MECAR=Uf;Cylinder motion limit (radius from center) [mm], J2 limit angle(deg); No message ; *
ZPC1=Md;sv001; No message ; *
ZPC2=Md;sv002; No message ; *
ZENC1=Md;sv003; No message ; *
ZSV004=Md;sv004; No message ; *
ZSPEC1=Mx;sv005; No message ; *
ZSPEC2=Mx;sv006; No message ; *
ZSPEC3=Mx;sv007; No message ; *
ZSSF1=Mx;sv008; No message ; *
ZSSF2=Mx;sv009; No message ; *
ZSSF3=Mx;sv010; No message ; *
ZMTYP=Mx;sv011; No message ; *
ZPTYP=Mx;sv012; No message ; *
ZPGN1=Sd;Position loop gain 1 [rad/s]; No message ; *
ZPGN2=Md;sv014; No message ; *
ZPGN3=Md;sv015; No message ; *
ZVGN1=Sd;Speed loop gain 1; No message ; *
ZVGN2=Md;sv017; No message ; *
ZVGN3=Md;sv018; No message ; *
ZSV019=Md;sv019; No message ; *
ZVIA=Sd;Speed loop integral gain; No message ; *
ZODEMG=Md;sv021; No message ; *
ZSV022=Md;sv022; No message ; *
ZFFC=Md;sv023; No message ; *
ZTOF=Md;sv024; No message ; *
ZIQA=Md;sv025; No message ; *
ZIDA=Md;sv026; No message ; *
ZIQG=Md;sv027; No message ; *
ZIDG=Md;sv028; No message ; *
ZFHZ1=Ud;Notch frequency 1 [Hz] (Machine resonance suppression filter); No message ; *
ZFHZ2=Ud;Notch frequency 2 [Hz] (Machine resonance suppression filter); No message ; *
ZFHZ4=Md;sv031; No message ; *
ZFHZ5=Md;sv032; No message ; *
ZNFD=Ux;Notch depth selection (Machine resonance suppression filter); No message ; *
ZIQFT=Ud;Low-pass filter time constant (electric current command) [0.1ms]; No message ; *
ZJL=Md;sv035; No message ; *
ZOB1=Md;sv036; No message ; *
ZOB2=Md;sv037; No message ; *
ZMSFT=Md;sv038; No message ; *
ZEC1=Md;sv039; No message ; *
ZTDC1=Md;sv040; No message ; *
ZOVC=Md;sv041; No message ; *
ZICX=Md;sv042; No message ; *
ZICY=Md;sv043; No message ; *
ZIB1=Md;sv044; No message ; *
ZINP=Md;sv045; No message ; *
ZZSP=Md;sv046; No message ; *
ZILT1=Md;sv047; No message ; *
ZILT2=Md;sv048; No message ; *
ZOLT=Md;sv049; No message ; *
ZOLL1=Md;sv050; No message ; *
ZOLL2=Md;sv051; No message ; *
ZOLL3=Md;sv052; No message ; *
ZOD1=Md;sv053; No message ; *
ZOD2=Md;sv054; No message ; *
ZOD3=Md;sv055; No message ; *
ZORRW=Md;sv056; No message ; *
ZORTL=Md;sv057; No message ; *
ZEMGRT=Md;sv058; No message ; *
ZEMGXT=Md;sv059; No message ; *
ZEMGT=Md;sv060; No message ; *
ZEMGDLY=Md;sv061; No message ; *
ZDA1NO=Md;sv062; No message ; *
ZDA2NO=Md;sv063; No message ; *
ZDA1MPY=Md;sv064; No message ; *
ZDA2MPY=Md;sv065; No message ; *
ZTMXQ=Md;sv066; No message ; *
ZTMXD=Md;sv067; No message ; *
ZONGT=Md;sv068; No message ; *
ZTMXV=Md;sv069; No message ; *
ZONGV=Md;sv070; No message ; *
ZPDIZ=Md;sv071; No message ; *
ZEMGREV=Md;sv072; No message ; *
ZOVS=Md;sv073; No message ; *
ZIQFL=Sd;Number of electric current command filter; No message ; *
ZOLW=Md;sv077; No message ; *
ZATYP=Mx;sv078; No message ; *
ZFAN=Mx;sv079; No message ; *
ZMPGN1=Sd;Model loop gain 1 [rad/s]; No message ; *
ZMPGN2=Md;sv081; No message ; *
ZMPGN3=Md;sv082; No message ; *
ZLMC1=Sd;Lost motion correction value 1; No message ; *
ZLMC2=Sd;Lost motion correction value 2; No message ; *
ZLMCT=Md;sv085; No message ; *
ZLMCD=Md;sv086; No message ; *
ZVSC1RPM=Md;sv087; No message ; *
ZSV088=Md;sv088; No message ; *
ZSV089=Md;sv089; No message ; *
ZSV090=Md;sv090; No message ; *
ZSV091=Md;sv091; No message ; *
ZSV092=Md;sv092; No message ; *
ZSV093=Md;sv093; No message ; *
ZSV094=Md;sv094; No message ; *
ZSV095=Md;sv095; No message ; *
ZSV096=Md;sv096; No message ; *
ZSV097=Md;sv097; No message ; *
ZORTL2=Md;sv098; No message ; *
ZVSC1VGL=Md;sv099; No message ; *
ZGDR=Md;sv100; No message ; *
ZGDRRPM=Md;sv101; No message ; *
ZTMOF=Md;sv102 Offset of temperature (ENC) [deg]; No message ; *
ZTMXC=Md;sv103; No message ; *
ZILT3=Md;sv104; No message ; *
ZLMC3=Md;Lost motion correction value 3; No message ; *
ZRRDBG1=Md;Regeneration resistance test condition 1; No message ; *
ZRRDBG2=Md;Regeneration resistance test condition 2; No message ; *
FBGAIN=Ud;Adjustment coefficient of feedback gain [%] (50-150); No message ; *
PYLDMODE=Ud;Payload mode(0:Standard, 1:High); No message ; *
PYLDPGN1=Sd;Adjustment coefficient of position loop gain of high payload mode [%] (1-200); No message ; *
PYLDVIA=Sd;Adjustment coefficient of speed loop integral gain of high payload mode [%] (1-200); No message ; *
PYLDACTG=Sd;Adjustment coefficient of active gain of high payload mode [%] (1-200); No message ; *
ORGNO=Md;Memory type of install; No message ; *
MEORGNO=Md;Memory type of install of each axis; No message ; *
USERORG=Uf;User defined origin (Joint coordinate); No message ; *
MORG=Uf;Mechanical stopper origin (Joint coordinate); No message ; *
EORG=Mf;JIGU origin (Joint coordinate); No message ; *
AORG=Mf;ABS origin (Joint coordinate); No message ; *
IORG=Mf;IMARK origin (Joint coordinate); No message ; *
XORG=Mf;Others origin (Joint coordinate); No message ; *
UAORG=Sf;User ABS origin (Joint coordinate); No message ; *
JSAFE=Uf;Home position (Joint coordinate); No message ; *
ESCMODE=Ud;Mode of moving to the safe point. (0:Fixed TCP/Fixed mechanical I/F); No message ; *
J1OFFSET=Mf;J1 axis offset (enable/disable, offset angle [deg]); No message ; *
PRGDPNTM=Ud;Decimal place; No message ; *
LUMP=Ud;Spec of lump on robot(1/2=servo on/operation enable; No message ; *
JGJ=MF;Not used; No message ; *
ACCELMAX=Mf;Maximum for ACCEL command; No message ; *
JACL=Mg;Accelerate period [sec] (Joint); No message ; *
JDCL=Mg;Decelerate period [sec] (Joint); No message ; *
JSDCL=Mg;Stop period [sec] (Joint); No message ; *
JEDCL=Mg;Emergency stop period [sec] (Joint); No message ; *
PACL=Mg;Accelerate period [sec] (XYZ); No message ; *
PDCL=Mg;Decelerate period [sec] (XYZ); No message ; *
PSDCL=Mg;Stop period [sec] (XYZ); No message ; *
PEDCL=Mg;Emergency stop period [sec] (XYZ); No message ; *
MEGRTN=Ml;Numerator of gear ratio; No message ; *
MEGRTD=Ml;Denominator of gear ratio; No message ; *
MEBLTN=Ml;; No message ; *
MEBLTD=Ml;; No message ; *
MEMREV=Ml;Rated speed of motor [rpm]; No message ; *
MEMREV2=Ml;Rated speed of motor(2) [rpm]; No message ; *
MEJMX=Md;Speed limit of motor[rpm]; No message ; *
MEENCR=Ml;Pulse of encoder; No message ; *
MEENCMTB=Ml;Range of encoder multi turn data (0-32bits); No message ; *
MESJAP=Md;AMP No. for robot axis; No message ; *
MESPOL=Mx;Round direction (CW/CCW = 0/1); No message ; *
MEPCTL=Mx;Type of position command (INC/ABS=0/1); No message ; *
SGCT=Md;Time for servo on gain; No message ; *
MEMECH=Ms;Name of ME module; No message ; *
MEMECSUB=Md;Sub category of ME module; No message ; *
MEBRJ=Sl;brake release (0:not avail 1:avail; No message ; *
MEBRJAX=Ml;AMP No. for brake release command; No message ; *
MEBRAL=Ml;Type of brake release (0:normal 1:intermittent); No message ; *
MEBKTI=Ml;Time for intermittent brake release [ms] (Lock,Release); No message ; *
BRKMD=Ul;Brake Release Mode 0/1=Normal/Timer; No message ; *
BRKHWFL=Sd;Filter length of brake release switch. Rising,Falling,FS-interval.(ms,ms,num); No message ; *
MELTEX=Mf;Close to body limit; No message ; *
MELTEX2=Mf;Close to body limit 2; No message ; *
MELTEX3=Mf;Close to body limit 3; No message ; *
MELTEXS=Ud;Specification of closing to body limit.(The meaning is different depending on the model.; No message ; *
KPPOSTMG=Md;Servo ON Keep Pos Timing. 0/1=normal/existing no brake axis; No message ; *
POSCHKAX=Mx;position check axis. all axis=0xffff; No message ; *
MEOD4=Md;OD by controller(ratio vs encoder pulse %); No message ; *
RCD=Ud;Wrist coordinate Old  type(3)/Ceiling(2)/Joint(1)/General(0); No message ; *
TKPC=Ud;No speed over check ON/OFF = 1/0; No message ; *
IPOLABC=Md;Wrist coordinate type for MVS; No message ; *
IPOLTYP=Md;Default TYPE for MVS/MVR; No message ; *
PMX=Mf;Maximum speed for MVS [mm/s]; No message ; *
PNRM=Mf;Coefficient for MVS; No message ; *
PVMX=Mf;Maximum speed for MVS [mm/s] (each axis); No message ; *
JOVRD=Mf;Coefficient for MOV; No message ; *
OPTOVC=Uf;Optimum override control adjustment coefficient (0.30 to 1.00); No message ; *
RETLMT=Uf;Not used; No message ; *
HANDINIT=Ud;Initial status for air hand I/F; No message ; *
HANDTYPE=Us;Control type for HAND1-8 (single/double/special=S***/D***/UMAC*); No message ; *
HANDDLY=Ud;Initial value of GC/GO HAND Open or Close delay; No message ; *
AXSYNC=Ud;Synchronized moving with L1,L2 axis (ON/OFF = 7or8/0); No message ; *
AXDIR=Uf;Direction for synchronized moving (around base coordinate axis X, axis Y, axis Z); No message ; *
LMTPLS=Ml;Maintain Pulse of fall(Servo off); No message ; *
MXTEXE=Md;MXT/MXS Enable 1/0 = Enable/Disable; No message ; *
CMDSPEC=Mx;Spec of commands; No message ; *
FANMON=Mx;Bit specification of cooling fan monitor(1/0=ON/OFF); No message ; *
VELSPEC=Ux;Function of acceleration/deceleration; No message ; *
PLTSPEC=Ud;Specification of command DEF PLT; No message ; *
MEMKSTL=Mf;Adjustment of motor stillness judgment (threshold, min.(rot.motor), min.(linear motor)); No message ; *
SVPC1=Md;sv001 PC1; No message ; *
SVRSYS=Mx;rb1281 RSYS; No message ; *
SVEMGDLY=Md;Time from EMG to S/W EMG [ms]; No message ; *
SVEMGCFG=Ud;Keep EMG locus 1/0 = Enable/Disable; No message ; *
SVSPFUNC=Mx;Servo Special Function; No message ; *
SVOFFTIM=Md;Minimum Time of Servo off(msec); No message ; *
SVOFFSTD=Md;Standard Time of Servo off(msec); No message ; *
SVONSTD=Md;Standard Time of Servo on(msec); No message ; *
SVRCRG=Mx;Regenerative control setting according to R/C type; No message ; *
OLTMX=Ud;Ambient temperature (MAX) [deg]; No message ; *
OLTMXLT=Md;Limit of OLTMX [deg]; No message ; *
OLPTM=Md;Permissible temperature (Motor) [deg]; No message ; *
OLPTE=Md;Permissible temperature (ENC) [deg]; No message ; *
OLCMX=Md;Limit of ZOLL calculation value; No message ; *
OLCAM=Mf;Coefficient A for ZOLL calculation (Motor); No message ; *
OLCBM=Mf;Coefficient B for ZOLL calculation (Motor); No message ; *
OLCAE=Mf;Coefficient A for ZOLL calculation (ENC); No message ; *
OLCBE=Mf;Coefficient B for ZOLL calculation (ENC); No message ; *
OLOH=Md;Detection temperature of motor overheat error [deg]; No message ; *
OLOHW=Md;Detection temperature of motor overheat warning [deg]; No message ; *
MOHW=Ud;Setting of motor overheat warning [1=enable / 0=disable]; No message ; *
MEAXIFTP=Md;Interference type; No message ; *
MEAXIFN=Md;Interference ratio Numerator; No message ; *
MEAXIFD=Md;Interference ratio Denominator; No message ; *
MESLRT=Mf;Ratio (J3 max speed and JMX); No message ; *
MEIFAX=Mx;Interference axis pattern; No message ; *
VFLJK=Sl;Type of speed filter (Joint); No message ; *
VFLJL=Sf;Length of speed filter [ms] (Joint); No message ; *
VFLJL1=Sf;Length of period 1 for speed filter [ms] (Joint); No message ; *
VFLJW1=Sf;Weight of period 1 for speed filter (Joint); No message ; *
VFLJE=Sf;End of speed filter (Joint); No message ; *
VFLPK=Sl;Type of speed filter (POSE); No message ; *
VFLPL=Sf;Length of speed filter [ms] (POSE); No message ; *
VFLPL1=Sf;Length of period 1 for speed filter [ms] (POSE); No message ; *
VFLPW1=Sf;Weight of period 1 for speed filter (POSE); No message ; *
VFLPE=Sf;End of speed filter (POSE); No message ; *
CPDST=Uf;CHPOS limit; No message ; *
MEOPFL=Mf;OP OVRD filter [it]; No message ; *
MEOPVCF=Mf;OP OVRD velocity modification coefficient; No message ; *
OVOR=Sd;Type of Optimal speed control for wrist coordinate; No message ; *
IPLFUNC=My;Flag of Interpolation Functions; No message ; *
TRMECH=Md;Type of robot for tracking; No message ; *
TRADJ1=Uf;Coefficient1 of adjustment for tracking; No message ; *
TRADJ2=Uf;Coefficient2 of adjustment for tracking; No message ; *
TRPVMX=Mf;Ratio of maximum speed for tracking(MVS); No message ; *
TRJVMX=Mf;Ratio of maximum speed for tracking(MOV); No message ; *
TRPACL=Uf;Ratio of acceleration time for tracking(MVS); No message ; *
TRPDCL=Uf;Ratio of deceleration time for tracking(MVS); No message ; *
TRJACL=Mf;Ratio of acceleration time for tracking(MOV); No message ; *
TRJDCL=Mf;Ratio of deceleration time for tracking(MOV); No message ; *
TROADL=Mf;Ratio of optimal acceleration time for tracking; No message ; *
TRSYDST=Mf;Threshold distance for tracking[mm]; No message ; *
TRSYRT=Mf;Ratio of acceleration during tracking motion; No message ; *
TRVFL=Mf;Ratio of velocity command filter for tracking; No message ; *
ACCMODE=Ud;Initial value of acceleration/deceleration mode(0:Fixed value,1:Optimum value); No message ; *
MEGDIR=Sf;Direction of gravity; No message ; *
MELNKM=Sf;Link weight [W1-W6]; No message ; *
MELNKM2=Sf;Link weight [W7-W12]; No message ; *
LOADMODE=Md;Switch of the max payload mode (1:RH18Kg / 0:RH20Kg); No message ; *
MINJOVRD=Mg;Lower limit of Joint OVRD by OADL; No message ; *
METMAX1=Sf;Torq limit [Nm] (speed 0) OADL; No message ; *
METMAX2=Sf;Torq limit [Nm] (Maximum speed) OADL; No message ; *
MEINFPT=Sg;Inflection point of speed-Torq curve OADL; No message ; *
MEVBTOR=Sf;revise torq [Nm] (OADL); No message ; *
MEVELMAX=Sg;Maximum link speed [rad/s],[mm/s]; No message ; *
MELVEL=Sf;Default speed for MVS (OADL); No message ; *
METORLMT=Sf;Ratio of torq for optimal max speed; No message ; *
MECALRPT=Sd;Number of calculation for optimal control (OADL); No message ; *
MEOPTOVR=Sd;Optimal OVRD ON/OFF = 1/0 (OADL); No message ; *
MEADJSPD=Sd;Optimal max speed ON/OFF = 1/0 (OADL); No message ; *
ACLLJ=Sg;Minimum and maximum of acceleration period [sec] (Joint) OADL; No message ; *
ADLLJ=Sg;Minimum and maximum of deceleration period [sec] (Joint) OADL; No message ; *
ACLLP=Sg;Minimum and maximum of acceleration period [sec] (POSE) OADL; No message ; *
ADLLP=Sg;Minimum and maximum of deceleration period [sec] (POSE) OADL; No message ; *
ADLCOEF=Sf;Coefficient (Acc,Dcc) OADL; No message ; *
AMNJ=Sg;; No message ; *
DMNJ=Sg;; No message ; *
AMNP=Sg;; No message ; *
DMNP=Sg;; No message ; *
AMXJ=Sg;; No message ; *
DMXJ=Sg;; No message ; *
AMXP=Sg;; No message ; *
DMXP=Sg;; No message ; *
MECOEFJ=Sf;Coefficient for joint(Acc,Dcc) OADL; No message ; *
MECOEFP=Sf;Coefficient for POSE(Acc,Dcc) OADL; No message ; *
MEFILJON=Sd;Consider move average for OADL (Joint); No message ; *
MEFILPON=Sd;Consider move average for OADL (POSE); No message ; *
ACLSPEC1=Md;Using correction rate of OADL (1:Use/0:Not); No message ; *
ACLSPEC2=Mx;Using Speed/Torq over limit of OADL (Bit0:speed,Bit1:torq); No message ; *
ACLPSPDR=Mf;Correction rate of straight OADL (Speed limit:ovrd2min); No message ; *
JADL=Uf;Initial value of OADL correction rate (unit of axis) [%]; No message ; *
JADLSPEC=Ud;Processing mode of OADL correction rate (1:new/0:past); No message ; *
OPTOVC2A=Mf;Correction value A of OADL_P (optovc2amin,ovrd2min1,ovrd2min2); No message ; *
OPTOVC2B=Mf;Correction value B of OADL_P (optovc2amin,kgt21,kgt22); No message ; *
MECTRCJ=Mf;Correction threshold for repetition calc of Oadl[Mov] (Acc,Dec); No message ; *
MECTRCP=Mf;Correction threshold for repetition calc of Oadl[Mvs] (Acc,Dec); No message ; *
OADLFUNC=Mx;Function setting of Oadl; No message ; *
MEPMLEN=Mf;Distance of previous movement effect [mm]; No message ; *
MEVBTOR2=Mf;revise torq 2 [Nm]; No message ; *
MEMAPJ0=Mg;; No message ; *
MEMAPJ1=Md;; No message ; *
MEMAPJ2=Md;; No message ; *
MEMAPJ3=Mg;; No message ; *
MEMAPJ4=Mg;; No message ; *
MEMAPJ5=Mg;; No message ; *
MEMAPJ6=Mg;; No message ; *
MEMAPJ7=Mg;; No message ; *
MEMAPJ8=Md;; No message ; *
MEMAPJ9=Mg;; No message ; *
MEMAPP0=Mg;; No message ; *
MEMAPP1=Md;; No message ; *
MEMAPP2=Md;; No message ; *
MEMAPP3=Mg;; No message ; *
MEMAPP4=Mg;; No message ; *
MEMAPP5=Mg;; No message ; *
MEMAPP6=Mg;; No message ; *
MEMAPP7=Mg;; No message ; *
MEMAPP8=Md;; No message ; *
MEMAPP9=Mg;; No message ; *
MEMAPR0=Mg;; No message ; *
MEMAPR1=Md;; No message ; *
MEMAPR2=Md;; No message ; *
MEMAPR3=Mg;; No message ; *
MEMAPR4=Mg;; No message ; *
MEMAPR5=Mg;; No message ; *
MEMAPR6=Mg;; No message ; *
MEMAPR7=Mg;; No message ; *
MEMPTP=Ud;MAP type new/old=1/0; No message ; *
MEPDYN=Mg;; No message ; *
METRQJOV=Mf;OVRD correction by usage rate of torque; No message ; *
SPLFUNC=My;Function settings of the spline interpolation; No message ; *
SPLCLAMK=Mf;Correction coefficient of the spline cancellation angle; No message ; *
SPLLNBMK=Mf;Correction coefficient of the block length ratio; No message ; *
SPLSPBLK=Md;Block length magnification to instruction speed; No message ; *
SPLPSTRC=Mf;Adjustment factor of change ratio of posture; No message ; *
SPLPSTUL=Md;Upper bound value of change angle of posture [deg]; No message ; *
SPLREVCC=Md;Making coefficient of speed correction judgment value [%]; No message ; *
SPLOPTGC=Ud;Gain correction factor of the active gain control (for the spline interpolation) [%]; No message ; *
SPLPSTRV=Md;Judgment angle of posture reversing [deg]; No message ; *
SPLTMDSP=Md;Speed restriction mode speed executing the spline interpolation [mm/s]; No message ; *
SPLBLKDN=Md;Block data number; No message ; *
SPLVFLTE=Mf;Coefficient to make filter end judgment value (for the spline interpolation) [%]; No message ; *
SPOVENA=Ud;Control of speed limit exceeding (enable=1/disable=0); No message ; *
SPOVFUNC=Mx;Function setting for control of speed limit exceeding; No message ; *
SPOVERRF=Md;Filtering times of speed limit exceeding error; No message ; *
SPOVJMXX=Mf;Speed limit coefficient for abnormal detection; No message ; *
SPOVREFC=Mf;Correction override calculation coefficient (before filter, after filter); No message ; *
SPOVADJC=Mf;Correction override adjustment coefficient; No message ; *
SPOVAFON=Mf;Threshold that acceleration stop flag is on; No message ; *
NEOFUNC1=Mx;New motion control pattern 1; No message ; *
NEOFUNC2=Mx;New motion control pattern 2; No message ; *
HNDDAT0=Uf;Hand 0 weight[kg],figure(X,Y,Z)[mm],center of gravity(X,Y,Z)[mm]; No message ; *
HNDDAT1=Uf;Hand 1 weight[kg],figure(X,Y,Z)[mm],center of gravity(X,Y,Z)[mm]; No message ; *
HNDDAT2=Uf;Hand 2 weight[kg],figure(X,Y,Z)[mm],center of gravity(X,Y,Z)[mm]; No message ; *
HNDDAT3=Uf;Hand 3 weight[kg],figure(X,Y,Z)[mm],center of gravity(X,Y,Z)[mm]; No message ; *
HNDDAT4=Uf;Hand 4 weight[kg],figure(X,Y,Z)[mm],center of gravity(X,Y,Z)[mm]; No message ; *
HNDDAT5=Uf;Hand 5 weight[kg],figure(X,Y,Z)[mm],center of gravity(X,Y,Z)[mm]; No message ; *
HNDDAT6=Uf;Hand 6 weight[kg],figure(X,Y,Z)[mm],center of gravity(X,Y,Z)[mm]; No message ; *
HNDDAT7=Uf;Hand 7 weight[kg],figure(X,Y,Z)[mm],center of gravity(X,Y,Z)[mm]; No message ; *
HNDDAT8=Uf;Hand 8 weight[kg],figure(X,Y,Z)[mm],center of gravity(X,Y,Z)[mm]; No message ; *
HNDHOLD0=Md;Definition work grasp for hand 0 (0/1 = no work/with work); No message ; *
HNDHOLD1=Ud;Definition work grasp for hand 1 (0/1 = no work/with work); No message ; *
HNDHOLD2=Ud;Definition work grasp for hand 2 (0/1 = no work/with work); No message ; *
HNDHOLD3=Ud;Definition work grasp for hand 3 (0/1 = no work/with work); No message ; *
HNDHOLD4=Ud;Definition work grasp for hand 4 (0/1 = no work/with work); No message ; *
HNDHOLD5=Ud;Definition work grasp for hand 5 (0/1 = no work/with work); No message ; *
HNDHOLD6=Ud;Definition work grasp for hand 6 (0/1 = no work/with work); No message ; *
HNDHOLD7=Ud;Definition work grasp for hand 7 (0/1 = no work/with work); No message ; *
HNDHOLD8=Ud;Definition work grasp for hand 8 (0/1 = no work/with work); No message ; *
WRKDAT0=Uf;Work 0 weight[kg],figure(X,Y,Z)[mm],center of gravity(X,Y,Z)[mm]; No message ; *
WRKDAT1=Uf;Work 1 weight[kg],figure(X,Y,Z)[mm],center of gravity(X,Y,Z)[mm]; No message ; *
WRKDAT2=Uf;Work 2 weight[kg],figure(X,Y,Z)[mm],center of gravity(X,Y,Z)[mm]; No message ; *
WRKDAT3=Uf;Work 3 weight[kg],figure(X,Y,Z)[mm],center of gravity(X,Y,Z)[mm]; No message ; *
WRKDAT4=Uf;Work 4 weight[kg],figure(X,Y,Z)[mm],center of gravity(X,Y,Z)[mm]; No message ; *
WRKDAT5=Uf;Work 5 weight[kg],figure(X,Y,Z)[mm],center of gravity(X,Y,Z)[mm]; No message ; *
WRKDAT6=Uf;Work 6 weight[kg],figure(X,Y,Z)[mm],center of gravity(X,Y,Z)[mm]; No message ; *
WRKDAT7=Uf;Work 7 weight[kg],figure(X,Y,Z)[mm],center of gravity(X,Y,Z)[mm]; No message ; *
WRKDAT8=Uf;Work 8 weight[kg],figure(X,Y,Z)[mm],center of gravity(X,Y,Z)[mm]; No message ; *
HNDABSP=Mf;System hand weight[kg],figure(X,Y,Z)[mm],center of gravity(X,Y,Z)[mm]; No message ; *
WRKABSP=Mf;System work weight[kg],figure(X,Y,Z)[mm],center of gravity(X,Y,Z)[mm]; No message ; *
MELKLN=Mf;; No message ; *
MELKG1=Mg;Link 1 center of gravity(X,Y,Z)[m]; No message ; *
MELKG2=Mg;Link 2 center of gravity(X,Y,Z)[m]; No message ; *
MELKG3=Mg;Link 3 center of gravity(X,Y,Z)[m]; No message ; *
MELKG4=Mg;Link 4 center of gravity(X,Y,Z)[m]; No message ; *
MELKG5=Mg;Link 5 center of gravity(X,Y,Z)[m]; No message ; *
MELKG6=Mg;Link 6 center of gravity(X,Y,Z)[m]; No message ; *
MELKG7=Mg;Link 7 center of gravity(X,Y,Z)[m]; No message ; *
MELKG8=Mg;Link 8 center of gravity(X,Y,Z)[m]; No message ; *
MELKG9=Mg;Link 9 center of gravity(X,Y,Z)[m]; No message ; *
MELKGA=Mg;Link 10 center of gravity(X,Y,Z)[m]; No message ; *
MELKGB=Mg;Link 11 center of gravity(X,Y,Z)[m]; No message ; *
MELKGC=Mg;Link 12 center of gravity(X,Y,Z)[m]; No message ; *
MELKI1=Mg;Link 1 inertia [kgm^2]; No message ; *
MELKI2=Mg;Link 2 inertia [kgm^2]; No message ; *
MELKI3=Mg;Link 3 inertia [kgm^2]; No message ; *
MELKI4=Mg;Link 4 inertia [kgm^2]; No message ; *
MELKI5=Mg;Link 5 inertia [kgm^2]; No message ; *
MELKI6=Mg;Link 6 inertia [kgm^2]; No message ; *
MELKI7=Mg;Link 7 inertia [kgm^2]; No message ; *
MELKI8=Mg;Link 8 inertia [kgm^2]; No message ; *
MELKI9=Mg;Link 9 inertia [kgm^2]; No message ; *
MELKIA=Mg;Link 10 inertia [kgm^2]; No message ; *
MELKIB=Mg;Link 11 inertia [kgm^2]; No message ; *
MELKIC=Mg;Link 12 inertia [kgm^2]; No message ; *
MELKMI=Mg;Link inertia [kgf mm s^2]; No message ; *
MEMTMI=Mg;Motor inertia [kgf mm s^2]; No message ; *
MECVFR=Mg;Viscous coefficient [Nms/rad]; No message ; *
MECCFR=Mg;Coulomb friction [Nm]; No message ; *
VCFREXP=Mf;Exponent of speed for viscous friction; No message ; *
MEMTMI2=Mg;Motor inertia (OADL) [kgf mm s^2]; No message ; *
MECVFR2=Mg;Viscous coefficient (OADL) [Nms/rad]; No message ; *
MECCFR2=Mg;Coulomb friction (OADL) [Nm]; No message ; *
VCFREXP2=Mf;Exponent of speed for viscous friction (OADL); No message ; *
NMFFIT=Md;Cycle of FF control; No message ; *
NMVFFG=Mf;Speed FF gain (0.0-1.0); No message ; *
NMTFG1=Mf;Torq FF gain 1 (0.0-1.0); No message ; *
NMTFG2=Mf;Torq FF gain 2 (0.0-1.0); No message ; *
NMTFG3=Mf;Torq FF gain 3 (0.0-1.0); No message ; *
NMMTTQ=Mf;Motor torq constant; No message ; *
NMACMTRQ=Mf;Rated motor torq; No message ; *
NMRAF1=Mf;Move average filter1[it](length,period1 lengthg,period1 weight) (F/F); No message ; *
NMRAF2=Mf;Move average filter2[it](length,period1 lengthg,period1 weight) (F/F); No message ; *
NMRAF3=Mf;Move average filter3[it](length,period1 lengthg,period1 weight) (F/F); No message ; *
NMRAF4=Mf;Move average filter4[it](length,period1 lengthg,period1 weight) (F/F); No message ; *
NMRAF5=Mf;Move average filter5[it](length,period1 lengthg,period1 weight) (F/F); No message ; *
NMPCGNST=Mf;Initial gain for compliance control; No message ; *
NMPCGNMN=Mf;Minimum gain for compliance control; No message ; *
NMPCPGN1=Md;Gain1 for compliance control; No message ; *
NMPCPGN2=Md;Gain2 for compliance control; No message ; *
NMPCDIST=Mf;Limit for compliance control [mm] (signal,error); No message ; *
NMRAF7=Mf;Move average filter7[ms](length,period1 lengthg,period1 weight); No message ; *
NMPCCMPS=Md;Compensation for compliance control(gravity,friction); No message ; *
NMCLTQP=Md;Collision detect torq(+); No message ; *
NMCLTQM=Md;Collision detect torq(-); No message ; *
NMSPCNST=Mg;Reducer gain (Spring compensation); No message ; *
NMSPLKG=Mf;Gain1 (Spring compensation); No message ; *
NMSPCRG=Mf;Gain2 (Spring compensation); No message ; *
NMHPSLOP=Mf;Slope of gain (PREC mode); No message ; *
NMHPVFFG=Mf;Speed gain (PREC mode); No message ; *
NMHPTFG1=Mf;Torq F/F gain (PREC mode); No message ; *
NMHPJACL=Mg;Joint acceleration period [sec] (PREC mode); No message ; *
NMHPJDCL=Mg;Joint deceleration period [sec] (PREC mode); No message ; *
NMHPJSTP=Mg;Joint stop period [sec] (PREC mode); No message ; *
NMHPPACL=Mg;POSE acceleration period [sec] (PREC mode); No message ; *
NMHPPDCL=Mg;POSE deceleration period [sec] (PREC mode); No message ; *
NMHPPSTP=Mg;POSE stop period [sec] (PREC mode); No message ; *
NMHPJFK=Ml;Type of speed filter (Joint) (PREC mode); No message ; *
NMHPJFL=Mf;Length of speed filter [ms] (Joint) (PREC mode); No message ; *
NMHPJFL1=Mf;Length of period 1 for speed filter [ms] (Joint) (PREC mode); No message ; *
NMHPJFW1=Mf;Weight of period 1 for speed filter [ms] (Joint)(PREC mode); No message ; *
NMHPJFE=Mf;End of speed filter (Joint) (PREC mode); No message ; *
NMHPPFK=Ml;Type of speed filter (POSE) (PREC mode); No message ; *
NMHPPFL=Mf;Length of speed filter [ms] (POSE) (PREC mode); No message ; *
NMHPPFL1=Mf;Length of period 1 for speed filter [ms] (POSE) (PREC mode); No message ; *
NMHPPFW1=Mf;Weight of period 1 for speed filter [ms] (POSE)(PREC mode); No message ; *
NMHPPFE=Mf;End of speed filter (POSE) (PREC mode); No message ; *
FSSPEC1=Sy;Setting of the force control function; No message ; *
FSSPEC2=My;Function specification of the force control for the robot option; No message ; *
FSFTCTL=Md;Filter kind for force sensor (for control); No message ; *
FSFLCTL=Uf;Filter time constant for force sensor (for control) [ms]; No message ; *
FSNZNUM=Md;Force sensor noise filter (frequency); No message ; *
FSNZTHD=Mf;Force sensor noise filter (threshold) [%]; No message ; *
FSTYPE=Ud;Selection of force sensor used; No message ; *
FSXTL=Uf;Force sensor installation position and posture data; No message ; *
FSFTMON=Md;Filter kind for force sensor (for monitor); No message ; *
FSFLMON=Mf;Filter length for force sensor (for monitor) [ms]; No message ; *
FSFTGAIN=Md;Filter kind for gain change of force control; No message ; *
FSLMTMX=Uf;The acceptable value of force sensor data [N,Nm]; No message ; *
FSCORMX=Uf;The maximum correction value of force control [mm,deg]; No message ; *
FSCORSP=Sf;The limit value of force control correction speed [mm/s,deg/s]; No message ; *
FSFLOFST=Uf;Filter time constant for force sensor (for offset cancel) [ms]; No message ; *
FSSTF01=Uf;Coefficient of stiffness control #1; No message ; *
FSSTF02=Uf;Coefficient of stiffness control #2; No message ; *
FSSTF03=Uf;Coefficient of stiffness control #3; No message ; *
FSSTF04=Uf;Coefficient of stiffness control #4; No message ; *
FSSTF05=Uf;Coefficient of stiffness control #5; No message ; *
FSSTF06=Uf;Coefficient of stiffness control #6; No message ; *
FSSTF07=Uf;Coefficient of stiffness control #7; No message ; *
FSSTF08=Uf;Coefficient of stiffness control #8; No message ; *
FSSTF09=Uf;Coefficient of stiffness control #9; No message ; *
FSDMP01=Uf;Coefficient of damping #1; No message ; *
FSDMP02=Uf;Coefficient of damping #2; No message ; *
FSDMP03=Uf;Coefficient of damping #3; No message ; *
FSDMP04=Uf;Coefficient of damping #4; No message ; *
FSDMP05=Uf;Coefficient of damping #5; No message ; *
FSDMP06=Uf;Coefficient of damping #6; No message ; *
FSDMP07=Uf;Coefficient of damping #7; No message ; *
FSDMP08=Uf;Coefficient of damping #8; No message ; *
FSDMP09=Uf;Coefficient of damping #9; No message ; *
FSFMD01=Ud;Force control mode #1; No message ; *
FSFMD02=Ud;Force control mode #2; No message ; *
FSFMD03=Ud;Force control mode #3; No message ; *
FSFMD04=Ud;Force control mode #4; No message ; *
FSFMD05=Ud;Force control mode #5; No message ; *
FSFMD06=Ud;Force control mode #6; No message ; *
FSFMD07=Ud;Force control mode #7; No message ; *
FSFMD08=Ud;Force control mode #8; No message ; *
FSFMD09=Ud;Force control mode #9; No message ; *
FSCOD01=Ud;Coordinate system of force control #1; No message ; *
FSCOD02=Ud;Coordinate system of force control #2; No message ; *
FSCOD03=Ud;Coordinate system of force control #3; No message ; *
FSCOD04=Ud;Coordinate system of force control #4; No message ; *
FSCOD05=Ud;Coordinate system of force control #5; No message ; *
FSCOD06=Ud;Coordinate system of force control #6; No message ; *
FSCOD07=Ud;Coordinate system of force control #7; No message ; *
FSCOD08=Ud;Coordinate system of force control #8; No message ; *
FSCOD09=Ud;Coordinate system of force control #9; No message ; *
FSISPG01=Mf;Spring constant initial value for adaptive identification #1 [N/m,Nm/deg]; No message ; *
FSISPG02=Mf;Spring constant initial value for adaptive identification #2 [N/m,Nm/deg]; No message ; *
FSISPG03=Mf;Spring constant initial value for adaptive identification #3 [N/m,Nm/deg]; No message ; *
FSISPG04=Mf;Spring constant initial value for adaptive identification #4 [N/m,Nm/deg]; No message ; *
FSISPG05=Mf;Spring constant initial value for adaptive identification #5 [N/m,Nm/deg]; No message ; *
FSISPG06=Mf;Spring constant initial value for adaptive identification #6 [N/m,Nm/deg]; No message ; *
FSISPG07=Mf;Spring constant initial value for adaptive identification #7 [N/m,Nm/deg]; No message ; *
FSISPG08=Mf;Spring constant initial value for adaptive identification #8 [N/m,Nm/deg]; No message ; *
FSISPG09=Mf;Spring constant initial value for adaptive identification #9 [N/m,Nm/deg]; No message ; *
FSIDMP01=Mf;Damping constant initial value for adaptive identification #1 [Nsec/m]; No message ; *
FSIDMP02=Mf;Damping constant initial value for adaptive identification #2 [Nsec/m]; No message ; *
FSIDMP03=Mf;Damping constant initial value for adaptive identification #3 [Nsec/m]; No message ; *
FSIDMP04=Mf;Damping constant initial value for adaptive identification #4 [Nsec/m]; No message ; *
FSIDMP05=Mf;Damping constant initial value for adaptive identification #5 [Nsec/m]; No message ; *
FSIDMP06=Mf;Damping constant initial value for adaptive identification #6 [Nsec/m]; No message ; *
FSIDMP07=Mf;Damping constant initial value for adaptive identification #7 [Nsec/m]; No message ; *
FSIDMP08=Mf;Damping constant initial value for adaptive identification #8 [Nsec/m]; No message ; *
FSIDMP09=Mf;Damping constant initial value for adaptive identification #9 [Nsec/m]; No message ; *
FSIORG01=Mf;Origin position for adaptive identification #1; No message ; *
FSIORG02=Mf;Origin position for adaptive identification #2; No message ; *
FSIORG03=Mf;Origin position for adaptive identification #3; No message ; *
FSIORG04=Mf;Origin position for adaptive identification #4; No message ; *
FSIORG05=Mf;Origin position for adaptive identification #5; No message ; *
FSIORG06=Mf;Origin position for adaptive identification #6; No message ; *
FSIORG07=Mf;Origin position for adaptive identification #7; No message ; *
FSIORG08=Mf;Origin position for adaptive identification #8; No message ; *
FSIORG09=Mf;Origin position for adaptive identification #9; No message ; *
FSBIAS01=Uf;The bias value for gravity offset cancel #1; No message ; *
FSBIAS02=Uf;The bias value for gravity offset cancel #2; No message ; *
FSBIAS03=Uf;The bias value for gravity offset cancel #3; No message ; *
FSBIAS04=Uf;The bias value for gravity offset cancel #4; No message ; *
FSBIAS05=Uf;The bias value for gravity offset cancel #5; No message ; *
FSBIAS06=Uf;The bias value for gravity offset cancel #6; No message ; *
FSBIAS07=Uf;The bias value for gravity offset cancel #7; No message ; *
FSBIAS08=Uf;The bias value for gravity offset cancel #8; No message ; *
FSBIAS09=Uf;The bias value for gravity offset cancel #9; No message ; *
FSGRP01=Uf;The center of gravity of hand for gravity offset cancel #1; No message ; *
FSGRP02=Uf;The center of gravity of hand for gravity offset cancel #2; No message ; *
FSGRP03=Uf;The center of gravity of hand for gravity offset cancel #3; No message ; *
FSGRP04=Uf;The center of gravity of hand for gravity offset cancel #4; No message ; *
FSGRP05=Uf;The center of gravity of hand for gravity offset cancel #5; No message ; *
FSGRP06=Uf;The center of gravity of hand for gravity offset cancel #6; No message ; *
FSGRP07=Uf;The center of gravity of hand for gravity offset cancel #7; No message ; *
FSGRP08=Uf;The center of gravity of hand for gravity offset cancel #8; No message ; *
FSGRP09=Uf;The center of gravity of hand for gravity offset cancel #9; No message ; *
FSMASS01=Uf;The mass of hand for gravity offset cancel #1; No message ; *
FSMASS02=Uf;The mass of hand for gravity offset cancel #2; No message ; *
FSMASS03=Uf;The mass of hand for gravity offset cancel #3; No message ; *
FSMASS04=Uf;The mass of hand for gravity offset cancel #4; No message ; *
FSMASS05=Uf;The mass of hand for gravity offset cancel #5; No message ; *
FSMASS06=Uf;The mass of hand for gravity offset cancel #6; No message ; *
FSMASS07=Uf;The mass of hand for gravity offset cancel #7; No message ; *
FSMASS08=Uf;The mass of hand for gravity offset cancel #8; No message ; *
FSMASS09=Uf;The mass of hand for gravity offset cancel #9; No message ; *
FSESTGN=Mf;Gain for the force sensor calibration; No message ; *
FSMINCTL=Uf;Minimum control force of force sensor [N,Nm]; No message ; *
FSFGN01=Uf;Force control gain #1; No message ; *
FSFGN02=Uf;Force control gain #2; No message ; *
FSFGN03=Uf;Force control gain #3; No message ; *
FSFGN04=Uf;Force control gain #4; No message ; *
FSFGN05=Uf;Force control gain #5; No message ; *
FSFGN06=Uf;Force control gain #6; No message ; *
FSFGN07=Uf;Force control gain #7; No message ; *
FSFGN08=Uf;Force control gain #8; No message ; *
FSFGN09=Uf;Force control gain #9; No message ; *
FSFLMT01=Uf;Force setting value of force sensor #1 [N,Nm]; No message ; *
FSFLMT02=Uf;Force setting value of force sensor #2 [N,Nm]; No message ; *
FSFLMT03=Uf;Force setting value of force sensor #3 [N,Nm]; No message ; *
FSFLMT04=Uf;Force setting value of force sensor #4 [N,Nm]; No message ; *
FSFLMT05=Uf;Force setting value of force sensor #5 [N,Nm]; No message ; *
FSFLMT06=Uf;Force setting value of force sensor #6 [N,Nm]; No message ; *
FSFLMT07=Uf;Force setting value of force sensor #7 [N,Nm]; No message ; *
FSFLMT08=Uf;Force setting value of force sensor #8 [N,Nm]; No message ; *
FSFLMT09=Uf;Force setting value of force sensor #9 [N,Nm]; No message ; *
FSFCMD01=Uf;Force instruction value / limit value of force control #1 [N,Nm]; No message ; *
FSFCMD02=Uf;Force instruction value / limit value of force control #2 [N,Nm]; No message ; *
FSFCMD03=Uf;Force instruction value / limit value of force control #3 [N,Nm]; No message ; *
FSFCMD04=Uf;Force instruction value / limit value of force control #4 [N,Nm]; No message ; *
FSFCMD05=Uf;Force instruction value / limit value of force control #5 [N,Nm]; No message ; *
FSFCMD06=Uf;Force instruction value / limit value of force control #6 [N,Nm]; No message ; *
FSFCMD07=Uf;Force instruction value / limit value of force control #7 [N,Nm]; No message ; *
FSFCMD08=Uf;Force instruction value / limit value of force control #8 [N,Nm]; No message ; *
FSFCMD09=Uf;Force instruction value / limit value of force control #9 [N,Nm]; No message ; *
FSSPD01=Uf;Speed reference of the velocity prioritized mode #1; No message ; *
FSSPD02=Uf;Speed reference of the velocity prioritized mode #2; No message ; *
FSSPD03=Uf;Speed reference of the velocity prioritized mode #3; No message ; *
FSSPD04=Uf;Speed reference of the velocity prioritized mode #4; No message ; *
FSSPD05=Uf;Speed reference of the velocity prioritized mode #5; No message ; *
FSSPD06=Uf;Speed reference of the velocity prioritized mode #6; No message ; *
FSSPD07=Uf;Speed reference of the velocity prioritized mode #7; No message ; *
FSSPD08=Uf;Speed reference of the velocity prioritized mode #8; No message ; *
FSSPD09=Uf;Speed reference of the velocity prioritized mode #9; No message ; *
FSSWF01=Uf;Switch judgment value of the force-velocity prioritized mode #1; No message ; *
FSSWF02=Uf;Switch judgment value of the force-velocity prioritized mode #2; No message ; *
FSSWF03=Uf;Switch judgment value of the force-velocity prioritized mode #3; No message ; *
FSSWF04=Uf;Switch judgment value of the force-velocity prioritized mode #4; No message ; *
FSSWF05=Uf;Switch judgment value of the force-velocity prioritized mode #5; No message ; *
FSSWF06=Uf;Switch judgment value of the force-velocity prioritized mode #6; No message ; *
FSSWF07=Uf;Switch judgment value of the force-velocity prioritized mode #7; No message ; *
FSSWF08=Uf;Switch judgment value of the force-velocity prioritized mode #8; No message ; *
FSSWF09=Uf;Switch judgment value of the force-velocity prioritized mode #9; No message ; *
FSEST01=Uf;Data used in the force sensor calibration #1; No message ; *
FSEST02=Uf;Data used in the force sensor calibration #2; No message ; *
FSEST03=Uf;Data used in the force sensor calibration #3; No message ; *
FSEST04=Uf;Data used in the force sensor calibration #4; No message ; *
FSEST05=Uf;Data used in the force sensor calibration #5; No message ; *
FSEST06=Uf;Data used in the force sensor calibration #6; No message ; *
FSEST07=Uf;Data used in the force sensor calibration #7; No message ; *
FSEST08=Uf;Data used in the force sensor calibration #8; No message ; *
FSEST09=Uf;Data used in the force sensor calibration #9; No message ; *
FSIF06=Md;Test parameter #06 for force sensor i/f; No message ; *
FSIF07=Md;Test parameter #07 for force sensor i/f; No message ; *
FSIF08=Md;Test parameter #08 for force sensor i/f; No message ; *
FSIF09=Md;Test parameter #09 for force sensor i/f; No message ; *
FSIF10=Md;Test parameter #10 for force sensor i/f; No message ; *
IFSPEC1=Mx;Specification #1 of the sensor i/f unit; No message ; *
IFDA1NO=Md;D/A output data no. #1 of the sensor i/f unit; No message ; *
IFDA1MPY=Md;D/A output magnification #1 of the sensor i/f unit; No message ; *
IFDA2NO=Md;D/A output data no. #2 of the sensor i/f unit; No message ; *
IFDA2MPY=Md;D/A output magnification #2 of the sensor i/f unit; No message ; *
FSNZNUM2=Md;Force sensor noise filter (frequency); No message ; *
FSG0X=Mf;Diagonal matrix G0X; No message ; *
FSG0Y=Mf;Diagonal matrix G0Y; No message ; *
FSG0Z=Mf;Diagonal matrix G0Z; No message ; *
FSG0FX=Mf;Diagonal matrix G0FX; No message ; *
FSG0FY=Mf;Diagonal matrix G0FY; No message ; *
FSG0FZ=Mf;Diagonal matrix G0FZ; No message ; *
FSSGM=Mf;Weight coefficient Sigma; No message ; *
FSSGMF=Mf;Weight coefficient SigmaF; No message ; *
FSKA=Mf;Ka; No message ; *
FSKB=Mf;Kb; No message ; *
FSKAF=Mf;KaF; No message ; *
FSKBF=Mf;KbF; No message ; *
FSIDDMX=Mf;Upper limit of identification value d; No message ; *
FSIDKMX=Mf;Upper limit of identification value k; No message ; *
FSFLID=Mf;Filter length for identification [ms]; No message ; *
FSPKCF11=Mf;Correction gain 1 of adaptive control #1; No message ; *
FSPKCF12=Mf;Correction gain 1 of adaptive control #2; No message ; *
FSPKCF13=Mf;Correction gain 1 of adaptive control #3; No message ; *
FSPKCF14=Mf;Correction gain 1 of adaptive control #4; No message ; *
FSPKCF15=Mf;Correction gain 1 of adaptive control #5; No message ; *
FSPKCF16=Mf;Correction gain 1 of adaptive control #6; No message ; *
FSPKCF17=Mf;Correction gain 1 of adaptive control #7; No message ; *
FSPKCF18=Mf;Correction gain 1 of adaptive control #8; No message ; *
FSPKCF19=Mf;Correction gain 1 of adaptive control #9; No message ; *
FSPKCF2=Mf;Correction gain 2 of adaptive control (exponent); No message ; *
FSFLADG=Mf;Filter length for adaptive gain [ms]; No message ; *
FSTESTM1=Mf;Parameters of main test function using force sensor #1; No message ; *
FSTESTM2=Mf;Parameters of main test function using force sensor #2; No message ; *
FSTESTS1=Mf;Parameters of sub test function using force sensor #1; No message ; *
FSTESTS2=Mf;Parameters of sub test function using force sensor #2; No message ; *
FSHAND=Ud;Selection of left/right-handed coordinate system for force sensor data; No message ; *
FSIFUREV=Mx;I/F revision that the force sensor I/F unit S/W corresponds); No message ; *
FSIFVER=Us;Force sensor I/F unit S/W version; No message ; *
FSOPTGC=Mf;Correction rate for fixed gain of the gain adjustment during the force control effective; No message ; *
FSCVFF=Sg;Coefficient of the corrective velocity feedforward; No message ; *
FSSWCNT=Md;Chattering prevention counter of the force-velocity prioritized mode switching; No message ; *
METMAX3=Sf;Torq limit [Nm] OADL (PREC mode); No message ; *
ACLLJP=Sg;Minimum and maximum of acceleration period [sec] (Joint) OADL (PREC mode); No message ; *
ADLLJP=Sg;Minimum and maximum of deceleration period [sec] (Joint) OADL (PREC mode); No message ; *
ACLLPP=Sg;Minimum and maximum of acceleration period [sec] (Pose) OADL (PREC mode); No message ; *
ADLLPP=Sg;Minimum and maximum of deceleration period [sec] (Pose) OADL (PREC mode); No message ; *
MECOEFJP=Sf;Coefficient for joint(Acc,Dcc) OADL (PREC mode); No message ; *
MECOEFPP=Sf;Coefficient for pose(Acc,Dcc) OADL (PREC mode); No message ; *
CNTMODE=Ml;Initial setting for CNT ON/OFF = 1/0; No message ; *
CNTDIST=Mf;Distance for CNT 1; No message ; *
MVTERM=Ul;Specification of movement in 'CNT 0' (0/1/2 = VEL output/Same as 'CNT 1'/VEL generation); No message ; *
CNTFIL=Mf;Coefficient for CNT filter; No message ; *
CNTLMTM=Mf;Coefficient for CNT motor torq limit; No message ; *
CNTLMTG=Mf;Coefficient for CNT reducer torq limit; No message ; *
CNTSPEC=Ud;Specification of initial setting for CNT/END (1:New/0:Old); No message ; *
CNTVOVL=Ml;Judge of speed over-less (ON/OFF = 1/0); No message ; *
JACLADJ=Ud;Acceleration adjustment for Mov (ON=1/OFF=0); No message ; *
JACLWTFV=Mf;Threshold of acceleration waiting flag (Mov); No message ; *
MEINST=Ux;Install bit pattern (1:end); No message ; *
MEINSZ=Ul;Pulse data for install; No message ; *
MEOFFZ=Ul;Single turn pulse for install; No message ; *
MEJINS=Ul;Pulse of single turn for JRC; No message ; *
MEINSD=Ul;Check data for install; No message ; *
JRCEXE=Ud;JRC Enable 1/0 = Enable/Disable; No message ; *
JRCAXIS=Md;JRC Enable Axis; No message ; *
JRCQTT=Ul;Position Shift Quantity of JRC; No message ; *
JRCORG=Uf;Origin of JRC 0; No message ; *
JRCFRA=Ml;Shift Pulse(CUMU) of JRC; No message ; *
JOGTSJ=Mf;TS of filter for Joint JOG; No message ; *
JOGTSP=Mf;TS of filter for Joint JOG; No message ; *
JOGSPMX=Uf;JOG maximum speed (under 250[mm/sec]); No message ; *
JOGJSP=Ug;Joint JOG speed(High/Low/JOG OVRD); No message ; *
JOGPSP=Ug;POSE JOG speed(High/Low/JOG OVRD); No message ; *
JOGLMDW=Mf;Speed limit upper bound in manual operation(JOG/STEP); No message ; *
JOGLPN=Md;JOG speed restriction processing execution frequency(Before Filter/After Filter); No message ; *
JOGELBMD=Ud;JOG speed restriction mode of elbow of joint(ON/OFF=1/0); No message ; *
METHICK=Mf;Thickness of arm for UL; No message ; *
JOGREP=Ml;Number of JOG command repeat; No message ; *
JOGPRSP=Mf;Coefficient rotation speed; No message ; *
JOGJDCL1=Mf;Decelerate period of JOG(Joint) section 1; No message ; *
JOGJDCL2=Mf;Decelerate period of JOG(Joint) section 2; No message ; *
JOGPDCL1=Mf;Decelerate period of JOG(Pose) section 1; No message ; *
JOGPDCL2=Mf;Decelerate period of JOG(Pose) section 2; No message ; *
JOGDCL=Mf;JOG Decelerate function; No message ; *
JOGJMD=Mi;Joint JOG mode; No message ; *
JOGMDPAT=Mx;Effective bit pattern of Jog mode; No message ; *
JOGFILT=Md;Filter type of JOG (1=3rd time lag/0=1st time lag); No message ; *
WKJOGNO=Ud;Selected work coordinate number (JOG); No message ; *
METWM2=Ud;Compensation for flexure ON/OFF = 1/0; No message ; *
METREF=Mf;Compensation for flexure (MAP type); No message ; *
METREF1=Mf;Compensation for flexure 2 (MAP type); No message ; *
MAPMODE=Ud;MAP ACC High Acceleration ON/OFF = 1/0; No message ; *
MEMAP0=Mf;MAP ACC table 0; No message ; *
MEMAP1=Mf;MAP ACC table 1; No message ; *
MEMAP2=Mf;MAP ACC table 2; No message ; *
MEMAP3=Mf;MAP ACC table 3; No message ; *
MEMAP4=Mf;MAP ACC table 4; No message ; *
MEMAP5=Mf;MAP ACC table 5; No message ; *
MEMAP6=Mf;MAP ACC table 6; No message ; *
MEMAP7=Mf;MAP ACC table 7; No message ; *
MEMAP8=Mf;MAP ACC table 8; No message ; *
MEMAP9=Mf;MAP ACC table 9; No message ; *
MEMAP10=Mf;MAP ACC table 10; No message ; *
MEAHS1=Md;ACC table for short distance  [*100ms] (J1); No message ; *
MEAHL1=Md;ACC table for long distance  [*100ms] (J1); No message ; *
MEAHS2=Md;ACC table for short distance  [*100ms] (J2); No message ; *
MEAHL2=Md;ACC table for long distance  [*100ms] (J2); No message ; *
MEAHS3=Md;ACC table for short distance  [*100ms] (J3); No message ; *
MEAHL3=Md;ACC table for long distance  [*100ms] (J3); No message ; *
MEAHS4=Md;ACC table for short distance  [*100ms] (J4-J8); No message ; *
MEAHL4=Md;ACC table for long distance  [*100ms] (J4-J8); No message ; *
MEAHB1=Mr;Border for long/short (J1); No message ; *
MEAHB2=Mr;Border for long/short (J2); No message ; *
MEAHB3=Mr;Border for long/short (J3); No message ; *
MEAHB4=Mr;Border for long/short (J4-J8); No message ; *
MEAHJFL=Mf;Length of speed filter [ms] (Joint) (MAP mode); No message ; *
MEAHJFL1=Mf;Length of period 1 for speed filter [ms] (Joint) (MAP mode); No message ; *
MEAHJFW1=Mf;Weight of period 1 for speed filter [ms] (Joint)(MAP mode); No message ; *
MEAHPFL=Mf;Length of speed filter [ms] (POSE) (MAP mode); No message ; *
MEAHPFL1=Mf;Length of period 1 for speed filter [ms] (POSE) (MAP mode); No message ; *
MEAHPFW1=Mf;Weight of period 1 for speed filter [ms] (POSE)(MAP mode); No message ; *
LJOGMD=Ud;Speed adjustment of 3-axis JOG (1:Enable/0:Disable); No message ; *
DJNT=Ug;Error of origin [deg] dJ1,dJ2,dJ3,dJ4,dJ5,dJ6; No message ; *
DLNK=Sg;Error of link length dL1,dL2,dL3,dL4,dD1,dD2,dW; No message ; *
JNTCMP=Sg;Compliance of joint axis JCMP1,JCMP2, ... ,JCMP6; No message ; *
CALB=Ud;Compensation for flexure; No message ; *
MEUCRD=Md;coordinate Correlation; No message ; *
CAMLAYOT=Ug;Camera Layout; No message ; *
CAMOFFST=Ug;Offset Data for Camera; No message ; *
NMJCGNMN=Mf;Minimum gain for CMP JNT command; No message ; *
NMJCILMN=Md;Min. value for Current Limit in the CMP JNT; No message ; *
NMJCILCF=Md;Coefficient for Current Limit in the CMP JNT; No message ; *
CMPJCLL=Ud;Current limitation level for Cmp Jnt; No message ; *
COL=Ud;Collision detection(Use propriety,Init. state(RUN),Init. state(JOG)); No message ; *
COLILVL=Md;Initial tolerable level(RUN,JOG)[%]; No message ; *
NMCDUTQP=Md;Ref.value of threshold in motion(+)[%]; No message ; *
NMCDUTQM=Md;Ref.value of threshold in motion(-)[%]; No message ; *
NMCDMDRT=Mf;Rate of threshold on each state(Current,Friction,Hand); No message ; *
NMCDADJC=Mf;Coefficient for threshold adjustment; No message ; *
NMCDADJW=Mf;Weight for threshold adjustment; No message ; *
NMCDTLPA=Md;Upper limit of threshold(+)(RUN)[%]; No message ; *
NMCDTLMA=Md;Upper limit of threshold(-)(RUN)[%]; No message ; *
COLLVL=Ud;Initial tolerable level(each axis:RUN)[%]; No message ; *
NMCDJTMA=Md;Judgement count(RUN); No message ; *
NMCDTLPJ=Md;Upper limit of threshold(+)(JOG)[%]; No message ; *
NMCDTLMJ=Md;Upper limit of threshold(-)(JOG)[%]; No message ; *
COLLVLJG=Ud;Initial tolerable level(each axis:JOG)[%]; No message ; *
NMCDJTMJ=Md;Judgement count(JOG); No message ; *
NMCDSVRT=Md;Adjustment value for servo[%]; No message ; *
NMCDTLCM=Md;Change method of upper limit(Equal ratio=0/Equal difference=1); No message ; *
NMCDTIME=Mf;transaction timer(servo on timer,current limit,latch timer)[msec]; No message ; *
NMCDNORM=Mf;threshold of norm(acceleration,velocity^2,speed); No message ; *
NMCDVFEU=Mf;Upper limit for estimated coefficient of viscous friction; No message ; *
NMCDVFEL=Mf;Lower limit for estimated coefficient of viscous friction; No message ; *
NMCDCFEU=Mf;Upper limit for estimated coefficient of coulomb friction; No message ; *
NMCDCFEL=Mf;Lower limit for estimated coefficient of coulomb friction; No message ; *
NMCDVFEG=Mf;Estimation gain for coefficient of viscous friction; No message ; *
NMCDCFEG=Mf;Estimation gain for coefficient of coulomb friction; No message ; *
NMCDESWT=Mf;Estimation weight(0.0-1.0); No message ; *
NMCDESPT=Mf;Estimation past time(Completion state,Incomplete state)[msec]; No message ; *
NMCDLKIN=Md;Calculating method for link inrtia; No message ; *
NMCDTSRT=Mf;Limitation ratio of take down and collide CTRL(Threshold(Prg,JOG),Tolerable level); No message ; *
NMCDRVPS=Mf;Reversal operation judging value(Posi.)[deg]; No message ; *
NMCDRVVL=Md;Reversal operation judging value(Veloc.)[%]; No message ; *
NMCDPMMS=Md;Parameter adjustment func.(Func.,Ref. value,Unit width); No message ; *
NMRAF12=Mf;Filter12; No message ; *
NMRAF13=Mf;Filter13; No message ; *
NMRAF14=Mf;Filter14; No message ; *
NMRAF15=Mf;Filter15; No message ; *
NMRAF16=Mf;Filter16; No message ; *
NMRAF17=Mf;Filter17; No message ; *
NMRAF18=Mf;Filter18; No message ; *
NMRAF19=Mf;Filter19; No message ; *
NMRAF24=Mf;Filter24; No message ; *
NMCDDTGA=Mf;Estimation gain for disturbance (RUN); No message ; *
NMCDDTGJ=Mf;Estimation gain for disturbance (JOG); No message ; *
NMCDDTEU=Md;Upper limit for estimated disturbance; No message ; *
NMCDDTEL=Md;Lower limit for estimated disturbance; No message ; *
NMCDFUNC=Mx;Function switch for collision detection; No message ; *
NMCDESPJ=Md;Estimation starting speed[pls/it] (JOG); No message ; *
NMCDESPA=Md;Estimation starting speed[pls/it] (RUN); No message ; *
NMCDTIM2=Mf;transaction timer 2(disable->enable,switching AUTO/JOG)[msec]; No message ; *
LNKADJ=Ud;End link adjustment(enable=1/disable=0); No message ; *
NMRAF6=Mf;Filter6; No message ; *
NMRAF10=Mf;Filter10; No message ; *
COLSERVO=Ud;Servo status after Collision detection(1:Servo ON,0:Servo OFF); No message ; *
AXCOLJNO=Ud;Axis number of collision detection function for additional axis; No message ; *
AXCOLDIR=Ur;Direction of additional axis moving plus (around base coordinate axis X, Y, Z) [deg]; No message ; *
AXLDMASS=Uf;Load mass of additional axis [kg]; No message ; *
AXMTRQ=Ug;Rated torque of additional axis motor [Nm]; No message ; *
AXMMOI=Ug;Moment of inertia of additional axis motor [10^-4kgm^2]; No message ; *
AXVISC=Ug;Viscosity coefficient of additional axis [Ns/m]; No message ; *
AXCOUL=Ug;Coulomb friction of additional axis [N]; No message ; *
AXFFC=Ud;Feedforward gain of additional axis [%]; No message ; *
AXMCUR=Ug;Rated current of additional axis motor [A]; No message ; *
ROBMASS=Mf;Mass of robot [kg]; No message ; *
AXRFCC=Mf;Correction coefficient of reaction force to additional axis; No message ; *
AXCLCC=Mf;Correction coefficient of current limit for additional axis; No message ; *
AXCOLFEC=Mf;Correction coefficient of friction estimate for additional axis; No message ; *
ARCH1S=Uf;Shape of ARCH1; No message ; *
ARCH2S=Uf;Shape of ARCH2; No message ; *
ARCH3S=Uf;Shape of ARCH3; No message ; *
ARCH4S=Uf;Shape of ARCH4; No message ; *
ARCH1T=Ud;Type of interpolation for ARCH1; No message ; *
ARCH2T=Ud;Type of interpolation for ARCH2; No message ; *
ARCH3T=Ud;Type of interpolation for ARCH3; No message ; *
ARCH4T=Ud;Type of interpolation for ARCH4; No message ; *
TJSPEC=Ud;Spec of tool jog for small RH type(0:-G5/1:G6-); No message ; *
MESNGL=Mr;Definition of singular point neighborhood(RL,AB,NF,other); No message ; *
CMPERR=Ud;Caution for CMP command (Enable=1/Disable=0); No message ; *
CMPFDTER=Md;Fdt check of CMP command (Enable=1/Disable=0); No message ; *
SPDOPT=Md;SPDOPT option (Enable=1/Disable=0); No message ; *
MSQAREA=Mf;SPDOPT area (inner radius,outer radius,radius of processing change); No message ; *
JOGPUSP=Md;Jog Opt.Ovrd Select SW (newer(1)/current(0)); No message ; *
MSQOVRDI=Mg;SPDOPT override (inner); No message ; *
MSQOVRDO=Mg;SPDOPT override (outer); No message ; *
PSP=Md;PSP mode(Not Use(0)/PSP(1)/PSP2(2)); No message ; *
PSPJ1DF=Mg;Permissible error of J1 angle (deg); No message ; *
MEWEIT=Mf;Load of bending compensation (using,min,max(kg),length of center of gravity(mm); No message ; *
MEBZOD=Md;Order of coefficient (Z); No message ; *
MEBZMN=Mg;Coefficient of bending compensation (Z:min); No message ; *
MEBZMX=Mg;Coefficient of bending compensation (Z:max); No message ; *
MEBBOD=Md;Order of coefficient (B); No message ; *
MEBBMN=Mg;Coefficient of bending compensation (B:min); No message ; *
MEBBMX=Mg;Coefficient of bending compensation (B:max); No message ; *
LDMPGN1=Md;(M_LDM=2) PGN1; No message ; *
LDMVGN1=Md;(M_LDM=2) VGN1; No message ; *
LDMJFK1=Ml;(M_LDM=2) Filter type (Joint); No message ; *
LDMJFT1=Mf;(M_LDM=2) Filter length [ms](Joint); No message ; *
LDMJFL1=Mf;(M_LDM=2) Period 1 of Filter [ms](Joint); No message ; *
LDMJFW1=Mf;(M_LDM=2) Weight of period 1 (Joint); No message ; *
LDMJFE1=Mf;(M_LDM=2) End of filter (Joint); No message ; *
LDMPFK1=Ml;(M_LDM=2) Filter type (Pose); No message ; *
LDMPFT1=Mf;(M_LDM=2) Filter length [ms](Pose); No message ; *
LDMPFL1=Mf;(M_LDM=2) Period 1 of Filter [ms](Pose); No message ; *
LDMPFW1=Mf;(M_LDM=2) Weight of period 1 (Pose); No message ; *
LDMPFE1=Mf;(M_LDM=2) End of filter (Pose); No message ; *
LDMPGN2=Md;(M_LDM=3) PGN1; No message ; *
LDMVGN2=Md;(M_LDM=3) VGN1; No message ; *
LDMJFK2=Ml;(M_LDM=3) Filter type (Joint); No message ; *
LDMJFT2=Mf;(M_LDM=3) Filter length [ms](Joint); No message ; *
LDMJFL2=Mf;(M_LDM=3) Period 1 of Filter [ms](Joint); No message ; *
LDMJFW2=Mf;(M_LDM=3) Weight of period 1 (Joint); No message ; *
LDMJFE2=Mf;(M_LDM=3) End of filter (Joint); No message ; *
LDMPFK2=Ml;(M_LDM=3) Filter type (Pose); No message ; *
LDMPFT2=Mf;(M_LDM=3) Filter length [ms](Pose); No message ; *
LDMPFL2=Mf;(M_LDM=3) Period 1 of Filter [ms](Pose); No message ; *
LDMPFW2=Mf;(M_LDM=3) Weight of period 1 (Pose); No message ; *
LDMPFE2=Mf;(M_LDM=3) End of filter (Pose); No message ; *
HNDT=Ud;Delay time of hand open/close (+C,-C,+B,-B,+A,-A,+Z,-Z,)[*0.1sec]; No message ; *
PLTCTYPE=Md;Type of circular arc PLT (0:Equivalent rot/1:Even div/-1:No exe); No message ; *
MEADJAMD=Mf;Modification coefficients of OADL [for MEGRMI](No.1,No.2); No message ; *
MEGRMI=Mg;Allowance moment of Decelerator(Nm); No message ; *
MEXDTL=Ug;Tool coordinate data for repairing positions tool; No message ; *
MEXDTL1=Ug;Tool coordinate data1 for repairing positions tool; No message ; *
MEXDTL2=Ug;Tool coordinate data2 for repairing positions tool; No message ; *
MEXDTL3=Ug;Tool coordinate data3 for repairing positions tool; No message ; *
MEXDTL4=Ug;Tool coordinate data4 for repairing positions tool; No message ; *
MEXDTL5=Ug;Tool coordinate data5 for repairing positions tool; No message ; *
MEXDTL6=Ug;Tool coordinate data6 for repairing positions tool; No message ; *
MEXDTL7=Ug;Tool coordinate data7 for repairing positions tool; No message ; *
MEXDTL8=Ug;Tool coordinate data8 for repairing positions tool; No message ; *
MEXDTL9=Ug;Tool coordinate data9 for repairing positions tool; No message ; *
MEXDTL10=Ug;Tool coordinate data10 for repairing positions tool; No message ; *
MEXDTL11=Ug;Tool coordinate data11 for repairing positions tool; No message ; *
MEXDTL12=Ug;Tool coordinate data12 for repairing positions tool; No message ; *
MEXDTL13=Ug;Tool coordinate data13 for repairing positions tool; No message ; *
MEXDTL14=Ug;Tool coordinate data14 for repairing positions tool; No message ; *
MEXDTL15=Ug;Tool coordinate data15 for repairing positions tool; No message ; *
MEXDTL16=Ug;Tool coordinate data16 for repairing positions tool; No message ; *
MEXDBS=Ug;Base coordinate data for repairing positions tool; No message ; *
LDGVCPST=Mg;Gravity correction value; No message ; *
LDTQCPST=Mg;Torque constant correction value; No message ; *
LDSMPL=Md;Number of samples(necessity at low speed,necessity at high speed,correction value); No message ; *
LDFILL=Mf;Moving average filter for low speed; No message ; *
LDFILH=Mf;Moving average filter for high speed; No message ; *
LDTHLD=Mg;Threshold(coefficient,vel[rad/s],vel[mm/s],acc[rad/s^2],acc[mm/s^2]); No message ; *
LDTRGAX=Mx;Execution axis(lower 8bits=low speed,upper 8bits=high speed); No message ; *
LDLMTL=Md;Limitation at low-speed(Movement(deg),Movement(mm),OVRD [lower](%),OVRD [upper](%)); No message ; *
LDLMTH=Md;Limitation at high-speed(Movement(deg),Movement(mm),OVRD [lower](%),OVRD [upper](%)); No message ; *
MFENA=Ud;Maintenance forecast (effective=1/invalidity=0); No message ; *
MFINTVL=Ud;Sampling level(1-5) and forecast interval(1-24 Hr); No message ; *
MFREPO=Ud;Warning generation and signal output for M.F.(effective=1/invalidity=0); No message ; *
MFWRNDAY=Ud;Warning generation day for maintenance forecast; No message ; *
MFOPTIME=Uf;Operating time each day; No message ; *
MFAXIS=Mx;Target axis of maintenance forecast; No message ; *
MFAXACT=My;Target axis of maintenance forecast #2; No message ; *
MFAXBSS=Mx;Axis of ball screw spline; No message ; *
MFPROCIT=Md;Process interval(torque calc., pre-calc., temp.calc., friction calc.); No message ; *
MFACCAVE=Md;Process interval(accumulation of average torque & rotation (min)); No message ; *
MFLGVGRS=Ml;Design longevity of grease (hour); No message ; *
MFLGVBLT=Ml;Design longevity of belt (hour); No message ; *
MFLGVDCL=Ml;Design longevity of decelerator (hour); No message ; *
MFLGVBSS=Ml;Amount of movement of grease replenishment (m); No message ; *
MFRMNTIM=Md;Method of calculating the remainder time (design value=1/relative=0); No message ; *
MFUSEPLS=Md;Pulse data used by processing (command=1/feedback=0); No message ; *
MFSAFECF=Mf;Safety coefficient; No message ; *
MFDCTR=Mg;Ratings load torque of decelerator (Nm); No message ; *
MFDCTRMX=Mg;Permissible value of average load torque (Nm); No message ; *
MFDCNR=Md;Rated speed of decelerator (rpm); No message ; *
MFDCL10=Ml;L10-longevity of decelerator (hour); No message ; *
MFTPRVC1=Mg;Coefficient #1 of expression for temp.of grease - exchange rotation count; No message ; *
MFTPRVC2=Mg;Coefficient #2 of expression for temp.of grease - exchange rotation count; No message ; *
MFTEMP=Mf;Temperature setting(reference, lower limit, upper limit)[centigrade]; No message ; *
MFREFREV=Md;Reference speed used by temperature presumption (rpm); No message ; *
MFFRTPC1=Mg;Coefficient #1 of expression for friction - temperature of grease; No message ; *
MFFRTPC2=Mg;Coefficient #2 of expression for friction - temperature of grease; No message ; *
MFFRTPC3=Mg;Coefficient #3 of expression for friction - temperature of grease; No message ; *
MFBTENSC=Mg;Coefficient to calculate average tension of belt; No message ; *
MFPLREVC=Mg;Coefficient to calculate average rotational speed of pooley; No message ; *
MFBTNSC1=Mg;Coefficient #1 to calculate standard tension of belt; No message ; *
MFBTNSC2=Mg;Coefficient #2 to calculate standard tension of belt; No message ; *
MFBTNSCP=Mg;Modification coefficient to calculate standard tension of belt; No message ; *
MFBWNDC1=Mg;Coefficient #1 to calculate number of windings of belt; No message ; *
MFBWNDC2=Mg;Coefficient #2 to calculate number of windings of belt; No message ; *
MFBWNDC3=Mg;Coefficient #3 to calculate number of windings of belt; No message ; *
MFBWNDC4=Mg;Coefficient #4 to calculate number of windings of belt; No message ; *
MFBLTNT=Md;Number of teeth of belt; No message ; *
MFPLNT=Md;Number of teeth of pooley; No message ; *
MFFLTQCL=Mf;Filter parameter of torque in collision detection processing; No message ; *
MFFLTQ=Mf;Filter parameter of torque; No message ; *
MFFLTQFR=Mf;Filter parameter of friction presumption; No message ; *
MFFLVL=Mf;Filter parameter of speed; No message ; *
MFFLTEMP=Mf;Filter parameter of temperature presumption; No message ; *
MFFCADJ=Mf;Adjustment value of forecast; No message ; *
LWSEP=Mf;Delimitation weight of filter length(kg); No message ; *
LWFLJL1=Mf;Joint, delimitaion weight1 of filter length(ms); No message ; *
LWFLJL2=Mf;Joint, delimitaion weight2 of filter length(ms); No message ; *
LWFLJL3=Mf;Joint, delimitaion weight3 of filter length(ms); No message ; *
LWFLJL4=Mf;Joint, delimitaion weight4 of filter length(ms); No message ; *
LWFLJL5=Mf;Joint, delimitaion weight5 of filter length(ms); No message ; *
LWFLJL6=Mf;Joint, delimitaion weight6 of filter length(ms); No message ; *
LWFLJWL1=Mf;Joint, delimitaion weight1 of filter window length(ms); No message ; *
LWFLJWL2=Mf;Joint, delimitaion weight2 of filter window length(ms); No message ; *
LWFLJWL3=Mf;Joint, delimitaion weight3 of filter window length(ms); No message ; *
LWFLJWL4=Mf;Joint, delimitaion weight4 of filter window length(ms); No message ; *
LWFLJWL5=Mf;Joint, delimitaion weight5 of filter window length(ms); No message ; *
LWFLJWL6=Mf;Joint, delimitaion weight6 of filter window length(ms); No message ; *
LWFLJWH1=Mf;Joint, delimitaion weight1 of filter window height; No message ; *
LWFLJWH2=Mf;Joint, delimitaion weight2 of filter window height; No message ; *
LWFLJWH3=Mf;Joint, delimitaion weight3 of filter window height; No message ; *
LWFLJWH4=Mf;Joint, delimitaion weight4 of filter window height; No message ; *
LWFLJWH5=Mf;Joint, delimitaion weight5 of filter window height; No message ; *
LWFLJWH6=Mf;Joint, delimitaion weight6 of filter window height; No message ; *
LWFLPL1=Mf;pose,  delimitaion weight1 of filter length(ms); No message ; *
LWFLPL2=Mf;pose,  delimitaion weight2 of filter length(ms); No message ; *
LWFLPL3=Mf;pose,  delimitaion weight3 of filter length(ms); No message ; *
LWFLPL4=Mf;pose,  delimitaion weight4 of filter length(ms); No message ; *
LWFLPL5=Mf;pose,  delimitaion weight5 of filter length(ms); No message ; *
LWFLPL6=Mf;pose,  delimitaion weight6 of filter length(ms); No message ; *
LWFLPWL1=Mf;pose, delimitaion weight1 of filter window length(ms); No message ; *
LWFLPWL2=Mf;pose, delimitaion weight2 of filter window length(ms); No message ; *
LWFLPWL3=Mf;pose, delimitaion weight3 of filter window length(ms); No message ; *
LWFLPWL4=Mf;pose, delimitaion weight4 of filter window length(ms); No message ; *
LWFLPWL5=Mf;pose, delimitaion weight5 of filter window length(ms); No message ; *
LWFLPWL6=Mf;pose, delimitaion weight6 of filter window length(ms); No message ; *
LWFLPWH1=Mf;pose, delimitaion weight1 of filter window height; No message ; *
LWFLPWH2=Mf;pose, delimitaion weight2 of filter window height; No message ; *
LWFLPWH3=Mf;pose, delimitaion weight3 of filter window height; No message ; *
LWFLPWH4=Mf;pose, delimitaion weight4 of filter window height; No message ; *
LWFLPWH5=Mf;pose, delimitaion weight5 of filter window height; No message ; *
LWFLPWH6=Mf;pose, delimitaion weight6 of filter window height; No message ; *
WUPENA=Ud;Warm up mode (1=enable/0=disable); No message ; *
WUPAXIS=Ux;Object axis of warm up mode; No message ; *
WUPTIME=Uf;Control time of warm up mode (effective time, restart time)[min]; No message ; *
WUPOVRD=Ud;Warm up override (initial value, ratio at time of constant value)[%]; No message ; *
WUPREV=Mf;Judgment value of joint movement [rpm]; No message ; *
WUPODAXS=Mx;Object axis of excessive error margin changing; No message ; *
WUPODSET=Mf;Setting for excessive error margin changing (time[sec], magnification); No message ; *
NMOPTGFN=Mx;Function of gain adjustment; No message ; *
NMOPTGAX=Mx;Axis for gain adjustment; No message ; *
MELNKL1=Mf;Length of link #1(X,Y,Z)[mm]; No message ; *
MELNKL2=Mf;Length of link #2(X,Y,Z)[mm]; No message ; *
MELNKL3=Mf;Length of link #3(X,Y,Z)[mm]; No message ; *
MELNKL4=Mf;Length of link #4(X,Y,Z)[mm]; No message ; *
MELNKL5=Mf;Length of link #5(X,Y,Z)[mm]; No message ; *
MELNKL6=Mf;Length of link #6(X,Y,Z)[mm]; No message ; *
MELNKL7=Mf;Length of link #7(X,Y,Z)[mm]; No message ; *
MELNKL8=Mf;Length of link #8(X,Y,Z)[mm]; No message ; *
NMOPTGC1=Sg;Adjustment coefficient of velocity filter gain for MvTune 1 (0.01-1.00); No message ; *
NMQOPGC1=Sg;Adjustment coefficient of velocity filter gain for MvTune 2 (0.01-1.00); No message ; *
NMHOPGC1=Sg;Adjustment coefficient of velocity filter gain for MvTune 3 (0.01-1.00); No message ; *
NMOPTLT1=Sf;Minimum and maximum value of velocity filter gain; No message ; *
NMOPTGC2=Sg;Adjustment coefficient of model loop gain for MvTune 1 (0.01-1.00); No message ; *
NMQOPGC2=Sg;Adjustment coefficient of model loop gain for MvTune 2 (0.01-1.00); No message ; *
NMHOPGC2=Sg;Adjustment coefficient of model loop gain for MvTune 3 (0.01-1.00); No message ; *
NMOPTLT2=Sf;Minimum and maximum value of model loop gain; No message ; *
NMOPTPOS=Mf;Standard position of resonance frequency cal.; No message ; *
NMOPTAL=Mf;Minimum and maximum value of OVRD correction (for AUTO:0.5-1.5); No message ; *
NMOPTALJ=Mf;Minimum and maximum value of OVRD correction (for JOG:0.5-1.5); No message ; *
PG1=Uf;Model loop gain; No message ; *
MEELMI=Mg;End link inertia [kgf mm s^2]; No message ; *
NMOTGBCP=Mf;Standard value of length calculation of ball screw[mm]; No message ; *
NMOTGBSC=Mg;Calculation coefficient of spring constant of ball screw[N m^2]; No message ; *
MEMT1STI=Mg;Total inertia of motor first side [10^-4 kg m^2]; No message ; *
DYNADIVN=Md;Dynamics delta dividing number; No message ; *
NMOPTSLC=Mg;Coefficient of speed limit for gain adjustment; No message ; *
MVTUNE1=Md;Setting of MvTune 1(Oadl, OPTG, Prec); No message ; *
MVTUNE2=Md;Setting of MvTune 2(Oadl, OPTG, Prec); No message ; *
MVTUNE3=Md;Setting of MvTune 3(Oadl, OPTG, Prec); No message ; *
MVTUNE4=Md;Setting of MvTune 4(Oadl, OPTG, Prec); No message ; *
VFCHGPRI=Md;Priority of V-Filter changing process (1-99); No message ; *
VFRSTMD=Ud;Reset mode of the velocity filter (1=newly/0=previous); No message ; *
FSPJOGMD=Md;Jog mode of passage of a singular point(disable(0)/enable(1)); No message ; *
FSPSFLG=Mx;Structural flag for passage of a singular point; No message ; *
FSPAREA=Mr;Definition of singular point area for passage of a singular point(RL,AB,NF,other); No message ; *
FSPARSCL=Mf;Changing rate of singular point area(RL,AB,NF,other); No message ; *
FSPVTHD=Mf;Speed regulations value[%]; No message ; *
FSPATHD=Mf;Acceleration regulations value[%]; No message ; *
FSPVTHDJ=Mf;Speed regulations value (Jog)[%]; No message ; *
FSPATHDJ=Mf;Acceleration regulations value (Jog)[%]; No message ; *
FSPVCSF=Mf;Scaling factor of speed correction; No message ; *
FSPVCSFJ=Mf;Scaling factor of speed correction (Jog); No message ; *
FSPJOGFL=Mf;Scaling factor of jog filter; No message ; *
FSPFUNC=Mx;Function switch for passage of a singular point; No message ; *
FSPACHK=Mf;Acceleration threshold[%]; No message ; *
FSPVLOW=Mf;Minimum value of speed correction[%]; No message ; *
MEXBSNO=Ud;Base coordinate Number; No message ; *
EBATCAPA=Mf;Total capacity of batteries for encoders(mAh); No message ; *
EBATCONS=Mg;Consumption current of batteries for encoders (power off, power on) (mAh); No message ; *
FINESPEC=Ux;Specification of reach confirmation command Fine; No message ; *
MHENA=Md;Multi-Hand Enable/Disable = 1/0; No message ; *
MHB1TYPE=Us;Type name of Multi-Hand Base 1; No message ; *
MHB2TYPE=Us;Type name of Multi-Hand Base 2; No message ; *
MHB3TYPE=Us;Type name of Multi-Hand Base 3; No message ; *
MHB4TYPE=Us;Type name of Multi-Hand Base 4; No message ; *
MHB5TYPE=Us;Type name of Multi-Hand Base 5; No message ; *
MHB6TYPE=Us;Type name of Multi-Hand Base 6; No message ; *
MHB7TYPE=Us;Type name of Multi-Hand Base 7; No message ; *
MHB8TYPE=Us;Type name of Multi-Hand Base 8; No message ; *
MHB1HC1=Uf;Hand 1 standard coordinates of Multi-Hand Base 1; No message ; *
MHB1HC2=Uf;Hand 2 standard coordinates of Multi-Hand Base 1; No message ; *
MHB1HC3=Uf;Hand 3 standard coordinates of Multi-Hand Base 1; No message ; *
MHB1HC4=Uf;Hand 4 standard coordinates of Multi-Hand Base 1; No message ; *
MHB2HC1=Uf;Hand 1 standard coordinates of Multi-Hand Base 2; No message ; *
MHB2HC2=Uf;Hand 2 standard coordinates of Multi-Hand Base 2; No message ; *
MHB2HC3=Uf;Hand 3 standard coordinates of Multi-Hand Base 2; No message ; *
MHB2HC4=Uf;Hand 4 standard coordinates of Multi-Hand Base 2; No message ; *
MHB3HC1=Uf;Hand 1 standard coordinates of Multi-Hand Base 3; No message ; *
MHB3HC2=Uf;Hand 2 standard coordinates of Multi-Hand Base 3; No message ; *
MHB3HC3=Uf;Hand 3 standard coordinates of Multi-Hand Base 3; No message ; *
MHB3HC4=Uf;Hand 4 standard coordinates of Multi-Hand Base 3; No message ; *
MHB4HC1=Uf;Hand 1 standard coordinates of Multi-Hand Base 4; No message ; *
MHB4HC2=Uf;Hand 2 standard coordinates of Multi-Hand Base 4; No message ; *
MHB4HC3=Uf;Hand 3 standard coordinates of Multi-Hand Base 4; No message ; *
MHB4HC4=Uf;Hand 4 standard coordinates of Multi-Hand Base 4; No message ; *
MHB5HC1=Uf;Hand 1 standard coordinates of Multi-Hand Base 5; No message ; *
MHB5HC2=Uf;Hand 2 standard coordinates of Multi-Hand Base 5; No message ; *
MHB5HC3=Uf;Hand 3 standard coordinates of Multi-Hand Base 5; No message ; *
MHB5HC4=Uf;Hand 4 standard coordinates of Multi-Hand Base 5; No message ; *
MHB6HC1=Uf;Hand 1 standard coordinates of Multi-Hand Base 6; No message ; *
MHB6HC2=Uf;Hand 2 standard coordinates of Multi-Hand Base 6; No message ; *
MHB6HC3=Uf;Hand 3 standard coordinates of Multi-Hand Base 6; No message ; *
MHB6HC4=Uf;Hand 4 standard coordinates of Multi-Hand Base 6; No message ; *
MHB7HC1=Uf;Hand 1 standard coordinates of Multi-Hand Base 7; No message ; *
MHB7HC2=Uf;Hand 2 standard coordinates of Multi-Hand Base 7; No message ; *
MHB7HC3=Uf;Hand 3 standard coordinates of Multi-Hand Base 7; No message ; *
MHB7HC4=Uf;Hand 4 standard coordinates of Multi-Hand Base 7; No message ; *
MHB8HC1=Uf;Hand 1 standard coordinates of Multi-Hand Base 8; No message ; *
MHB8HC2=Uf;Hand 2 standard coordinates of Multi-Hand Base 8; No message ; *
MHB8HC3=Uf;Hand 3 standard coordinates of Multi-Hand Base 8; No message ; *
MHB8HC4=Uf;Hand 4 standard coordinates of Multi-Hand Base 8; No message ; *
CAV=Ud;Collision avoidance (Use propriety,Init. state(RUN),Init. state(JOG)); No message ; *
SLPPSENA=Md;Preliminary Stop function of SLP (1:Active, 0:Diactive); No message ; *
CAVKDA1=Ud;Collision avoidance model for robot arm 1 (Attach arms,Model type); No message ; *
CAVKDA2=Ud;Collision avoidance model for robot arm 2 (Attach arms,Model type); No message ; *
CAVKDA3=Ud;Collision avoidance model for robot arm 3 (Attach arms,Model type); No message ; *
CAVKDA4=Ud;Collision avoidance model for robot arm 4 (Attach arms,Model type); No message ; *
CAVKDA5=Ud;Collision avoidance model for robot arm 5 (Attach arms,Model type); No message ; *
CAVKDA6=Ud;Collision avoidance model for robot arm 6 (Attach arms,Model type); No message ; *
CAVKDA7=Ud;Collision avoidance model for robot arm 7 (Attach arms,Model type); No message ; *
CAVKDA8=Ud;Collision avoidance model for robot arm 8 (Attach arms,Model type); No message ; *
CAVPSA1=Uf;Collision avoidance attach position for robot arm 1 (X,Y,Z,A,B,C); No message ; *
CAVPSA2=Uf;Collision avoidance attach position for robot arm 2 (X,Y,Z,A,B,C); No message ; *
CAVPSA3=Uf;Collision avoidance attach position for robot arm 3 (X,Y,Z,A,B,C); No message ; *
CAVPSA4=Uf;Collision avoidance attach position for robot arm 4 (X,Y,Z,A,B,C); No message ; *
CAVPSA5=Uf;Collision avoidance attach position for robot arm 5 (X,Y,Z,A,B,C); No message ; *
CAVPSA6=Uf;Collision avoidance attach position for robot arm 6 (X,Y,Z,A,B,C); No message ; *
CAVPSA7=Uf;Collision avoidance attach position for robot arm 7 (X,Y,Z,A,B,C); No message ; *
CAVPSA8=Uf;Collision avoidance attach position for robot arm 8 (X,Y,Z,A,B,C); No message ; *
CAVSZA1=Uf;Collision avoidance size for robot arm 1 (H/R,L,W); No message ; *
CAVSZA2=Uf;Collision avoidance size for robot arm 2 (H/R,L,W); No message ; *
CAVSZA3=Uf;Collision avoidance size for robot arm 3 (H/R,L,W); No message ; *
CAVSZA4=Uf;Collision avoidance size for robot arm 4 (H/R,L,W); No message ; *
CAVSZA5=Uf;Collision avoidance size for robot arm 5 (H/R,L,W); No message ; *
CAVSZA6=Uf;Collision avoidance size for robot arm 6 (H/R,L,W); No message ; *
CAVSZA7=Uf;Collision avoidance size for robot arm 7 (H/R,L,W); No message ; *
CAVSZA8=Uf;Collision avoidance size for robot arm 8 (H/R,L,W); No message ; *
CAVSCA1=Ud;Collision avoidance enable for robot arm 1 (Enable/Disable,Temp,Self collision avoidance); No message ; *
CAVSCA2=Ud;Collision avoidance enable for robot arm 2 (Enable/Disable,Temp,Self collision avoidance); No message ; *
CAVSCA3=Ud;Collision avoidance enable for robot arm 3 (Enable/Disable,Temp,Self collision avoidance); No message ; *
CAVSCA4=Ud;Collision avoidance enable for robot arm 4 (Enable/Disable,Temp,Self collision avoidance); No message ; *
CAVSCA5=Ud;Collision avoidance enable for robot arm 5 (Enable/Disable,Temp,Self collision avoidance); No message ; *
CAVSCA6=Ud;Collision avoidance enable for robot arm 6 (Enable/Disable,Temp,Self collision avoidance); No message ; *
CAVSCA7=Ud;Collision avoidance enable for robot arm 7 (Enable/Disable,Temp,Self collision avoidance); No message ; *
CAVSCA8=Ud;Collision avoidance enable for robot arm 8 (Enable/Disable,Temp,Self collision avoidance); No message ; *
RBCORD=Uf;Common coordinates for Collision avoidance (X,Y,Z,A,B,C); No message ; *
CAVAXJNO=Ud;Additional axis number (Run axis) checked by collision avoidance (ON/OFF = 7or8/0); No message ; *
SRVSIM=Ux;Servo Simulation Function; No message ; *
CORELOSS=Mf;Motor equivalent core-loss resistance [ohm]; No message ; *
CNVTYPE=Mx;Converter type; No message ; *
THWNGENC=Ud;Threshold of warning occurrence of encoder data error; No message ; *
LDESTHND=Mg;Hand data estimation result; No message ; *
LDESTWRK=Mg;Workpiece data estimation result; No message ; *
LDESTJS1=Mg;Joint type data for hand data estimation (starting point); No message ; *
LDESTJE1=Mg;Joint type data for hand data estimation (end point 1); No message ; *
LDESTJE2=Mg;Joint type data for hand data estimation (end point 2); No message ; *
LDESTCHK=Md;Use right or wrong of hand data estimation; No message ; *
LDESTDBG=Mx;Setting of hand data estimation; No message ; *
LDESTHNO=Md;Hand condition no. specified by workpiece data estimation; No message ; *
LDESTTYP=Md;The type of hand data estimation; No message ; *
LDESTV01=Md;The type and the override of hand data estimation without mass; No message ; *
LDESTV02=Md;The type and the override of hand data estimation with mass; No message ; *
LDESTV11=Md;The type and the override of workpiece data estimation without mass; No message ; *
LDESTV12=Md;The type and the override of workpiece data estimation with mass; No message ; *
LDELNKL3=Mf;Length of link #3 for hand data estimation (X,Y,Z)[mm]; No message ; *
LDELNKL4=Mf;Length of link #4 for hand data estimation (X,Y,Z)[mm]; No message ; *
LDELNKL5=Mf;Length of link #5 for hand data estimation (X,Y,Z)[mm]; No message ; *
DYNASPEC=Mx;Specification of dynamics calculation; No message ; *

