TBLVER=MS;™Fåh?™O›¸??åh–l??; No message ; *
TBLDATE=MS;™Fåh?™O›¸?^?; No message ; *
FILESIZE=Md;@?????ú}; No message ; *
RBSERIAL=Us;˜Ô????????›º; No message ; *
RLNG=Ud;˜Ô????˜Ô?™Q™L??(1:MELFA-BASIC4/2:MELFA-BASIC5); No message ; *
RLNGSPEC=Mx;?DšŞ?‘¤˜Ô?????(bit0:MMC/bit1:MB4/bit2:MB5); No message ; *
DOORSWCQ=Md;?ŒX????????; No message ; *
ALIGNTYP=Ud;ŒX™Q??™E???D(0:??/1:úf??); No message ; *
MEAXS=Ml;??; No message ; *
MEJSTR=Mx;?œ¹? ???(?›×?/úÓ??); No message ; *
MEPSTR=Mx;??? ???(?›×?); No message ; *
MEPDST=Mx;??? ???(úÓ??); No message ; *
MECSTR=Mx;??? ???; No message ; *
MEJUNT=Mx;?œ¹? M??(1:mm/0:deg); No message ; *
MEPUNT=Mx;??? M??(1:mm/0:deg); No message ; *
MECUNT=Mx;??? M??(1:mm/0:deg); No message ; *
MEMFL1=Sl;???™Q?????; No message ; *
MEMFL2=Sl;???™Q?????; No message ; *
MESFLG=My;???™Q?????™Eåh?; No message ; *
MEJDP=MS;?œ¹?åh™EúÓ???; No message ; *
MEPDP=MS;???åh™EúÓ???; No message ; *
MECDP=MS;???åh™EúÓ???; No message ; *
MELDP=MS;?????åh™EúÓ???; No message ; *
DISPCTYP=Ud;??ŠöúÓ?‘]›é ??(1)???(0); No message ; *
MEXBS=Ug;‹Våh????; No message ; *
MEXTL=Ug;™Håh™O???; No message ; *
MEXTLNO=Ui;™Håh™O?›º; No message ; *
MEXTL1=Ug;™Håh™O?åh™E?; No message ; *
MEXTL2=Ug;™Håh™O?åh™E?; No message ; *
MEXTL3=Ug;™Håh™O?åh™E?; No message ; *
MEXTL4=Ug;™Håh™O?åh™EŒW; No message ; *
MEXTL5=Ug;™Håh™O?åh™E?; No message ; *
MEXTL6=Ug;™Håh™O?åh™E?; No message ; *
MEXTL7=Ug;™Håh™O?åh™E?; No message ; *
MEXTL8=Ug;™Håh™O?åh™Eúa; No message ; *
MEXTL9=Ug;™Håh™O?åh™E?; No message ; *
MEXTL10=Ug;™Håh™O?åh™E??; No message ; *
MEXTL11=Ug;™Håh™O?åh™E??; No message ; *
MEXTL12=Ug;™Håh™O?åh™E??; No message ; *
MEXTL13=Ug;™Håh™O?åh™E??; No message ; *
MEXTL14=Ug;™Håh™O?åh™E?ŒW; No message ; *
MEXTL15=Ug;™Håh™O?åh™E??; No message ; *
MEXTL16=Ug;™Håh™O?åh™E??; No message ; *
MEXSBS=Ug;??™F™L‹Våh?????œÀ????????; No message ; *
MEXSTL=Ug;??™F™L™Håh™O???; No message ; *
MEARM=Mf;ŒXåh™L‘}; No message ; *
MEARMS=Mf;ŒXåh™L????ŒŸ; No message ; *
TLC=Us;TL/MT/MTS?????????; No message ; *
MEMARF=Ud;ABS™P?????(1)???(0); No message ; *
MEMAR=Uf;ABS?›¸??˜«??(deg,mm); No message ; *
MEJAR=Uf;?œ¹?›¸??˜«??(deg,mm); No message ; *
MEPAR=Uf;???›¸??(mm) -X,+X,-Y,+Y,-Z,+Z; No message ; *
MECAR=Uf;???›¸????œ„˜ò????? [mm], J2?????(?); No message ; *
ZPC1=Md;sv001 ??™AŒX(ö?); No message ; *
ZPC2=Md;sv002 ??™AŒX(ö?); No message ; *
ZENC1=Md;sv003 ?åh™E??ê˜Ÿ?ö??1[bit]; No message ; *
ZSV004=Md;sv004 ?????; No message ; *
ZSPEC1=Mx;sv005 ?åh??Š?D1; No message ; *
ZSPEC2=Mx;sv006 ?åh??Š?D2; No message ; *
ZSPEC3=Mx;sv007 ?åh??Š?D3; No message ; *
ZSSF1=Mx;sv008 ?åh????D1; No message ; *
ZSSF2=Mx;sv009 ?åh????D2; No message ; *
ZSSF3=Mx;sv010 ?åh????D3; No message ; *
ZMTYP=Mx;sv011 ?åh™E™E???D; No message ; *
ZPTYP=Mx;sv012 ?™Råh??™Q?™E???D; No message ; *
ZPGN1=Sd;??™Oåh????1 [rad/s]; No message ; *
ZPGN2=Md;sv014 ??™Oåh????2[rad/s]; No message ; *
ZPGN3=Md;sv015 ??™Oåh????3[rad/s]; No message ; *
ZVGN1=Sd;œì?™Oåh????1; No message ; *
ZVGN2=Md;sv017 œì?™Oåh????2; No message ; *
ZVGN3=Md;sv018 œì?™Oåh????3; No message ; *
ZSV019=Md;sv019 ?????; No message ; *
ZVIA=Sd;œì?™Oåh??ö???; No message ; *
ZODEMG=Md;sv021 ?›È?æÁê˜Ÿ?@??(????‹Äœì?)[%]; No message ; *
ZSV022=Md;sv022 ?????; No message ; *
ZFFC=Md;sv023 ?œì?FF???; No message ; *
ZTOF=Md;sv024 ?™O??????[%]; No message ; *
ZIQA=Md;sv025 ??™Oåh?q?????; No message ; *
ZIDA=Md;sv026 ??™Oåh?d?????; No message ; *
ZIQG=Md;sv027 ??™Oåh?q????; No message ; *
ZIDG=Md;sv028 ??™Oåh?d????; No message ; *
ZFHZ1=Ud;???”p??1[Hz]?????????™O™E?; No message ; *
ZFHZ2=Ud;???”p??2[Hz]?????????™O™E?; No message ; *
ZFHZ4=Md;sv031 ?????™O™E”p??4[Hz]; No message ; *
ZFHZ5=Md;sv032 ?????™O™E”p??5[Hz]; No message ; *
ZNFD=Ux;???œŠ??D?????????™O™E?; No message ; *
ZIQFT=Ud;˜Ôåh????™O™E?????????[0.1ms]; No message ; *
ZJL=Md;sv035 ì???åh??[10^-6kgm^2]; No message ; *
ZOB1=Md;sv036 ?????åh???™O™E”p??[rad/s]; No message ; *
ZOB2=Md;sv037 ?????åh????[%]; No message ; *
ZMSFT=Md;sv038 ?›g???ŒŸ[10^-2deg]; No message ; *
ZEC1=Md;sv039 …????œ©???[%]; No message ; *
ZTDC1=Md;sv040 TD?œ©???1[%]; No message ; *
ZOVC=Md;sv041 ?åh™E???ê˜Ÿ?‹V™O[%]; No message ; *
ZICX=Md;sv042 ????ŒX?1; No message ; *
ZICY=Md;sv043 ????ŒX?2; No message ; *
ZIB1=Md;sv044 ????ŒX?3; No message ; *
ZINP=Md;sv045 ??‰­–l???ê˜Ÿ?[pls]; No message ; *
ZZSP=Md;sv046 ?˜Ô??åh?êúÈ?[rpm]; No message ; *
ZILT1=Md;sv047 ?????(???)[%]; No message ; *
ZILT2=Md;sv048 ?????(JOG?)[%]; No message ; *
ZOLT=Md;sv049 ?ì?ê˜Ÿ???[?]; No message ; *
ZOLL1=Md;sv050 ?ì?ê˜Ÿ?‹V™O(???›¸?); No message ; *
ZOLL2=Md;sv051 ?ì?ê˜Ÿ?‹V™O(?œì?›¸?); No message ; *
ZOLL3=Md;sv052 ?ì?ê˜Ÿ?‹V™O(???); No message ; *
ZOD1=Md;sv053 ?›È?æÁê˜Ÿ?1(?åh????)[1000pls]; No message ; *
ZOD2=Md;sv054 ?›È?æÁê˜Ÿ?2(?åh????)[1000pls]; No message ; *
ZOD3=Md;sv055 ?›È?æÁê˜Ÿ?3(JOG?›¸?)[1000pls]; No message ; *
ZORRW=Md;sv056 ?????›]?ŒŸ˜­???[W?™[]; No message ; *
ZORTL=Md;sv057 ????‹V™Oê˜Ÿ???[?]; No message ; *
ZEMGRT=Md;sv058 ?šØ?—šØ????[ms]; No message ; *
ZEMGXT=Md;sv059 ??????åh????æÁ????[ms]; No message ; *
ZEMGT=Md;sv060 ?????‹Äœì???[ms]; No message ; *
ZEMGDLY=Md;sv061 ??????åh™@?›¸????[ms]; No message ; *
ZDA1NO=Md;sv062 D/A˜Ÿ¯????™O1??åh™E?›º; No message ; *
ZDA2NO=Md;sv063 D/A˜Ÿ¯????™O2??åh™E?›º; No message ; *
ZDA1MPY=Md;sv064 D/A˜Ÿ¯????™O1?˜Ÿ¯??[%]; No message ; *
ZDA2MPY=Md;sv065 D/A˜Ÿ¯????™O2?˜Ÿ¯??[%]; No message ; *
ZTMXQ=Md;sv066 ?™O??æÁ??? Kq[%]; No message ; *
ZTMXD=Md;sv067 ?™O??æÁ??? Kd[%]; No message ; *
ZONGT=Md;sv068 ?åh?ON?ú|??????[ms]; No message ; *
ZTMXV=Md;sv069 ?™O??æÁ???????›{??[%]; No message ; *
ZONGV=Md;sv070 ?åh?ON?ú|??????[%]; No message ; *
ZPDIZ=Md;sv071 ?????????˜«[??%]; No message ; *
ZEMGREV=Md;sv072 ?????‹Äœì???Šö?[rpm]; No message ; *
ZOVS=Md;sv073 ?œì?ê˜Ÿ?‹V™O[rpm]; No message ; *
ZIQFL=Sd;??????™O™E?; No message ; *
ZOLW=Md;sv077 ?ì??›Å?‹V™O[%]; No message ; *
ZATYP=Mx;sv078 ŒX??™E???D; No message ; *
ZFAN=Mx;sv079 ???ŒX™Qåh™L????™Eåh?; No message ; *
ZMPGN1=Sd;??™O?????1 [rad/s]; No message ; *
ZMPGN2=Md;sv081 ??™O?????2[rad/s]; No message ; *
ZMPGN3=Md;sv082 ??™O?????3[rad/s]; No message ; *
ZLMC1=Sd;˜Ô???åh????œ©ŒŸ1; No message ; *
ZLMC2=Sd;˜Ô???åh????œ©ŒŸ2; No message ; *
ZLMCT=Md;sv085 ˜Ô???åh????œ©æˆ¦œå; No message ; *
ZLMCD=Md;sv086 ˜Ô???åh????œ©???[0.1ms]; No message ; *
ZVSC1RPM=Md;sv087 ??????1???œì?[rpm]; No message ; *
ZSV088=Md;sv088 ?????; No message ; *
ZSV089=Md;sv089 ?????; No message ; *
ZSV090=Md;sv090 ?????; No message ; *
ZSV091=Md;sv091 ?????; No message ; *
ZSV092=Md;sv092 ?????; No message ; *
ZSV093=Md;sv093 ?????; No message ; *
ZSV094=Md;sv094 ?????; No message ; *
ZSV095=Md;sv095 ?????; No message ; *
ZSV096=Md;sv096 ?????; No message ; *
ZSV097=Md;sv097 ?????; No message ; *
ZORTL2=Md;sv098 ????‹[???2[?]; No message ; *
ZVSC1VGL=Md;sv099 ??????1????šØ??[%]; No message ; *
ZGDR=Md;sv100 ???‹Ä??[%]; No message ; *
ZGDRRPM=Md;sv101 ???‹Ä?šô›Ûœì?[rpm]; No message ; *
ZTMOF=Md;sv102 ???åh????????[?]; No message ; *
ZTMXC=Md;sv103 ?™O??æÁ?????™P???[%]; No message ; *
ZILT3=Md;sv104 ?????(?????)[%]; No message ; *
ZLMC3=Md;sv105 ˜Ô???åh????œ©ŒŸ3; No message ; *
ZRRDBG1=Md;sv106 ????›á??R1[msec]; No message ; *
ZRRDBG2=Md;sv107 ????›á??R2[V]; No message ; *
FBGAIN=Ud;??åh?????????›{?[%] (50?150); No message ; *
PYLDMODE=Ud;šŞË?åh?(0:??/1:?šŞË); No message ; *
PYLDPGN1=Sd;?šŞË?åh????™Oåh??????›{?[%] (1?200); No message ; *
PYLDVIA=Sd;?šŞË?åh??œì?™Oåh??ö?????›{?[%] (1?200); No message ; *
PYLDACTG=Sd;?šŞË?åh??ŒX?™F???????›{?[%] (1?200); No message ; *
ORGNO=Md;›˜???‘]›é?’d(default=??????); No message ; *
MEORGNO=Md;???›˜???‘]›é?’d?-1:s??/0:?åh?/1:??/3:‘Ñ›m/4:ABS/6:?åh™E?; No message ; *
USERORG=Uf;?åh???›˜???; No message ; *
MORG=Uf;??????›˜???(?œ¹??); No message ; *
EORG=Mf;‘Ñ›m›˜???(?œ¹??); No message ; *
AORG=Mf;ABS›˜???(?œ¹??); No message ; *
IORG=Mf;ŒX??åh?›˜???(?œ¹??); No message ; *
XORG=Mf;???›˜???(?œ¹??); No message ; *
UAORG=Sf;?åh?ABS›˜???(?œ¹??); No message ; *
JSAFE=Uf;?????; No message ; *
ESCMODE=Ud;??????›¸?åh???™ÀTCP????™À????™OI/F???; No message ; *
J1OFFSET=Mf;J1????????(????/????, ???????[?]); No message ; *
PRGDPNTM=Ud;’¤???šØ?úÓ?ú©?; No message ; *
LUMP=Ud;˜Ô??????™Q????(1/2=?åh???/œÙ›¸??); No message ; *
JGJ=MF;?œ¹–l??/???åh?œì?(??(deg),?œì(%),?œì(%)); No message ; *
ACCELMAX=Mf;ACCEL????æÁ?™À?œì?‹Äœì(%); No message ; *
JACL=Mg;?œ¹?œì??(sec); No message ; *
JDCL=Mg;?œ¹‹Äœì??(sec); No message ; *
JSDCL=Mg;?œ¹??‹Äœì??(sec); No message ; *
JEDCL=Mg;?œ¹????‹Äœì??(sec); No message ; *
PACL=Mg;???œì??(sec); No message ; *
PDCL=Mg;??‹Äœì??(sec); No message ; *
PSDCL=Mg;????‹Äœì??(sec); No message ; *
PEDCL=Mg;??????‹Äœì??(sec); No message ; *
MEGRTN=Ml;•®?œì?(™A?? ö?); No message ; *
MEGRTD=Ml;•®?œì?(™A?? ö?); No message ; *
MEBLTN=Ml;‹V™O??•¥?‹Äœì?(ö?)L1?J3,L2?J3,L1?J4,L2?J4; No message ; *
MEBLTD=Ml;‹V™O??•¥?‹Äœì?(ö?)L1?J3,L2?J3,L1?J4,L2?J4; No message ; *
MEMREV=Ml;?åh™E???Šö?(rpm); No message ; *
MEMREV2=Ml;?åh™E???Šö?2(rpm); No message ; *
MEJMX=Md;œì?™P????Šö?(rpm); No message ; *
MEENCR=Ml;???åh™E?úy???????åh??™O??; No message ; *
MEENCMTB=Ml;???åh???Šö?åh™Ebit?(0?32); No message ; *
MESJAP=Md;?œ¹?Ã?åh??Ã??•­??; No message ; *
MESPOL=Mx;?œ¹? ?åh™E?Šö‘]ú¬; No message ; *
MEPCTL=Mx;????‘]›é(INC/ABS=0/1); No message ; *
SGCT=Md;?åh??˜æ?????@???(msec); No message ; *
MEMECH=Ms;???–l?åh™O?D?™Q?åh™E; No message ; *
MEMECSUB=Md;???–l?åh™O???™F‹¡™P; No message ; *
MEBRJ=Sl;??åh™@??šŞ????(0:??æšŞ,1:??šŞ); No message ; *
MEBRJAX=Ml;??åh™@??????Œ›???›º; No message ; *
MEBRAL=Ml;????åh™@?(0:???úf,1:????åh™@); No message ; *
MEBKTI=Ml;????åh™@ON/OFF??(ms)(˜Ô????,?úf??); No message ; *
BRKMD=Ul;??åh™@?úf?åh? 0/1=??/??›é; No message ; *
BRKHWFL=Sd;??åh™@?????????™O™E‘} ???,?šØ?,FS?? (ms,ms,?); No message ; *
MELTEX=Mf;??????(?:??’ã??úy???i????‘¤?); No message ; *
MELTEX2=Mf;??????2(?:??’ã??úy???i????‘¤?); No message ; *
MELTEX3=Mf;??????3(?:??’ã??úy???i????‘¤?); No message ; *
MELTEXS=Ud;????????Š(?:??’ã??úy???i????‘¤?); No message ; *
KPPOSTMG=Md;?åh?ON????????™E???? 0/1=??/??åh™@?????; No message ; *
POSCHKAX=Mx;??????????????=0xffff; No message ; *
MEOD4=Md;??ê˜Ÿ??›È?æÁê˜Ÿ?(???åh?ö??? %); No message ; *
RCD=Ud;???(R)????D ›_???(3)/???(2)/?œ¹?(1)/???(0); No message ; *
TKPC=Ud;???????(1)???(0); No message ; *
IPOLABC=Md;3????????????’ãABC??’ã??(1)??‘¤?(0); No message ; *
IPOLTYP=Md;?œÉ/?????TYPE???ª???; No message ; *
PMX=Mf;?œÉ??œì?????(mm/sec); No message ; *
PNRM=Mf;?œÉ??›{?; No message ; *
PVMX=Mf;?œÉ??????œì?[mm/s]; No message ; *
JOVRD=Mf;?œ¹œì?›{?; No message ; *
OPTOVC=Uf;???åh?åh™Q??????›{?(0.30?1.00); No message ; *
RETLMT=Uf;s??; No message ; *
HANDINIT=Ud;?ŒXåhú|????™E??åh????œğúa?; No message ; *
HANDTYPE=Us;ú|??1-8?™E??(???™O/??™O/??˜Ô=S***/D***/UMAC*); No message ; *
HANDDLY=Ud;GC/GOú|??šô???????????msec?; No message ; *
AXSYNC=Ud;?????????úx? ??/?? = 0/7or8; No message ; *
AXDIR=Uf;?????‘]ú¬™À‹Våh????”p???Šö?? X?,Y?,Z?(deg); No message ; *
LMTPLS=Ml;—šØ???™O?; No message ; *
MXTEXE=Md;MXT/MXS????›]šŞ 1/0 = šŞ/æšŞ; No message ; *
CMDSPEC=Mx;??????Š(nrmocmdspec.h??œq); No message ; *
FANMON=Mx;???????™E?™J????(1/0=ON/OFF); No message ; *
VELSPEC=Ux;???‹Äœì?“è??; No message ; *
PLTSPEC=Ud;???????? DEF PLT??Š; No message ; *
MEMKSTL=Mf;œ´?????????›{? (??????’¤?(?Šö)??’¤?(™P?ŒX)); No message ; *
SVPC1=Md;?åh™E?™A??					sv001 PC1; No message ; *
SVRSYS=Mx;˜Ô??????™Q?åh™E	rb1281 RSYS; No message ; *
SVEMGDLY=Md;??????S/W EMG?????Œ†????(ms); No message ; *
SVEMGCFG=Ud;???????? 1/0 = ??/??; No message ; *
SVSPFUNC=Mx;?åh?????; No message ; *
SVOFFTIM=Md;?åh?OFF?????(msec); No message ; *
SVOFFSTD=Md;?åh?OFF?????(msec); No message ; *
SVONSTD=Md;?åh?ON?????(msec); No message ; *
SVRCRG=Mx;R/C™E??úİ ??????/????; No message ; *
OLTMX=Ud;”p?????æÁ??[?]; No message ; *
OLTMXLT=Md;OLTMXšØ??[?]; No message ; *
OLPTM=Md;?åh™E›]???[?]; No message ; *
OLPTE=Md;???åh?›]???[?]; No message ; *
OLCMX=Md;ZOLL›×˜Ÿ???; No message ; *
OLCAM=Mf;ZOLL›×˜Ÿ?›{?A (?åh™E?; No message ; *
OLCBM=Mf;ZOLL›×˜Ÿ?›{?B (?åh™E?; No message ; *
OLCAE=Mf;ZOLL›×˜Ÿ?›{?A (???åh??; No message ; *
OLCBE=Mf;ZOLL›×˜Ÿ?›{?B (???åh??; No message ; *
OLOH=Md;?åh™E?åh?åh?åh??™QåhêúÈ??[?]; No message ; *
OLOHW=Md;?åh™E?åh?åh?åh??›ÅêúÈ??[?]; No message ; *
MOHW=Ud;?åh™E?åh?åh?åh??›Å ??[1]/??[0]; No message ; *
MEAXIFTP=Md;???™E??(nrmetype_.h?œq); No message ; *
MEAXIFN=Md;?????ö?(?æÁŒW?); No message ; *
MEAXIFD=Md;?????ö?(?æÁŒW?); No message ; *
MESLRT=Mf;J3?æÁœì?ÃJMX???(%); No message ; *
MEIFAX=Mx;??? ???; No message ; *
VFLJK=Sl;œì???™O™E?¢(?œ¹); No message ; *
VFLJL=Sf;œì???™O™E‘}[ms](?œ¹); No message ; *
VFLJL1=Sf;œì???™O™E??1‘}?[ms](?œ¹); No message ; *
VFLJW1=Sf;œì???™O™E??1œK?(?œ¹); No message ; *
VFLJE=Sf;œì???™O™E????ŒŸ›¸?›{?(?œ¹); No message ; *
VFLPK=Sl;œì???™O™E?¢(??); No message ; *
VFLPL=Sf;œì???™O™E‘}[ms](??); No message ; *
VFLPL1=Sf;œì???™O™E??1‘}?[ms](??); No message ; *
VFLPW1=Sf;œì???™O™E??1œK?(??); No message ; *
VFLPE=Sf;œì???™O™E????ŒŸ›¸?›{?(??); No message ; *
CPDST=Uf;?›¸?????@?? ™P???(mm); No message ; *
MEOPFL=Mf;O/P?åh?™Q????™O™E1@?›{?,2™À??™O™E‘}(it?); No message ; *
MEOPVCF=Mf;O/P?åh?™Q??œì??œ©›{?; No message ; *
OVOR=Sd;??????œì????åh?; No message ; *
IPLFUNC=My;?????™Q?; No message ; *
TRMECH=Md;?™Q?™@?????úİ??; No message ; *
TRADJ1=Uf;?™Q?™@????›{?1; No message ; *
TRADJ2=Uf;?™Q?™@????›{?2; No message ; *
TRPVMX=Mf;?™Q?™@??????œì??œ©??; No message ; *
TRJVMX=Mf;?™Q?™@???œ¹??œì??œ©??; No message ; *
TRPACL=Uf;?™Q?™@?????æÁ?œì???œ©??; No message ; *
TRPDCL=Uf;?™Q?™@?????æÁ‹Äœì???œ©??; No message ; *
TRJACL=Mf;?™Q?™@???œ¹?æÁ?œì???œ©??; No message ; *
TRJDCL=Mf;?™Q?™@???œ¹?æÁ‹Äœì???œ©??; No message ; *
TROADL=Mf;?™Q?™@?????‹Äœì???œ©??; No message ; *
TRSYDST=Mf;?™Q?™@??????? [mm]; No message ; *
TRSYRT=Mf;?™Q?™@???œ¹?æÁ‹Äœì???œ©??; No message ; *
TRVFL=Mf;?™Q?™@??œì?????????™O™E????œ©?; No message ; *
ACCMODE=Ud;?‹Äœì?åh????(0:???‹Äœì,1:???‹Äœì); No message ; *
MEGDIR=Sf;‹Våh???’ã???œK¯‘]ú¬?Kg/mm); No message ; *
MELNKM=Sf;[W1-W6]™P???ŒŸ?Kg); No message ; *
MELNKM2=Sf;[W7-W12]™P???ŒŸ?Kg); No message ; *
LOADMODE=Md;šŞË?åh????? (1:RH18Kg / 0:RH20Kg); No message ; *
MINJOVRD=Mg;???‹Äœì’ã???œ¹?åh?åh™Q???šØ??; No message ; *
METMAX1=Sf;œì??????™O?™P??™E[Nm]?œì??›×; No message ; *
METMAX2=Sf;›]??æÁœì????™O?™P??™E[Nm]?œì??›×; No message ; *
MEINFPT=Sg;œì?˜«?™O?›hœÉ?@›h???œì??[rad/s]; No message ; *
MEVBTOR=Sf;?Šö???œ©?™O?[Nm]?œì??›×; No message ; *
MEVELMAX=Sg;???›]???œì??[rad/s],[mm/s]?œì?; No message ; *
MELVEL=Sf;?œÉ??????‹Í™O?œÉœì?[m/s]; No message ; *
METORLMT=Sf;????‹Äœì‘¤????™O??åh?åh?????™O?™P???’ã?????; No message ; *
MECALRPT=Sd;???‹Äœì???ú???(Mov,Mvs); No message ; *
MEOPTOVR=Sd;?åh?åh™Q??????™Q? (1:?úx / 0:??‘¤?); No message ; *
MEADJSPD=Sd;?????œì??œ©?™Q? (1:?úx / 0:??‘¤?); No message ; *
ACLLJ=Sg;???œì?šØ?Ã??™À?œ¹(sec); No message ; *
ADLLJ=Sg;??‹Äœì?šØ?Ã??™À?œ¹(sec); No message ; *
ACLLP=Sg;???œì?šØ?Ã??™À??(sec); No message ; *
ADLLP=Sg;??‹Äœì?šØ?Ã??™À??(sec); No message ; *
ADLCOEF=Sf;???‹Äœì????›{?(?œì›{?,‹Äœì›{?); No message ; *
AMNJ=Sg;????œ¹?œì???’¤?(sec); No message ; *
DMNJ=Sg;????œ¹‹Äœì???’¤?(sec); No message ; *
AMNP=Sg;??????œì???’¤?(sec); No message ; *
DMNP=Sg;?????‹Äœì???’¤?(sec); No message ; *
AMXJ=Sg;????œ¹?œì???æÁ?(sec); No message ; *
DMXJ=Sg;????œ¹‹Äœì???æÁ?(sec); No message ; *
AMXP=Sg;??????œì???æÁ?(sec); No message ; *
DMXP=Sg;?????‹Äœì???æÁ?(sec); No message ; *
MECOEFJ=Sf;???‹Äœì?? ?œ©›{?(?œì›{?,‹Äœì›{?); No message ; *
MECOEFP=Sf;???‹Äœì?? ?œ©›{?(?œì›{?,‹Äœì›{?); No message ; *
MEFILJON=Sd;?œ¹??‹Äœì?›×??????????˜ò (1:?úx / 0:??‘¤?); No message ; *
MEFILPON=Sd;?œÉ??‹Äœì?›×??????????˜ò (1:?úx / 0:??‘¤?); No message ; *
ACLSPEC1=Md;???‹Äœì??‹Äœì??œ©??????˜ò(1:???? / 0:?‘¤?); No message ; *
ACLSPEC2=Mx;???‹Äœì(?œÉ)?œì??™O??åh?åh??(Bit0:œì?,Bit1:?™O?); No message ; *
ACLPSPDR=Mf;	???‹Äœì?œÉ??œì??åh?åh™Q???ovrd2min’ã????œ©?; No message ; *
JADL=Uf;???‹Äœì???‹Äœì?œ©???????M??(?); No message ; *
JADLSPEC=Ud;???‹Äœì?œ©???œ©‘]›é(1=?‘]›é/0=œI?‘]›é); No message ; *
OPTOVC2A=Mf;???‹Äœì?œÉ???œ©›{??(optovc2amin,ovrd2min1,ovrd2min2); No message ; *
OPTOVC2B=Mf;???‹Äœì?œÉ???œ©›{?˜Ù(optovc2amin,kgt21,kgt22); No message ; *
MECTRCJ=Mf;???‹Äœì(?œ¹??) ??ú??›×?œ©????(?œì,‹Äœì); No message ; *
MECTRCP=Mf;???‹Äœì(?œÉ??) ??ú??›×?œ©????(?œì,‹Äœì); No message ; *
OADLFUNC=Mx;???‹Äœì ????; No message ; *
MEPMLEN=Mf;???›¸???? ????[mm]; No message ; *
MEVBTOR2=Mf;2”²???Šö???œ©?™O?[Nm]?œì??›×; No message ; *
MEMAPJ0=Mg;•U???‹Äœì?™Fåh?™O?	?œ©?™PŒX???œì???‹Äœì??[s]; No message ; *
MEMAPJ1=Md;??™O™E?@???˜ò?úx˜ò(1:?úx/0:??‘¤?); No message ; *
MEMAPJ2=Md;??™O™E@?????™O™E™E??(1:?t??/2:????; No message ; *
MEMAPJ3=Mg;?œ©?™PŒX???œì??™O™E????‹Äœì??™O™E???[ms]; No message ; *
MEMAPJ4=Mg;?œ©?™PŒX??????‘}[ms]??œì?‹Äœì; No message ; *
MEMAPJ5=Mg;?œ©?™PŒX?????œK???œì?‹Äœì; No message ; *
MEMAPJ6=Mg;?™PŒX??????ú€lim, ú€s[rad]; No message ; *
MEMAPJ7=Mg;?™PŒX??????ú€f,   ú€b[rad]; No message ; *
MEMAPJ8=Md;z, ú€??????’ã??˜ò(1:??/0:??); No message ; *
MEMAPJ9=Mg;J1J2???™O™L[rad]???; No message ; *
MEMAPP0=Mg;•U???‹Äœì?™Fåh?™O?	?œ©?™PŒX???œì???‹Äœì??[s]; No message ; *
MEMAPP1=Md;??™O™E?@???˜ò?úx˜ò(1:?úx/0:??‘¤?); No message ; *
MEMAPP2=Md;??™O™E@?????™O™E™E??(1:?t??/2:????; No message ; *
MEMAPP3=Mg;?œ©?™PŒX???œì??™O™E????‹Äœì??™O™E???[ms]; No message ; *
MEMAPP4=Mg;?œ©?™PŒX??????‘}[ms]??œì?‹Äœì; No message ; *
MEMAPP5=Mg;?œ©?™PŒX?????œK???œì?‹Äœì; No message ; *
MEMAPP6=Mg;?™PŒX??????ú€lim, ú€s[rad]; No message ; *
MEMAPP7=Mg;?™PŒX??????ú€f,   ú€b[rad]; No message ; *
MEMAPP8=Md;z, ú€??????’ã??˜ò(1:??/0:??); No message ; *
MEMAPP9=Mg;J1J2???™O™L[rad]???; No message ; *
MEMAPR0=Mg;•U???‹Äœì?™Fåh?™O?	?œ©?™PŒX???œì???‹Äœì??[s]; No message ; *
MEMAPR1=Md;??™O™E?@???˜ò?úx˜ò(1:?úx/0:??‘¤?); No message ; *
MEMAPR2=Md;??™O™E@?????™O™E™E??(1:?t??/2:????; No message ; *
MEMAPR3=Mg;?œ©?™PŒX???œì??™O™E????‹Äœì??™O™E???[ms]; No message ; *
MEMAPR4=Mg;?œ©?™PŒX??????‘}[ms]??œì?‹Äœì; No message ; *
MEMAPR5=Mg;?œ©?™PŒX?????œK???œì?‹Äœì; No message ; *
MEMAPR6=Mg;?™PŒX??????ú€lim, ú€s[rad]; No message ; *
MEMAPR7=Mg;?™PŒX??????ú€f,   ú€b[rad]; No message ; *
MEMPTP=Ud;MAP?šÄ/MAP›_Ä=1/0; No message ; *
MEPDYN=Mg;??‘]?›é??åh™E(ŒXåh™L??›{?k3,k4,?3,?4,?×...); No message ; *
METRQJOV=Mf;?™O????’ã??OVRD?œ©(SW,?œ©?,œì?èq?,?™O?èq?,?™O?•®?); No message ; *
SPLFUNC=My;??™Q?????????; No message ; *
SPLCLAMK=Mf;??™Q??™@???™O????œ©›{?; No message ; *
SPLLNBMK=Mf;?˜Ô??‘}????œ©›{?; No message ; *
SPLSPBLK=Md;??œì?’ã????˜Ô??‘}??; No message ; *
SPLPSTRC=Mf;???@??????›{?; No message ; *
SPLPSTUL=Md;??@????? [?]; No message ; *
SPLREVCC=Md;œì??œ©????›¸?›{? [%]; No message ; *
SPLOPTGC=Ud;ŒX?™F????????????œ©????™Q??????[%]; No message ; *
SPLPSTRV=Md;???Šö????? [?]; No message ; *
SPLTMDSP=Md;??™Q??????œì????åh?œì? [mm/s]; No message ; *
SPLBLKDN=Md;?˜Ô???åh™E??; No message ; *
SPLVFLTE=Mf;??™O™E?????›¸?›{????™Q??????[%]; No message ; *
SPOVENA=Ud;œì?™P????åh?åh?????=1/??=0?; No message ; *
SPOVFUNC=Mx;œì?™P????åh?åh???????; No message ; *
SPOVERRF=Md;œì?™P????åh?åh?™Qåh???™O™E™P????; No message ; *
SPOVJMXX=Mf;??êúÈ?œì?™P???›{?; No message ; *
SPOVREFC=Mf;?œ©OVRD›×˜Ÿ??›{????™O™E????™O™E??; No message ; *
SPOVADJC=Mf;?œ©OVRD??›{?; No message ; *
SPOVAFON=Mf;?œìæšŞ?™Q?ON????; No message ; *
NEOFUNC1=Mx;??šŞ?(bitON)‘¤?åh??????(bit???nrmoneomdef.h??œq); No message ; *
NEOFUNC2=Mx;??šŞ?(bitON)‘¤?åh??????(?×); No message ; *
HNDDAT0=Uf;ú|??0?ŒŸ(kg),æÁ??(X,Y,Z)(mm),œKœ„??(X,Y,Z)(mm); No message ; *
HNDDAT1=Uf;ú|??1?ŒŸ(kg),æÁ??(X,Y,Z)(mm),œKœ„??(X,Y,Z)(mm); No message ; *
HNDDAT2=Uf;ú|??2?ŒŸ(kg),æÁ??(X,Y,Z)(mm),œKœ„??(X,Y,Z)(mm); No message ; *
HNDDAT3=Uf;ú|??3?ŒŸ(kg),æÁ??(X,Y,Z)(mm),œKœ„??(X,Y,Z)(mm); No message ; *
HNDDAT4=Uf;ú|??4?ŒŸ(kg),æÁ??(X,Y,Z)(mm),œKœ„??(X,Y,Z)(mm); No message ; *
HNDDAT5=Uf;ú|??5?ŒŸ(kg),æÁ??(X,Y,Z)(mm),œKœ„??(X,Y,Z)(mm); No message ; *
HNDDAT6=Uf;ú|??6?ŒŸ(kg),æÁ??(X,Y,Z)(mm),œKœ„??(X,Y,Z)(mm); No message ; *
HNDDAT7=Uf;ú|??7?ŒŸ(kg),æÁ??(X,Y,Z)(mm),œKœ„??(X,Y,Z)(mm); No message ; *
HNDDAT8=Uf;ú|??8?ŒŸ(kg),æÁ??(X,Y,Z)(mm),œKœ„??(X,Y,Z)(mm); No message ; *
HNDHOLD0=Md;ú|??0™Råh?????(šô,?)™À0=???/1=??; No message ; *
HNDHOLD1=Ud;ú|??1™Råh?????(šô,?)™À0=???/1=??; No message ; *
HNDHOLD2=Ud;ú|??2™Råh?????(šô,?)™À0=???/1=??; No message ; *
HNDHOLD3=Ud;ú|??3™Råh?????(šô,?)™À0=???/1=??; No message ; *
HNDHOLD4=Ud;ú|??4™Råh?????(šô,?)™À0=???/1=??; No message ; *
HNDHOLD5=Ud;ú|??5™Råh?????(šô,?)™À0=???/1=??; No message ; *
HNDHOLD6=Ud;ú|??6™Råh?????(šô,?)™À0=???/1=??; No message ; *
HNDHOLD7=Ud;ú|??7™Råh?????(šô,?)™À0=???/1=??; No message ; *
HNDHOLD8=Ud;ú|??8™Råh?????(šô,?)™À0=???/1=??; No message ; *
WRKDAT0=Uf;™Råh?0?ŒŸ(kg),æÁ??(X,Y,Z)(mm),œKœ„??(X,Y,Z)(mm); No message ; *
WRKDAT1=Uf;™Råh?1?ŒŸ(kg),æÁ??(X,Y,Z)(mm),œKœ„??(X,Y,Z)(mm); No message ; *
WRKDAT2=Uf;™Råh?2?ŒŸ(kg),æÁ??(X,Y,Z)(mm),œKœ„??(X,Y,Z)(mm); No message ; *
WRKDAT3=Uf;™Råh?3?ŒŸ(kg),æÁ??(X,Y,Z)(mm),œKœ„??(X,Y,Z)(mm); No message ; *
WRKDAT4=Uf;™Råh?4?ŒŸ(kg),æÁ??(X,Y,Z)(mm),œKœ„??(X,Y,Z)(mm); No message ; *
WRKDAT5=Uf;™Råh?5?ŒŸ(kg),æÁ??(X,Y,Z)(mm),œKœ„??(X,Y,Z)(mm); No message ; *
WRKDAT6=Uf;™Råh?6?ŒŸ(kg),æÁ??(X,Y,Z)(mm),œKœ„??(X,Y,Z)(mm); No message ; *
WRKDAT7=Uf;™Råh?7?ŒŸ(kg),æÁ??(X,Y,Z)(mm),œKœ„??(X,Y,Z)(mm); No message ; *
WRKDAT8=Uf;™Råh?8?ŒŸ(kg),æÁ??(X,Y,Z)(mm),œKœ„??(X,Y,Z)(mm); No message ; *
HNDABSP=Mf;œÀ???????ú|???åh™E(????Ã??); No message ; *
WRKABSP=Mf;œÀ???????™Råh??åh™E(????Ã??); No message ; *
MELKLN=Mf;™P??‘}(m); No message ; *
MELKG1=Mg;™P??1?œKœ„??(m); No message ; *
MELKG2=Mg;™P??2?œKœ„??(m); No message ; *
MELKG3=Mg;™P??3?œKœ„??(m); No message ; *
MELKG4=Mg;™P??4?œKœ„??(m); No message ; *
MELKG5=Mg;™P??5?œKœ„??(m); No message ; *
MELKG6=Mg;™P??6?œKœ„??(m); No message ; *
MELKG7=Mg;™P??7?œKœ„??(m); No message ; *
MELKG8=Mg;™P??8?œKœ„??(m); No message ; *
MELKG9=Mg;™P??9?œKœ„??(m); No message ; *
MELKGA=Mg;™P??10?œKœ„??(m); No message ; *
MELKGB=Mg;™P??11?œKœ„??(m); No message ; *
MELKGC=Mg;™P??12?œKœ„??(m); No message ; *
MELKI1=Mg;™P??1????åh???(kgm^2); No message ; *
MELKI2=Mg;™P??2????åh???(kgm^2); No message ; *
MELKI3=Mg;™P??3????åh???(kgm^2); No message ; *
MELKI4=Mg;™P??4????åh???(kgm^2); No message ; *
MELKI5=Mg;™P??5????åh???(kgm^2); No message ; *
MELKI6=Mg;™P??6????åh???(kgm^2); No message ; *
MELKI7=Mg;™P??7????åh???(kgm^2); No message ; *
MELKI8=Mg;™P??8????åh???(kgm^2); No message ; *
MELKI9=Mg;™P??9????åh???(kgm^2); No message ; *
MELKIA=Mg;™P??10????åh???(kgm^2); No message ; *
MELKIB=Mg;™P??11????åh???(kgm^2); No message ; *
MELKIC=Mg;™P??12????åh???(kgm^2); No message ; *
MELKMI=Mg;™P??œKœ„???åh???(kgf?mm?s^2); No message ; *
MEMTMI=Mg;?åh™E???åh???(kgf?mm?s^2); No message ; *
MECVFR=Mg;±?›{?(Nms/rad); No message ; *
MECCFR=Mg;?åh˜Ô???(Nm); No message ; *
VCFREXP=Mf;±???¯œì???; No message ; *
MEMTMI2=Mg;OADL??åh™E???åh???(kgf?mm?s^2); No message ; *
MECVFR2=Mg;OADL?±?›{?(Nms/rad); No message ; *
MECCFR2=Mg;OADL??åh˜Ô???(Nm); No message ; *
VCFREXP2=Mf;OADL?±???¯œì???; No message ; *
NMFFIT=Md;FF???›×”p?; No message ; *
NMVFFG=Mf;œì?FF???(0.0?1.0); No message ; *
NMTFG1=Mf;?™O?FF???1(0.0?1.0); No message ; *
NMTFG2=Mf;?™O?FF???2(0.0?1.0); No message ; *
NMTFG3=Mf;?™O?FF???3(0.0?1.0); No message ; *
NMMTTQ=Mf;?åh™E?™O???(kgcm/Arms); No message ; *
NMACMTRQ=Mf;AC?åh™E???™O?(kgfmm); No message ; *
NMRAF1=Mf;??????™O™E1(??™O™E‘}(it),??1‘}?(it),??1œK?); No message ; *
NMRAF2=Mf;??????™O™E2(??™O™E‘}(it),??1‘}?(it),??1œK?); No message ; *
NMRAF3=Mf;??????™O™E3(??™O™E‘}(it),??1‘}?(it),??1œK?); No message ; *
NMRAF4=Mf;??????™O™E4(??™O™E‘}(it),??1‘}?(it),??1œK?); No message ; *
NMRAF5=Mf;??????™O™E5(??™O™E‘}(it),??1‘}?(it),??1œK?); No message ; *
NMPCGNST=Mf;???˜Ôåh?????????; No message ; *
NMPCGNMN=Mf;???˜Ôåh?????’¤?; No message ; *
NMPCPGN1=Md;??œì?FF’£“?????; No message ; *
NMPCPGN2=Md;??œì?FB’£“?????; No message ; *
NMPCDIST=Mf;???˜Ôåh?@?™P???(mm)(??˜Ÿ¯ON?,?™Qåh???); No message ; *
NMRAF7=Mf;??????™O™E7(??™O™E‘}(ms),??1‘}?(ms),??1œK?); No message ; *
NMPCCMPS=Md;œK¯??ON(1)/OFF(0),????ON(1)/OFF(0); No message ; *
NMCLTQP=Md;’¥?êúÈê˜Ÿ?™O??(??åh™O????%); No message ; *
NMCLTQM=Md;’¥?êúÈê˜Ÿ?™O?˜«(??åh™O????%); No message ; *
NMSPCNST=Mg;‹Äœì?‹U???(?œì?™Àkgf?m/min); No message ; *
NMSPLKG=Mf;™P????¯?œ©???; No message ; *
NMSPCRG=Mf;?œ„??™P?™P¯?œ©???; No message ; *
NMHPSLOP=Mf;????‹Ä???(œì?FF?, ?™O?FF?™À%); No message ; *
NMHPVFFG=Mf;????åh??œì?FF???; No message ; *
NMHPTFG1=Mf;????åh???™O?FF???(1); No message ; *
NMHPJACL=Mg;????åh???œ¹?œì??(sec); No message ; *
NMHPJDCL=Mg;????åh???œ¹‹Äœì??(sec); No message ; *
NMHPJSTP=Mg;????åh???œ¹??‹Äœì??(sec); No message ; *
NMHPPACL=Mg;????åh?????œì??(sec); No message ; *
NMHPPDCL=Mg;????åh????‹Äœì??(sec); No message ; *
NMHPPSTP=Mg;????åh??????‹Äœì??(sec); No message ; *
NMHPJFK=Ml;????åh??œì???™O™E?¢(?œ¹); No message ; *
NMHPJFL=Mf;????åh??œì???™O™E‘}(msec)(?œ¹); No message ; *
NMHPJFL1=Mf;????åh??œì???™O™E??1‘}?(msec)(?œ¹); No message ; *
NMHPJFW1=Mf;????åh??œì???™O™E??1œK?(?œ¹); No message ; *
NMHPJFE=Mf;????åh??œì???™O™E????ŒŸ›¸?›{?(?œ¹); No message ; *
NMHPPFK=Ml;????åh??œì???™O™E?¢(??); No message ; *
NMHPPFL=Mf;????åh??œì???™O™E‘}(msec)(??); No message ; *
NMHPPFL1=Mf;????åh??œì???™O™E??1‘}?(msec)(??); No message ; *
NMHPPFW1=Mf;????åh??œì???™O™E??1œK?(??); No message ; *
NMHPPFE=Mf;????åh??œì???™O™E????ŒŸ›¸?›{?(??); No message ; *
FSSPEC1=Sy;¯???????; No message ; *
FSSPEC2=My;”p?S/W?¯??????Š; No message ; *
FSFTCTL=Md;¯???? ?????™O™E?¢; No message ; *
FSFLCTL=Uf;¯???? ?????™O™E???[ms]; No message ; *
FSNZNUM=Md;¯???? ??ú}??™O™E(??); No message ; *
FSNZTHD=Mf;¯???? ??ú}??™O™E(èq?)[%]; No message ; *
FSTYPE=Ud;????¯??????D; No message ; *
FSXTL=Uf;¯????????????åh™E; No message ; *
FSFTMON=Md;¯???? ??™E???™O™E?¢; No message ; *
FSFLMON=Mf;¯???? ??™E???™O™E‘}[ms]; No message ; *
FSFTGAIN=Md;¯??? ???@???™O™E?¢; No message ; *
FSLMTMX=Uf;¯?????åh™E›]??[N,Nm]; No message ; *
FSCORMX=Uf;¯????æÁ?œ©ŒŸ[mm,?]; No message ; *
FSCORSP=Sf;¯????œ©œì???[mm/s,deg/s]; No message ; *
FSFLOFST=Uf;¯???? ?????™@???™O???™O™E???[ms]; No message ; *
FSSTF01=Uf;?™F????›{?#1; No message ; *
FSSTF02=Uf;?™F????›{?#2; No message ; *
FSSTF03=Uf;?™F????›{?#3; No message ; *
FSSTF04=Uf;?™F????›{?#4; No message ; *
FSSTF05=Uf;?™F????›{?#5; No message ; *
FSSTF06=Uf;?™F????›{?#6; No message ; *
FSSTF07=Uf;?™F????›{?#7; No message ; *
FSSTF08=Uf;?™F????›{?#8; No message ; *
FSSTF09=Uf;?™F????›{?#9; No message ; *
FSDMP01=Uf;?????›{?#1; No message ; *
FSDMP02=Uf;?????›{?#2; No message ; *
FSDMP03=Uf;?????›{?#3; No message ; *
FSDMP04=Uf;?????›{?#4; No message ; *
FSDMP05=Uf;?????›{?#5; No message ; *
FSDMP06=Uf;?????›{?#6; No message ; *
FSDMP07=Uf;?????›{?#7; No message ; *
FSDMP08=Uf;?????›{?#8; No message ; *
FSDMP09=Uf;?????›{?#9; No message ; *
FSFMD01=Ud;???¯????åh?#1; No message ; *
FSFMD02=Ud;???¯????åh?#2; No message ; *
FSFMD03=Ud;???¯????åh?#3; No message ; *
FSFMD04=Ud;???¯????åh?#4; No message ; *
FSFMD05=Ud;???¯????åh?#5; No message ; *
FSFMD06=Ud;???¯????åh?#6; No message ; *
FSFMD07=Ud;???¯????åh?#7; No message ; *
FSFMD08=Ud;???¯????åh?#8; No message ; *
FSFMD09=Ud;???¯????åh?#9; No message ; *
FSCOD01=Ud;¯???????#1; No message ; *
FSCOD02=Ud;¯???????#2; No message ; *
FSCOD03=Ud;¯???????#3; No message ; *
FSCOD04=Ud;¯???????#4; No message ; *
FSCOD05=Ud;¯???????#5; No message ; *
FSCOD06=Ud;¯???????#6; No message ; *
FSCOD07=Ud;¯???????#7; No message ; *
FSCOD08=Ud;¯???????#8; No message ; *
FSCOD09=Ud;¯???????#9; No message ; *
FSISPG01=Mf;?•­????‹U??????#1[N/m,Nm/deg]; No message ; *
FSISPG02=Mf;?•­????‹U??????#2[N/m,Nm/deg]; No message ; *
FSISPG03=Mf;?•­????‹U??????#3[N/m,Nm/deg]; No message ; *
FSISPG04=Mf;?•­????‹U??????#4[N/m,Nm/deg]; No message ; *
FSISPG05=Mf;?•­????‹U??????#5[N/m,Nm/deg]; No message ; *
FSISPG06=Mf;?•­????‹U??????#6[N/m,Nm/deg]; No message ; *
FSISPG07=Mf;?•­????‹U??????#7[N/m,Nm/deg]; No message ; *
FSISPG08=Mf;?•­????‹U??????#8[N/m,Nm/deg]; No message ; *
FSISPG09=Mf;?•­????‹U??????#9[N/m,Nm/deg]; No message ; *
FSIDMP01=Mf;?•­??????????????#1[Nsec/m]; No message ; *
FSIDMP02=Mf;?•­??????????????#2[Nsec/m]; No message ; *
FSIDMP03=Mf;?•­??????????????#3[Nsec/m]; No message ; *
FSIDMP04=Mf;?•­??????????????#4[Nsec/m]; No message ; *
FSIDMP05=Mf;?•­??????????????#5[Nsec/m]; No message ; *
FSIDMP06=Mf;?•­??????????????#6[Nsec/m]; No message ; *
FSIDMP07=Mf;?•­??????????????#7[Nsec/m]; No message ; *
FSIDMP08=Mf;?•­??????????????#8[Nsec/m]; No message ; *
FSIDMP09=Mf;?•­??????????????#9[Nsec/m]; No message ; *
FSIORG01=Mf;?•­????›˜???#1; No message ; *
FSIORG02=Mf;?•­????›˜???#2; No message ; *
FSIORG03=Mf;?•­????›˜???#3; No message ; *
FSIORG04=Mf;?•­????›˜???#4; No message ; *
FSIORG05=Mf;?•­????›˜???#5; No message ; *
FSIORG06=Mf;?•­????›˜???#6; No message ; *
FSIORG07=Mf;?•­????›˜???#7; No message ; *
FSIORG08=Mf;?•­????›˜???#8; No message ; *
FSIORG09=Mf;?•­????›˜???#9; No message ; *
FSBIAS01=Uf;œK¯?????™@???™O????ŒX??#1; No message ; *
FSBIAS02=Uf;œK¯?????™@???™O????ŒX??#2; No message ; *
FSBIAS03=Uf;œK¯?????™@???™O????ŒX??#3; No message ; *
FSBIAS04=Uf;œK¯?????™@???™O????ŒX??#4; No message ; *
FSBIAS05=Uf;œK¯?????™@???™O????ŒX??#5; No message ; *
FSBIAS06=Uf;œK¯?????™@???™O????ŒX??#6; No message ; *
FSBIAS07=Uf;œK¯?????™@???™O????ŒX??#7; No message ; *
FSBIAS08=Uf;œK¯?????™@???™O????ŒX??#8; No message ; *
FSBIAS09=Uf;œK¯?????™@???™O????ŒX??#9; No message ; *
FSGRP01=Uf;œK¯?????™@???™O??ú|??œKœ„??#1; No message ; *
FSGRP02=Uf;œK¯?????™@???™O??ú|??œKœ„??#2; No message ; *
FSGRP03=Uf;œK¯?????™@???™O??ú|??œKœ„??#3; No message ; *
FSGRP04=Uf;œK¯?????™@???™O??ú|??œKœ„??#4; No message ; *
FSGRP05=Uf;œK¯?????™@???™O??ú|??œKœ„??#5; No message ; *
FSGRP06=Uf;œK¯?????™@???™O??ú|??œKœ„??#6; No message ; *
FSGRP07=Uf;œK¯?????™@???™O??ú|??œKœ„??#7; No message ; *
FSGRP08=Uf;œK¯?????™@???™O??ú|??œKœ„??#8; No message ; *
FSGRP09=Uf;œK¯?????™@???™O??ú|??œKœ„??#9; No message ; *
FSMASS01=Uf;œK¯?????™@???™O??ú|???ŒŸ#1; No message ; *
FSMASS02=Uf;œK¯?????™@???™O??ú|???ŒŸ#2; No message ; *
FSMASS03=Uf;œK¯?????™@???™O??ú|???ŒŸ#3; No message ; *
FSMASS04=Uf;œK¯?????™@???™O??ú|???ŒŸ#4; No message ; *
FSMASS05=Uf;œK¯?????™@???™O??ú|???ŒŸ#5; No message ; *
FSMASS06=Uf;œK¯?????™@???™O??ú|???ŒŸ#6; No message ; *
FSMASS07=Uf;œK¯?????™@???™O??ú|???ŒŸ#7; No message ; *
FSMASS08=Uf;œK¯?????™@???™O??ú|???ŒŸ#8; No message ; *
FSMASS09=Uf;œK¯?????™@???™O??ú|???ŒŸ#9; No message ; *
FSESTGN=Mf;¯?™@?™P??åh????›ù§??????; No message ; *
FSMINCTL=Uf;¯??????’¤??¯ [N,Nm]; No message ; *
FSFGN01=Uf;¯??????#1; No message ; *
FSFGN02=Uf;¯??????#2; No message ; *
FSFGN03=Uf;¯??????#3; No message ; *
FSFGN04=Uf;¯??????#4; No message ; *
FSFGN05=Uf;¯??????#5; No message ; *
FSFGN06=Uf;¯??????#6; No message ; *
FSFGN07=Uf;¯??????#7; No message ; *
FSFGN08=Uf;¯??????#8; No message ; *
FSFGN09=Uf;¯??????#9; No message ; *
FSFLMT01=Uf;¯?????¯êúÈ???#1[N,Nm]; No message ; *
FSFLMT02=Uf;¯?????¯êúÈ???#2[N,Nm]; No message ; *
FSFLMT03=Uf;¯?????¯êúÈ???#3[N,Nm]; No message ; *
FSFLMT04=Uf;¯?????¯êúÈ???#4[N,Nm]; No message ; *
FSFLMT05=Uf;¯?????¯êúÈ???#5[N,Nm]; No message ; *
FSFLMT06=Uf;¯?????¯êúÈ???#6[N,Nm]; No message ; *
FSFLMT07=Uf;¯?????¯êúÈ???#7[N,Nm]; No message ; *
FSFLMT08=Uf;¯?????¯êúÈ???#8[N,Nm]; No message ; *
FSFLMT09=Uf;¯?????¯êúÈ???#9[N,Nm]; No message ; *
FSFCMD01=Uf;¯????¯???/™P????#1[N,Nm]; No message ; *
FSFCMD02=Uf;¯????¯???/™P????#2[N,Nm]; No message ; *
FSFCMD03=Uf;¯????¯???/™P????#3[N,Nm]; No message ; *
FSFCMD04=Uf;¯????¯???/™P????#4[N,Nm]; No message ; *
FSFCMD05=Uf;¯????¯???/™P????#5[N,Nm]; No message ; *
FSFCMD06=Uf;¯????¯???/™P????#6[N,Nm]; No message ; *
FSFCMD07=Uf;¯????¯???/™P????#7[N,Nm]; No message ; *
FSFCMD08=Uf;¯????¯???/™P????#8[N,Nm]; No message ; *
FSFCMD09=Uf;¯????¯???/™P????#9[N,Nm]; No message ; *
FSSPD01=Uf;œì????åh??œì????#1; No message ; *
FSSPD02=Uf;œì????åh??œì????#2; No message ; *
FSSPD03=Uf;œì????åh??œì????#3; No message ; *
FSSPD04=Uf;œì????åh??œì????#4; No message ; *
FSSPD05=Uf;œì????åh??œì????#5; No message ; *
FSSPD06=Uf;œì????åh??œì????#6; No message ; *
FSSPD07=Uf;œì????åh??œì????#7; No message ; *
FSSPD08=Uf;œì????åh??œì????#8; No message ; *
FSSPD09=Uf;œì????åh??œì????#9; No message ; *
FSSWF01=Uf;???åh????œô????#1; No message ; *
FSSWF02=Uf;???åh????œô????#2; No message ; *
FSSWF03=Uf;???åh????œô????#3; No message ; *
FSSWF04=Uf;???åh????œô????#4; No message ; *
FSSWF05=Uf;???åh????œô????#5; No message ; *
FSSWF06=Uf;???åh????œô????#6; No message ; *
FSSWF07=Uf;???åh????œô????#7; No message ; *
FSSWF08=Uf;???åh????œô????#8; No message ; *
FSSWF09=Uf;???åh????œô????#9; No message ; *
FSEST01=Uf;¯?™@?™P??åh?????åh™E#1; No message ; *
FSEST02=Uf;¯?™@?™P??åh?????åh™E#2; No message ; *
FSEST03=Uf;¯?™@?™P??åh?????åh™E#3; No message ; *
FSEST04=Uf;¯?™@?™P??åh?????åh™E#4; No message ; *
FSEST05=Uf;¯?™@?™P??åh?????åh™E#5; No message ; *
FSEST06=Uf;¯?™@?™P??åh?????åh™E#6; No message ; *
FSEST07=Uf;¯?™@?™P??åh?????åh™E#7; No message ; *
FSEST08=Uf;¯?™@?™P??åh?????åh™E#8; No message ; *
FSEST09=Uf;¯?™@?™P??åh?????åh™E#9; No message ; *
FSIF06=Md;¯????I/F™F??? #06; No message ; *
FSIF07=Md;¯????I/F™F??? #07; No message ; *
FSIF08=Md;¯????I/F™F??? #08; No message ; *
FSIF09=Md;¯????I/F™F??? #09; No message ; *
FSIF10=Md;¯????I/F™F??? #10; No message ; *
IFSPEC1=Mx;???I/F?Š1; No message ; *
IFDA1NO=Md;???I/F????D/A˜Ÿ¯?›º1; No message ; *
IFDA1MPY=Md;???I/F????D/A˜Ÿ¯??1; No message ; *
IFDA2NO=Md;???I/F????D/A˜Ÿ¯?›º2; No message ; *
IFDA2MPY=Md;???I/F????D/A˜Ÿ¯??2; No message ; *
FSNZNUM2=Md;¯???? ??ú}??™O™E(??); No message ; *
FSG0X=Mf;????G0X; No message ; *
FSG0Y=Mf;????G0Y; No message ; *
FSG0Z=Mf;????G0Z; No message ; *
FSG0FX=Mf;????G0FX; No message ; *
FSG0FY=Mf;????G0FY; No message ; *
FSG0FZ=Mf;????G0FZ; No message ; *
FSSGM=Mf;œK?›{??; No message ; *
FSSGMF=Mf;œK?›{??f; No message ; *
FSKA=Mf;Ka; No message ; *
FSKB=Mf;Kb; No message ; *
FSKAF=Mf;KaF; No message ; *
FSKBF=Mf;KbF; No message ; *
FSIDDMX=Mf;???d????; No message ; *
FSIDKMX=Mf;???k????; No message ; *
FSFLID=Mf;???›×???™O™E‘}[ms]; No message ; *
FSPKCF11=Mf;?•­????œ©???1 #1; No message ; *
FSPKCF12=Mf;?•­????œ©???1 #2; No message ; *
FSPKCF13=Mf;?•­????œ©???1 #3; No message ; *
FSPKCF14=Mf;?•­????œ©???1 #4; No message ; *
FSPKCF15=Mf;?•­????œ©???1 #5; No message ; *
FSPKCF16=Mf;?•­????œ©???1 #6; No message ; *
FSPKCF17=Mf;?•­????œ©???1 #7; No message ; *
FSPKCF18=Mf;?•­????œ©???1 #8; No message ; *
FSPKCF19=Mf;?•­????œ©???1 #9; No message ; *
FSPKCF2=Mf;?•­????œ©???2(??); No message ; *
FSFLADG=Mf;?•­???????œô????™O™E‘}[ms]; No message ; *
FSTESTM1=Mf;???ê?’£“??™Q?åh™E #1; No message ; *
FSTESTM2=Mf;???ê?’£“??™Q?åh™E #2; No message ; *
FSTESTS1=Mf;??ê?’£“??™Q?åh™E #1; No message ; *
FSTESTS2=Mf;??ê?’£“??™Q?åh™E #2; No message ; *
FSHAND=Ud;¯?????åh™E?????D; No message ; *
FSIFUREV=Mx;¯????I/F????S/W?•­I/F™P™J–l??; No message ; *
FSIFVER=Us;¯????I/F????S/W?åh–l??; No message ; *
FSOPTGC=Mf;¯????????????????œ©?; No message ; *
FSCVFF=Sg;¯??? ?œ©œì?FF??›{?; No message ; *
FSSWCNT=Md;???åh???œô?’£“??™E™P?????™C?™E; No message ; *
METMAX3=Sf;????åh????™O?™P??™E[Nm]?œì??›×; No message ; *
ACLLJP=Sg;????åh????œì?šØ?Ã??™À?œ¹(sec); No message ; *
ADLLJP=Sg;????åh???‹Äœì?šØ?Ã??™À?œ¹(sec); No message ; *
ACLLPP=Sg;????åh????œì?šØ?Ã??™À??(sec); No message ; *
ADLLPP=Sg;????åh???‹Äœì?šØ?Ã??™À??(sec); No message ; *
MECOEFJP=Sf;????åh????‹Äœì?? ?œ©›{?(?œì›{?,‹Äœì›{?); No message ; *
MECOEFPP=Sf;????åh????‹Äœì?? ?œ©›{?(?œì›{?,‹Äœì›{?)); No message ; *
CNTMODE=Ml;?˜æúv?åh??? 0/1 = ?‹Äœì?›¸/“è??›¸; No message ; *
CNTDIST=Mf;?˜æúv??šô›Û? ?????? (mm); No message ; *
MVTERM=Ul;CNT?????›¸??????R (0/1/2 = œì???˜Ÿ¯??/CNT 1??/œì???????); No message ; *
CNTFIL=Mf;?˜æúv??™O™E??›{?; No message ; *
CNTLMTM=Mf;?˜æúv?åh™E?™O?™P?????›{?(1.06??); No message ; *
CNTLMTG=Mf;?˜æúv‹Äœì??™O?™P?????›{?(1.06??); No message ; *
CNTSPEC=Ud;?˜æúv?åh????˜İ˜æ?????????Š(œ©?=1/œI?=0); No message ; *
CNTVOVL=Ml;?˜æúvœì??åh?åh???R?úİ 0/1 = ?‘¤?/??; No message ; *
JACLADJ=Ud;?œ¹?????œì??’£“(??=1/??=0); No message ; *
JACLWTFV=Mf;?œ¹?????œìæšŞ?™Q???????; No message ; *
MEINST=Ux;?œ¹? ????åh™O??™J?? ?™Eåh?(1:end); No message ; *
MEINSZ=Ul;?œ¹?????åh™O????Šö???™O??; No message ; *
MEOFFZ=Ul;?œ¹?????åh™O???œ¹?????Šö??™O??; No message ; *
MEJINS=Ul;?œ¹?????åh™O????Šö???™O??????; No message ; *
MEINSD=Ul;?????åh™E; No message ; *
JRCEXE=Ud;?????›]šŞ 1/0 = šŞ/æšŞ; No message ; *
JRCAXIS=Md;??????; No message ; *
JRCQTT=Ul;?????@?ŒŸ; No message ; *
JRCORG=Uf;??? ?????›˜?; No message ; *
JRCFRA=Ml;???@?ŒŸO???; No message ; *
JOGTSJ=Mf;?œ¹????™Låh–l?????; No message ; *
JOGTSP=Mf;???????™Låh–l?????; No message ; *
JOGSPMX=Uf;JOGœì???(mm/sec); No message ; *
JOGJSP=Ug;?œ¹???œì??“è(High/Low/JOG OVRD); No message ; *
JOGPSP=Ug;??????œì??“è(High/Low/JOG OVRD); No message ; *
JOGLMDW=Mf;??œÙ›¸???œì???[mm/s](–l??/?™F??); No message ; *
JOGLPN=Md;–l??œì???’£“????(??™O™E?/??™O™E?); No message ; *
JOGELBMD=Ud;–l???œ¹?œì????åh?(ON/OFF=1/0); No message ; *
METHICK=Mf;ŒXåh™L???(UL?); No message ; *
JOGREP=Ml;–l????ú??????; No message ; *
JOGPRSP=Mf;????Šöœì?›{?; No message ; *
JOGJDCL1=Mf;?œ¹???‹Äœì??1?‹Äœì??[msec]; No message ; *
JOGJDCL2=Mf;?œ¹???‹Äœì??2?‹Äœì??[msec]; No message ; *
JOGPDCL1=Mf;?????‹Äœì??1?‹Äœì??[msec]; No message ; *
JOGPDCL2=Mf;?????‹Äœì??2?‹Äœì??[msec]; No message ; *
JOGDCL=Mf;???‹Äœì??; No message ; *
JOGJMD=Mi;?œ¹JOG?åh?; No message ; *
JOGMDPAT=Mx;–l???åh???bit?™Eåh?; No message ; *
JOGFILT=Md;JOG??™O™E?¢(1=?t??/0=?t??); No message ; *
WKJOGNO=Ud;?D™Råh????›º(JOG); No message ; *
METWM2=Ud;????œ© ??(1)???(0); No message ; *
METREF=Mf;????œ© ?˜İ˜Ş; No message ; *
METREF1=Mf;????œ©? ?˜İ˜Ş; No message ; *
MAPMODE=Ud;????‹Äœì???‹Äœì ??(1)???(0); No message ; *
MEMAP0=Mf;•U???‹Äœì?™Fåh?™O?; No message ; *
MEMAP1=Mf;•U???‹Äœì?™Fåh?™O?; No message ; *
MEMAP2=Mf;•U???‹Äœì?™Fåh?™O?; No message ; *
MEMAP3=Mf;•U???‹Äœì?™Fåh?™O?; No message ; *
MEMAP4=Mf;•U???‹Äœì?™Fåh?™OŒW; No message ; *
MEMAP5=Mf;•U???‹Äœì?™Fåh?™O?; No message ; *
MEMAP6=Mf;•U???‹Äœì?™Fåh?™O?; No message ; *
MEMAP7=Mf;•U???‹Äœì?™Fåh?™O?; No message ; *
MEMAP8=Mf;•U???‹Äœì?™Fåh?™Oúa; No message ; *
MEMAP9=Mf;•U???‹Äœì?™Fåh?™O?; No message ; *
MEMAP10=Mf;•U???‹Äœì?™Fåh?™O10; No message ; *
MEAHS1=Md;J1???? ?‹Äœì?™Fåh?™O(•§100msec); No message ; *
MEAHL1=Md;J1??‘}? ?‹Äœì?™Fåh?™O(•§100msec); No message ; *
MEAHS2=Md;J2???? ?‹Äœì?™Fåh?™O(•§100msec); No message ; *
MEAHL2=Md;J2??‘}? ?‹Äœì?™Fåh?™O(•§100msec); No message ; *
MEAHS3=Md;J3???? ?‹Äœì?™Fåh?™O(•§100msec); No message ; *
MEAHL3=Md;J3??‘}? ?‹Äœì?™Fåh?™O(•§100msec); No message ; *
MEAHS4=Md;J4˜ò?J8???? ?‹Äœì?™Fåh?™O(•§100msec); No message ; *
MEAHL4=Md;J4˜ò?J8??‘}? ?‹Äœì?™Fåh?™O(•§100msec); No message ; *
MEAHB1=Mr;J1???? ?‘}? ???(deg,mm); No message ; *
MEAHB2=Mr;J2???? ?‘}? ???(deg,mm); No message ; *
MEAHB3=Mr;J3???? ?‘}? ???(deg,mm); No message ; *
MEAHB4=Mr;J4˜ò?J8???? ?‘}? ???(deg,mm); No message ; *
MEAHJFL=Mf;?? ???œì???™O™E‘}(msec)(?œ¹); No message ; *
MEAHJFL1=Mf;?? ???œì???™O™E??1‘}?(msec)(?œ¹); No message ; *
MEAHJFW1=Mf;?? ???œì???™O™E??1œK?(?œ¹); No message ; *
MEAHPFL=Mf;?? ???œì???™O™E‘}(msec)(??); No message ; *
MEAHPFL1=Mf;?? ???œì???™O™E??1‘}?(msec)(??); No message ; *
MEAHPFW1=Mf;?? ???œì???™O™E??1œK?(??); No message ; *
LJOGMD=Ud;????JOG?œì???(1:?? / 0:??); No message ; *
DJNT=Ug;›˜????›È(deg) dJ1,dJ2,dJ3,dJ4,dJ5,dJ6; No message ; *
DLNK=Sg;™P??‘}?œ©ŒŸ(mm) dL1,dL2,dL3,dL4,dD1,dD2,dW; No message ; *
JNTCMP=Sg;?œ¹????™Q?ŒX??(rad/(Nm)*10e-6) JCMP1,JCMP2,JCMP3,JCMP4,JCMP5,JCMP6; No message ; *
CALB=Ud;œÀ????œ©????D; No message ; *
MEUCRD=Md;?????(x,y,z,a,b,c,l1,l2); No message ; *
CAMLAYOT=Ug;??™Q????ŒX™C?; No message ; *
CAMOFFST=Ug;??™Q???????(??™Q??); No message ; *
NMJCGNMN=Mf;CMP JNT????’¤?; No message ; *
NMJCILMN=Md;CMP JNT?????’¤?; No message ; *
NMJCILCF=Md;CMP JNT??????›{?; No message ; *
CMPJCLL=Ud;Cmp Jnt??????‹V™O; No message ; *
COL=Ud;’¥?êúÈ(??šŞ?,?Šö???œğ,JOG???œğ); No message ; *
COLILVL=Md;›]??‹V™O???(?Šö,JOG)(%); No message ; *
NMCDUTQP=Md;???’¥?êúÈ?????????(%); No message ; *
NMCDUTQM=Md;???’¥?êúÈ????˜«????(%); No message ; *
NMCDMDRT=Mf;?›¸?œğúİ??????(??™P?????,????s?,ú|??šô?); No message ; *
NMCDADJC=Mf;?????œ©?›×˜Ÿ›{?; No message ; *
NMCDADJW=Mf;?????œ©?›×˜ŸœK?; No message ; *
NMCDTLPA=Md;?Šö??????????(%); No message ; *
NMCDTLMA=Md;?Šö?????˜«????(%); No message ; *
COLLVL=Ud;?Šö???›]??‹V™O???(%); No message ; *
NMCDJTMA=Md;?Šö?’¥?????(IT); No message ; *
NMCDTLPJ=Md;JOG??????????(%); No message ; *
NMCDTLMJ=Md;JOG?????˜«????(%); No message ; *
COLLVLJG=Ud;JOG???›]??‹V™O???(%); No message ; *
NMCDJTMJ=Md;JOG?’¥?????(IT); No message ; *
NMCDSVRT=Md;?åh???????œ©?(%); No message ; *
NMCDTLCM=Md;???????@?‘]?(??=0/?›È=1); No message ; *
NMCDTIME=Mf;’¥?êúÈ’£“™E??åh(?åh?ON™E??åh,??™P?????,™Q??™E??åh)(msec); No message ; *
NMCDNORM=Mf;?™O™L???(?œì??™O™L,œì??™O™L^2,œì?); No message ; *
NMCDVFEU=Mf;±???›{??????; No message ; *
NMCDVFEL=Mf;±???›{???šØ??; No message ; *
NMCDCFEU=Mf;?åh˜Ô???›{??????; No message ; *
NMCDCFEL=Mf;?åh˜Ô???›{???šØ??; No message ; *
NMCDVFEG=Mf;±???›{??????; No message ; *
NMCDCFEG=Mf;?åh˜Ô???›{??????; No message ; *
NMCDESWT=Mf;????œK?(0.0?1.0); No message ; *
NMCDESPT=Mf;???åh™E????(??,s?)(msec); No message ; *
NMCDLKIN=Md;™P????¯?›×‘]?(?›×˜Ÿ?˜ò???=0/FB˜ò???›×=1); No message ; *
NMCDTSRT=Mf;??šØ???????????(????(Prg,Jog),›]??‹V™O); No message ; *
NMCDRVPS=Mf;?Šö?›¸?????@?(deg); No message ; *
NMCDRVVL=Md;?Šö?›¸???œì?@?(%); No message ; *
NMCDPMMS=Md;?™Q?åh™E????(??,???,›¼??); No message ; *
NMRAF12=Mf;??™O™E12; No message ; *
NMRAF13=Mf;??™O™E13; No message ; *
NMRAF14=Mf;??™O™E14; No message ; *
NMRAF15=Mf;??™O™E15; No message ; *
NMRAF16=Mf;??™O™E16; No message ; *
NMRAF17=Mf;??™O™E17; No message ; *
NMRAF18=Mf;??™O™E18; No message ; *
NMRAF19=Mf;??™O™E19; No message ; *
NMRAF24=Mf;??™O™E24; No message ; *
NMCDDTGA=Mf;?Šö????????; No message ; *
NMCDDTGJ=Mf;JOG????????; No message ; *
NMCDDTEU=Md;?????(??%); No message ; *
NMCDDTEL=Md;??šØ??(??%); No message ; *
NMCDFUNC=Mx;’¥?êúÈ????œô?; No message ; *
NMCDESPJ=Md;JOG???šô›Ûœì?(pls/it); No message ; *
NMCDESPA=Md;?Šö???šô›Ûœì?(pls/it); No message ; *
NMCDTIM2=Mf;’¥?êúÈ’£“™E??åh?(??->??@?,AUTO/JOG?œô)(msec); No message ; *
LNKADJ=Ud;?O™P???œ©??(1)/??(0); No message ; *
NMRAF6=Mf;??™O™E6; No message ; *
NMRAF10=Mf;??™O™E10; No message ; *
COLSERVO=Ud;’¥?êúÈ???åh??œğ(1:Servo ON,0:Servo OFF); No message ; *
AXCOLJNO=Ud;???’¥?êúÈ???????›º; No message ; *
AXCOLDIR=Ur;‹Våh????˜ò????????›¸‘]ú¬?X,Y,Z?”p???[?]; No message ; *
AXLDMASS=Uf;????ì??ŒŸ[kg]; No message ; *
AXMTRQ=Ug;????åh™E????™O?[Nm]; No message ; *
AXMMOI=Ug;????åh™E????åh???[10^-4kgm^2]; No message ; *
AXVISC=Ug;????±?›{?[Ns/m]; No message ; *
AXCOUL=Ug;?????åh˜Ô???[N]; No message ; *
AXFFC=Ud;??????åh??‹Í™Råh????[%]; No message ; *
AXMCUR=Ug;????åh™E?????[A]; No message ; *
ROBMASS=Mf;˜Ô?????ŒŸ[kg]; No message ; *
AXRFCC=Mf;??????¯??œ©›{?; No message ; *
AXCLCC=Mf;??????šØ??????œ©›{?; No message ; *
AXCOLFEC=Mf;?????????œ©?????,??,œì??; No message ; *
ARCH1S=Uf;ŒXåh??³?; No message ; *
ARCH2S=Uf;ŒXåh??³?; No message ; *
ARCH3S=Uf;ŒXåh??³?; No message ; *
ARCH4S=Uf;ŒXåh?ŒW³?; No message ; *
ARCH1T=Ud;ŒXåh????™E??; No message ; *
ARCH2T=Ud;ŒXåh????™E??; No message ; *
ARCH3T=Ud;ŒXåh????™E??; No message ; *
ARCH4T=Ud;ŒXåh?ŒW??™E??; No message ; *
TJSPEC=Ud;’¤?RH??™Håh™O–l??‘]ú¬?Š(0:G5Ä??/1:G6Ä??); No message ; *
MESNGL=Mr;???????(RL,AB,NF,?); No message ; *
CMPERR=Ud;CMP?™Qåh????(1)/??(0); No message ; *
CMPFDTER=Md;CMP Fdt?™Qåh??????(1)/??(0); No message ; *
SPDOPT=Md;œì???????(1)/??(0); No message ; *
MSQAREA=Mf;œì?????(????,????,’£“?œô??); No message ; *
JOGPUSP=Md;–l??œì????œô????(??(1)/œI?(0)); No message ; *
MSQOVRDI=Mg;??œì????åh?åh™Q??; No message ; *
MSQOVRDO=Mg;??œì????åh?åh™Q??; No message ; *
PSP=Md;PSP’£“?åh?(??æšŞ(0)/PSP(1)/PSP2(2)); No message ; *
PSPJ1DF=Mg;J1?›]??›È(deg); No message ; *
MEWEIT=Mf;????œ©?ì?(—÷?,?’¤,?æÁ(kg),ì?œKœ„? (mm)); No message ; *
MEBZOD=Md;???›{???åh?åh(Z?:10????); No message ; *
MEBZMN=Mg;?’¤ì??????›{?(Z?); No message ; *
MEBZMX=Mg;?æÁì??????›{?(Z?); No message ; *
MEBBOD=Md;???›{???åh?åh(B?:10????); No message ; *
MEBBMN=Mg;?’¤ì??????›{?(B?); No message ; *
MEBBMX=Mg;?æÁì??????›{?(B?); No message ; *
LDMPGN1=Md;M_LDM?åh?2??????; No message ; *
LDMVGN1=Md;M_LDM?åh?2?œì????; No message ; *
LDMJFK1=Ml;M_LDM?åh?2?œì???™O™E?¢(?œ¹); No message ; *
LDMJFT1=Mf;M_LDM?åh?2?œì???™O™E‘}[ms](?œ¹); No message ; *
LDMJFL1=Mf;M_LDM?åh?2?œì???™O™E??1‘}?[ms](?œ¹); No message ; *
LDMJFW1=Mf;M_LDM?åh?2?œì???™O™E??1œK?(?œ¹); No message ; *
LDMJFE1=Mf;M_LDM?åh?2?œì???™O™E????›{?(?œ¹); No message ; *
LDMPFK1=Ml;M_LDM?åh?2?œì???™O™E?¢(??); No message ; *
LDMPFT1=Mf;M_LDM?åh?2?œì???™O™E‘}[ms](??); No message ; *
LDMPFL1=Mf;M_LDM?åh?2?œì???™O™E??1‘}?[ms](??); No message ; *
LDMPFW1=Mf;M_LDM?åh?2?œì???™O™E??1œK?(??); No message ; *
LDMPFE1=Mf;M_LDM?åh?2?œì???™O™E????›{?(??); No message ; *
LDMPGN2=Md;M_LDM?åh?3??????; No message ; *
LDMVGN2=Md;M_LDM?åh?3?œì????; No message ; *
LDMJFK2=Ml;M_LDM?åh?3?œì???™O™E?¢(?œ¹); No message ; *
LDMJFT2=Mf;M_LDM?åh?3?œì???™O™E‘}[ms](?œ¹); No message ; *
LDMJFL2=Mf;M_LDM?åh?3?œì???™O™E??1‘}?[ms](?œ¹); No message ; *
LDMJFW2=Mf;M_LDM?åh?3?œì???™O™E??1œK?(?œ¹); No message ; *
LDMJFE2=Mf;M_LDM?åh?3?œì???™O™E????›{?(?œ¹); No message ; *
LDMPFK2=Ml;M_LDM?åh?3?œì???™O™E?¢(??); No message ; *
LDMPFT2=Mf;M_LDM?åh?3?œì???™O™E‘}[ms](??); No message ; *
LDMPFL2=Mf;M_LDM?åh?3?œì???™O™E??1‘}?[ms](??); No message ; *
LDMPFW2=Mf;M_LDM?åh?3?œì???™O™E??1œK?(??); No message ; *
LDMPFE2=Mf;M_LDM?åh?3?œì???™O™E????›{?(??); No message ; *
HNDT=Ud;ú|??šô?????(+C,-C,+B,-B,+A,-A,+Z,-Z,M?:0.1?); No message ; *
PLTCTYPE=Md;??????™E??(0:?šÛ?Šö/1:??ö?/-1:??æšŞ); No message ; *
MEADJAMD=Mf;MEGRMI????OADL’£“?œ©›{?(No.1,No.2); No message ; *
MEGRMI=Mg;‹Äœì?›]??åh???(Nm); No message ; *
MEXDTL=Ug;™Håh™O?åh™E@ö????›_??™Håh™O???; No message ; *
MEXDTL1=Ug;™Håh™O?åh™E?@ö????›_??™Håh™O???; No message ; *
MEXDTL2=Ug;™Håh™O?åh™E?@ö????›_??™Håh™O???; No message ; *
MEXDTL3=Ug;™Håh™O?åh™E?@ö????›_??™Håh™O???; No message ; *
MEXDTL4=Ug;™Håh™O?åh™EŒW@ö????›_??™Håh™O???; No message ; *
MEXDTL5=Ug;™Håh™O?åh™E?@ö????›_??™Håh™O???; No message ; *
MEXDTL6=Ug;™Håh™O?åh™E?@ö????›_??™Håh™O???; No message ; *
MEXDTL7=Ug;™Håh™O?åh™E?@ö????›_??™Håh™O???; No message ; *
MEXDTL8=Ug;™Håh™O?åh™Eúa@ö????›_??™Håh™O???; No message ; *
MEXDTL9=Ug;™Håh™O?åh™E?@ö????›_??™Håh™O???; No message ; *
MEXDTL10=Ug;™Håh™O?åh™E??@ö????›_??™Håh™O???; No message ; *
MEXDTL11=Ug;™Håh™O?åh™E??@ö????›_??™Håh™O???; No message ; *
MEXDTL12=Ug;™Håh™O?åh™E??@ö????›_??™Håh™O???; No message ; *
MEXDTL13=Ug;™Håh™O?åh™E??@ö????›_??™Håh™O???; No message ; *
MEXDTL14=Ug;™Håh™O?åh™E?ŒW@ö????›_??™Håh™O???; No message ; *
MEXDTL15=Ug;™Håh™O?åh™E??@ö????›_??™Håh™O???; No message ; *
MEXDTL16=Ug;™Håh™O?åh™E??@ö????›_??™Håh™O???; No message ; *
MEXDBS=Ug;‹Våh??åh™E@ö????›_??™Håh™O???; No message ; *
LDGVCPST=Mg;œK¯?œ©?; No message ; *
LDTQCPST=Mg;?™O????œ©?; No message ; *
LDSMPL=Md;?åh™E???™O?(?œì???,?œì???,ö??œ©?); No message ; *
LDFILL=Mf;?œì???????™O™E(‘}?,??1‘}?,??1œK?); No message ; *
LDFILH=Mf;?œì???????™O™E(‘}?,??1‘}?,??1œK?); No message ; *
LDTHLD=Mg;????(œì?›{?,œì?[rad/s],œì?[mm/s],?œì?[rad/s^2],?œì?[mm/s^2]); No message ; *
LDTRGAX=Mx;???(šØ?8bit=?œì?›¸,??8bit=?œì?›¸); No message ; *
LDLMTL=Md;?œì?›¸???(??ŒŸšØ?(deg),??ŒŸšØ?(mm),OVRDšØ?(%),OVRD??(%)); No message ; *
LDLMTH=Md;?œì?›¸???(??ŒŸšØ?(deg),??ŒŸšØ?(mm),OVRDšØ?(%),OVRD??(%)); No message ; *
MFENA=Ud;??™F????(1)/??(0)??; No message ; *
MFINTVL=Ud;??™F???åh™E›ù??‹V™O(1?5), ????(1?24??); No message ; *
MFREPO=Ud;??™F???›Å??(1)/??(0), ?›º˜Ÿ¯??(1)/??(0); No message ; *
MFWRNDAY=Ud;??™F???›Å??^; No message ; *
MFOPTIME=Uf;?^????ˆë???; No message ; *
MFAXIS=Mx;??™F?????; No message ; *
MFAXACT=My;??™F?????2; No message ; *
MFAXBSS=Mx;?åh™O???; No message ; *
MFPROCIT=Md;????(?™O????›{??›×, ????›×, ????, ??¯??)[it]; No message ; *
MFACCAVE=Md;??ì??™O???¯?Šö???”p?(ö); No message ; *
MFLGVGRS=Ml;?™Påh?????(??); No message ; *
MFLGVBLT=Ml;‹V™O?????(??); No message ; *
MFLGVDCL=Ml;‹Äœì?????(??); No message ; *
MFLGVBSS=Ml;?åh™O???™Påh??›[??ŒŸ(m); No message ; *
MFRMNTIM=Md;????›×‘]?(??????=1/???›×=0); No message ; *
MFUSEPLS=Md;’£“??????™O??åh™E(??=1/FB=0); No message ; *
MFSAFECF=Mf;??›{?; No message ; *
MFDCTR=Mg;‹Äœì???ì??™O?(Nm); No message ; *
MFDCTRMX=Mg;‹Äœì???ì??™O?›]??(Nm); No message ; *
MFDCNR=Md;‹Äœì????Šö?(rpm); No message ; *
MFDCL10=Ml;‹Äœì?L10??(??); No message ; *
MFTPRVC1=Mg;?™Påh???-??•®?Šö??›{›é?›{?1; No message ; *
MFTPRVC2=Mg;?™Påh???-??•®?Šö??›{›é?›{?2; No message ; *
MFTEMP=Mf;????(????,šØ??,???)[?]; No message ; *
MFREFREV=Md;?????’ã??????œì?(rpm); No message ; *
MFFRTPC1=Mg;??¯-?™Påh????›{›é?›{?1; No message ; *
MFFRTPC2=Mg;??¯-?™Påh????›{›é?›{?2; No message ; *
MFFRTPC3=Mg;??¯-?™Påh????›{›é?›{?3; No message ; *
MFBTENSC=Mg;‹V™O?????¯›×˜Ÿ›{?; No message ; *
MFPLREVC=Mg;’¤?åh™Påh????Šö?›×˜Ÿ›{?; No message ; *
MFBTNSC1=Mg;‹V™O????›]??¯›×˜Ÿ›{?1; No message ; *
MFBTNSC2=Mg;‹V™O????›]??¯›×˜Ÿ›{?2; No message ; *
MFBTNSCP=Mg;‹V™O????›]??¯?œ©›{?; No message ; *
MFBWNDC1=Mg;‹V™O??›]?›p›h??›×˜Ÿ›{?1; No message ; *
MFBWNDC2=Mg;‹V™O??›]?›p›h??›×˜Ÿ›{?2; No message ; *
MFBWNDC3=Mg;‹V™O??›]?›p›h??›×˜Ÿ›{?3; No message ; *
MFBWNDC4=Mg;‹V™O??›]?›p›h??›×˜Ÿ›{?4; No message ; *
MFBLTNT=Md;‹V™O????; No message ; *
MFPLNT=Md;’¤?åh™Påh???; No message ; *
MFFLTQCL=Mf;’¥?êúÈ????™O????™O™E???(msec); No message ; *
MFFLTQ=Mf;?åh?ON??™O????™O™E???(msec); No message ; *
MFFLTQFR=Mf;?åh?ON????????™O™E???(msec); No message ; *
MFFLVL=Mf;?åh?ON?œì????™O™E???(msec); No message ; *
MFFLTEMP=Mf;?™Påh?????????™O™E(‘}?(?),??1‘}?(?),??1œK?); No message ; *
MFFCADJ=Mf;???œä›Ššİ???(?™Påh?,‹V™O?,‹Äœì?1,‹Äœì?2); No message ; *
LWSEP=Mf;??™O™E‘}???œKŒŸ(Kg); No message ; *
LWFLJL1=Mf;?œ¹???œKŒŸ???™O™E‘}(ms); No message ; *
LWFLJL2=Mf;?œ¹???œKŒŸ???™O™E‘}(ms); No message ; *
LWFLJL3=Mf;?œ¹???œKŒŸ???™O™E‘}(ms); No message ; *
LWFLJL4=Mf;?œ¹???œKŒŸŒW??™O™E‘}(ms); No message ; *
LWFLJL5=Mf;?œ¹???œKŒŸ???™O™E‘}(ms); No message ; *
LWFLJL6=Mf;?œ¹???œKŒŸ???™O™E‘}(ms); No message ; *
LWFLJWL1=Mf;?œ¹???œKŒŸ???™O™E?‘}(ms); No message ; *
LWFLJWL2=Mf;?œ¹???œKŒŸ???™O™E?‘}(ms); No message ; *
LWFLJWL3=Mf;?œ¹???œKŒŸ???™O™E?‘}(ms); No message ; *
LWFLJWL4=Mf;?œ¹???œKŒŸŒW??™O™E?‘}(ms); No message ; *
LWFLJWL5=Mf;?œ¹???œKŒŸ???™O™E?‘}(ms); No message ; *
LWFLJWL6=Mf;?œ¹???œKŒŸ???™O™E?‘}(ms); No message ; *
LWFLJWH1=Mf;?œ¹???œKŒŸ???™O™E??; No message ; *
LWFLJWH2=Mf;?œ¹???œKŒŸ???™O™E??; No message ; *
LWFLJWH3=Mf;?œ¹???œKŒŸ???™O™E??; No message ; *
LWFLJWH4=Mf;?œ¹???œKŒŸŒW??™O™E??; No message ; *
LWFLJWH5=Mf;?œ¹???œKŒŸ???™O™E??; No message ; *
LWFLJWH6=Mf;?œ¹???œKŒŸ???™O™E??; No message ; *
LWFLPL1=Mf;?œÉ???œKŒŸ???™O™E‘}(ms); No message ; *
LWFLPL2=Mf;?œÉ???œKŒŸ???™O™E‘}(ms); No message ; *
LWFLPL3=Mf;?œÉ???œKŒŸ???™O™E‘}(ms); No message ; *
LWFLPL4=Mf;?œÉ???œKŒŸŒW??™O™E‘}(ms); No message ; *
LWFLPL5=Mf;?œÉ???œKŒŸ???™O™E‘}(ms); No message ; *
LWFLPL6=Mf;?œÉ???œKŒŸ???™O™E‘}(ms); No message ; *
LWFLPWL1=Mf;?œÉ???œKŒŸ???™O™E?‘}(ms); No message ; *
LWFLPWL2=Mf;?œÉ???œKŒŸ???™O™E?‘}(ms); No message ; *
LWFLPWL3=Mf;?œÉ???œKŒŸ???™O™E?‘}(ms); No message ; *
LWFLPWL4=Mf;?œÉ???œKŒŸŒW??™O™E?‘}(ms); No message ; *
LWFLPWL5=Mf;?œÉ???œKŒŸ???™O™E?‘}(ms); No message ; *
LWFLPWL6=Mf;?œÉ???œKŒŸ???™O™E?‘}(ms); No message ; *
LWFLPWH1=Mf;?œÉ???œKŒŸ???™O™E??; No message ; *
LWFLPWH2=Mf;?œÉ???œKŒŸ???™O™E??; No message ; *
LWFLPWH3=Mf;?œÉ???œKŒŸ???™O™E??; No message ; *
LWFLPWH4=Mf;?œÉ???œKŒŸŒW??™O™E??; No message ; *
LWFLPWH5=Mf;?œÉ???œKŒŸ???™O™E??; No message ; *
LWFLPWH6=Mf;?œÉ???œKŒŸ???™O™E??; No message ; *
WUPENA=Ud;W??Šö?åh???(1=??/0=??); No message ; *
WUPAXIS=Ux;W??Šö?åh????; No message ; *
WUPTIME=Uf;W??Šö?åh?????(????,?šô??)[ö]; No message ; *
WUPOVRD=Ud;W??Šö?åh?åh™Q??(???,???Ã???????)[%]; No message ; *
WUPREV=Mf;?›¸???[rpm]; No message ; *
WUPODAXS=Mx;?›È?æÁê˜Ÿ?@??; No message ; *
WUPODSET=Mf;?›È?æÁê˜Ÿ?@???(@???[?],@???); No message ; *
NMOPTGFN=Mx;????????????œô?; No message ; *
NMOPTGAX=Mx;??????›×???; No message ; *
MELNKL1=Mf;™P???‘}?(X,Y,Z)[mm]; No message ; *
MELNKL2=Mf;™P???‘}?(X,Y,Z)[mm]; No message ; *
MELNKL3=Mf;™P???‘}?(X,Y,Z)[mm]; No message ; *
MELNKL4=Mf;™P??ŒW‘}?(X,Y,Z)[mm]; No message ; *
MELNKL5=Mf;™P???‘}?(X,Y,Z)[mm]; No message ; *
MELNKL6=Mf;™P???‘}?(X,Y,Z)[mm]; No message ; *
MELNKL7=Mf;™P???‘}?(X,Y,Z)[mm]; No message ; *
MELNKL8=Mf;™P??úa‘}?(X,Y,Z)[mm]; No message ; *
NMOPTGC1=Sg;MvTune 1?œì???™O™E?????›{?(0.01-1.00); No message ; *
NMQOPGC1=Sg;MvTune 2?œì???™O™E?????›{?(0.01-1.00); No message ; *
NMHOPGC1=Sg;MvTune 3?œì???™O™E?????›{?(0.01-1.00); No message ; *
NMOPTLT1=Sf;œì???™O™E?????’¤?Ã?æÁ?; No message ; *
NMOPTGC2=Sg;MvTune 1???™O???????›{?(0.01-1.00); No message ; *
NMQOPGC2=Sg;MvTune 2???™O???????›{?(0.01-1.00); No message ; *
NMHOPGC2=Sg;MvTune 3???™O???????›{?(0.01-1.00); No message ; *
NMOPTLT2=Sf;??™O???????’¤?Ã?æÁ?; No message ; *
NMOPTPOS=Mf;??”p???›×????; No message ; *
NMOPTAL=Mf;AUTO?OVRD?œ©™P??™E?šØ?/???(0.5-1.5); No message ; *
NMOPTALJ=Mf;JOG?OVRD?œ©™P??™E?šØ?/???(0.5-1.5); No message ; *
PG1=Uf;??™O?????; No message ; *
MEELMI=Mg;?O™P??????åh???(kgf?mm?s^2); No message ; *
NMOTGBCP=Mf;?åh™O??šØ?????›˜????????Œ†??‘}?[mm]; No message ; *
NMOTGBSC=Mg;?åh™O???‹U???›×˜Ÿ›{?(3*???›{?*??2t?åh???)[N?m^2]; No message ; *
MEMT1STI=Mg;?åh™E?t??????(10^-4?kg?m^2); No message ; *
DYNADIVN=Md;???????ö??; No message ; *
NMOPTSLC=Mg;????????œì??????????œ©›{?(1.0??); No message ; *
MVTUNE1=Md;MvTune 1???(???‹Äœì,???????,Prec); No message ; *
MVTUNE2=Md;MvTune 2???(???‹Äœì,???????,Prec); No message ; *
MVTUNE3=Md;MvTune 3???(???‹Äœì,???????,Prec); No message ; *
MVTUNE4=Md;MvTune 4???(???‹Äœì,???????,Prec); No message ; *
VFCHGPRI=Md;œì???™O™E@?’£“????(1-99); No message ; *
VFRSTMD=Ud;œì???™O™E™P????åh? (1=?/0=œI?); No message ; *
FSPJOGMD=Md;?????–l???åh?(??(0)/??(1)); No message ; *
FSPSFLG=Mx;?????????™Q?; No message ; *
FSPAREA=Mr;??????????(RL,AB,NF,?); No message ; *
FSPARSCL=Mf;????@???(RL,AB,NF,?); No message ; *
FSPVTHD=Mf;œì????[%]; No message ; *
FSPATHD=Mf;?œì????[%]; No message ; *
FSPVTHDJ=Mf;œì????(–l???)[%]; No message ; *
FSPATHDJ=Mf;?œì????(–l???)[%]; No message ; *
FSPVCSF=Mf;œì??œ©?[%]; No message ; *
FSPVCSFJ=Mf;œì??œ©?(–l???)[%]; No message ; *
FSPJOGFL=Mf;–l?????™O™E‘}?œ©?; No message ; *
FSPFUNC=Mx;?????????œô?; No message ; *
FSPACHK=Mf;?œì?????[%]; No message ; *
FSPVLOW=Mf;œì??œ©?’¤?[%]; No message ; *
MEXBSNO=Ud;‹Våh????›º; No message ; *
EBATCAPA=Mf;???åh???™F™P•®?ŒŸ(mAh); No message ; *
EBATCONS=Mg;???åh???™F™P????????OFF????ON??(mAh); No message ; *
FINESPEC=Ux;?•¥?¬??Fine??Š; No message ; *
MHENA=Md;?™O?ú|?? ??(1)???(0); No message ; *
MHB1TYPE=Us;?™O?ú|??‹Våh?1?n; No message ; *
MHB2TYPE=Us;?™O?ú|??‹Våh?2?n; No message ; *
MHB3TYPE=Us;?™O?ú|??‹Våh?3?n; No message ; *
MHB4TYPE=Us;?™O?ú|??‹Våh?4?n; No message ; *
MHB5TYPE=Us;?™O?ú|??‹Våh?5?n; No message ; *
MHB6TYPE=Us;?™O?ú|??‹Våh?6?n; No message ; *
MHB7TYPE=Us;?™O?ú|??‹Våh?7?n; No message ; *
MHB8TYPE=Us;?™O?ú|??‹Våh?8?n; No message ; *
MHB1HC1=Uf;?™O?ú|??‹Våh?1ú|??1????; No message ; *
MHB1HC2=Uf;?™O?ú|??‹Våh?1ú|??2????; No message ; *
MHB1HC3=Uf;?™O?ú|??‹Våh?1ú|??3????; No message ; *
MHB1HC4=Uf;?™O?ú|??‹Våh?1ú|??4????; No message ; *
MHB2HC1=Uf;?™O?ú|??‹Våh?2ú|??1????; No message ; *
MHB2HC2=Uf;?™O?ú|??‹Våh?2ú|??2????; No message ; *
MHB2HC3=Uf;?™O?ú|??‹Våh?2ú|??3????; No message ; *
MHB2HC4=Uf;?™O?ú|??‹Våh?2ú|??4????; No message ; *
MHB3HC1=Uf;?™O?ú|??‹Våh?3ú|??1????; No message ; *
MHB3HC2=Uf;?™O?ú|??‹Våh?3ú|??2????; No message ; *
MHB3HC3=Uf;?™O?ú|??‹Våh?3ú|??3????; No message ; *
MHB3HC4=Uf;?™O?ú|??‹Våh?3ú|??4????; No message ; *
MHB4HC1=Uf;?™O?ú|??‹Våh?4ú|??1????; No message ; *
MHB4HC2=Uf;?™O?ú|??‹Våh?4ú|??2????; No message ; *
MHB4HC3=Uf;?™O?ú|??‹Våh?4ú|??3????; No message ; *
MHB4HC4=Uf;?™O?ú|??‹Våh?4ú|??4????; No message ; *
MHB5HC1=Uf;?™O?ú|??‹Våh?5ú|??1????; No message ; *
MHB5HC2=Uf;?™O?ú|??‹Våh?5ú|??2????; No message ; *
MHB5HC3=Uf;?™O?ú|??‹Våh?5ú|??3????; No message ; *
MHB5HC4=Uf;?™O?ú|??‹Våh?5ú|??4????; No message ; *
MHB6HC1=Uf;?™O?ú|??‹Våh?6ú|??1????; No message ; *
MHB6HC2=Uf;?™O?ú|??‹Våh?6ú|??2????; No message ; *
MHB6HC3=Uf;?™O?ú|??‹Våh?6ú|??3????; No message ; *
MHB6HC4=Uf;?™O?ú|??‹Våh?6ú|??4????; No message ; *
MHB7HC1=Uf;?™O?ú|??‹Våh?7ú|??1????; No message ; *
MHB7HC2=Uf;?™O?ú|??‹Våh?7ú|??2????; No message ; *
MHB7HC3=Uf;?™O?ú|??‹Våh?7ú|??3????; No message ; *
MHB7HC4=Uf;?™O?ú|??‹Våh?7ú|??4????; No message ; *
MHB8HC1=Uf;?™O?ú|??‹Våh?8ú|??1????; No message ; *
MHB8HC2=Uf;?™O?ú|??‹Våh?8ú|??2????; No message ; *
MHB8HC3=Uf;?™O?ú|??‹Våh?8ú|??3????; No message ; *
MHB8HC4=Uf;?™O?ú|??‹Våh?8ú|??4????; No message ; *
CAV=Ud;????(??šŞ?,?Šö???œğ,JOG???œğ); No message ; *
SLPPSENA=Md;SLP?????? ??(1)/??(0); No message ; *
CAVKDA1=Ud;??????™O ˜Ô????? 1 (????,??™O?¢); No message ; *
CAVKDA2=Ud;??????™O ˜Ô????? 2 (????,??™O?¢); No message ; *
CAVKDA3=Ud;??????™O ˜Ô????? 3 (????,??™O?¢); No message ; *
CAVKDA4=Ud;??????™O ˜Ô????? 4 (????,??™O?¢); No message ; *
CAVKDA5=Ud;??????™O ˜Ô????? 5 (????,??™O?¢); No message ; *
CAVKDA6=Ud;??????™O ˜Ô????? 6 (????,??™O?¢); No message ; *
CAVKDA7=Ud;??????™O ˜Ô????? 7 (????,??™O?¢); No message ; *
CAVKDA8=Ud;??????™O ˜Ô????? 8 (????,??™O?¢); No message ; *
CAVPSA1=Uf;??????™O????? ˜Ô????? 1 (X,Y,Z,A,B,C); No message ; *
CAVPSA2=Uf;??????™O????? ˜Ô????? 2 (X,Y,Z,A,B,C); No message ; *
CAVPSA3=Uf;??????™O????? ˜Ô????? 3 (X,Y,Z,A,B,C); No message ; *
CAVPSA4=Uf;??????™O????? ˜Ô????? 4 (X,Y,Z,A,B,C); No message ; *
CAVPSA5=Uf;??????™O????? ˜Ô????? 5 (X,Y,Z,A,B,C); No message ; *
CAVPSA6=Uf;??????™O????? ˜Ô????? 6 (X,Y,Z,A,B,C); No message ; *
CAVPSA7=Uf;??????™O????? ˜Ô????? 7 (X,Y,Z,A,B,C); No message ; *
CAVPSA8=Uf;??????™O????? ˜Ô????? 8 (X,Y,Z,A,B,C); No message ; *
CAVSZA1=Uf;??????™O??ú} ˜Ô????? 1 (H/R,L,W); No message ; *
CAVSZA2=Uf;??????™O??ú} ˜Ô????? 2 (H/R,L,W); No message ; *
CAVSZA3=Uf;??????™O??ú} ˜Ô????? 3 (H/R,L,W); No message ; *
CAVSZA4=Uf;??????™O??ú} ˜Ô????? 4 (H/R,L,W); No message ; *
CAVSZA5=Uf;??????™O??ú} ˜Ô????? 5 (H/R,L,W); No message ; *
CAVSZA6=Uf;??????™O??ú} ˜Ô????? 6 (H/R,L,W); No message ; *
CAVSZA7=Uf;??????™O??ú} ˜Ô????? 7 (H/R,L,W); No message ; *
CAVSZA8=Uf;??????™O??ú} ˜Ô????? 8 (H/R,L,W); No message ; *
CAVSCA1=Ud;??????™O???? ˜Ô????? 1 (????,????,?›??????); No message ; *
CAVSCA2=Ud;??????™O???? ˜Ô????? 2 (????,????,?›??????); No message ; *
CAVSCA3=Ud;??????™O???? ˜Ô????? 3 (????,????,?›??????); No message ; *
CAVSCA4=Ud;??????™O???? ˜Ô????? 4 (????,????,?›??????); No message ; *
CAVSCA5=Ud;??????™O???? ˜Ô????? 5 (????,????,?›??????); No message ; *
CAVSCA6=Ud;??????™O???? ˜Ô????? 6 (????,????,?›??????); No message ; *
CAVSCA7=Ud;??????™O???? ˜Ô????? 7 (????,????,?›??????); No message ; *
CAVSCA8=Ud;??????™O???? ˜Ô????? 8 (????,????,?›??????); No message ; *
RBCORD=Uf;????????(X,Y,Z,A,B,C); No message ; *
CAVAXJNO=Ud;??????????????????›º (??/?? = 0/7or8); No message ; *
SRVSIM=Ux;?åh?????åh?????; No message ; *
CORELOSS=Mf;?åh™E?šÛ????[™[]; No message ; *
CNVTYPE=Mx;???åh™E™E??; No message ; *
THWNGENC=Ud;???åh??åh™E????›Å???????; No message ; *
LDESTHND=Mg;ú|???åh™E???œä›Ššİ; No message ; *
LDESTWRK=Mg;™Råh??åh™E???œä›Ššİ; No message ; *
LDESTJS1=Mg;ú|???åh™E???œä?›¸???œ¹??åh™E?›Û??; No message ; *
LDESTJE1=Mg;ú|???åh™E???œä?›¸???œ¹??åh™E?????; No message ; *
LDESTJE2=Mg;ú|???åh™E???œä?›¸???œ¹??åh™E?????; No message ; *
LDESTCHK=Md;ú|???åh™E???œä???šŞ?; No message ; *
LDESTDBG=Mx;ú|???åh™E???œä???; No message ; *
LDESTHNO=Md;™Råh??åh™E???œä?????ú|???R?›º; No message ; *
LDESTTYP=Md;ú|???åh™E???œä?™E??; No message ; *
LDESTV01=Md;ú|???åh™E???œä??ŒŸ??‘¤???™E??Ã?åh?åh™Q??; No message ; *
LDESTV02=Md;ú|???åh™E???œä??ŒŸ??????™E??Ã?åh?åh™Q??; No message ; *
LDESTV11=Md;™Råh??åh™E???œä??ŒŸ??‘¤???™E??Ã?åh?åh™Q??; No message ; *
LDESTV12=Md;™Råh??åh™E???œä??ŒŸ??????™E??Ã?åh?åh™Q??; No message ; *
LDELNKL3=Mf;ú|???åh™E???œä??™P???‘}?(X,Y,Z)[mm]; No message ; *
LDELNKL4=Mf;ú|???åh™E???œä??™P??ŒW‘}?(X,Y,Z)[mm]; No message ; *
LDELNKL5=Mf;ú|???åh™E???œä??™P???‘}?(X,Y,Z)[mm]; No message ; *
DYNASPEC=Mx;???????›×??Š; No message ; *

